Archive member included to satisfy reference by file (symbol)

/usr/lib/gcc/arm-none-eabi/10.3.1/thumb/v6-m/nofp/libgcc.a(_dvmd_tls.o)
                              CMakeFiles/proj.dir/pico-sdk/src/rp2_common/pico_divider/divider.S.obj (__aeabi_idiv0)
/usr/lib/gcc/arm-none-eabi/10.3.1/../../../arm-none-eabi/lib/thumb/v6-m/nofp/libc.a(lib_a-atexit.o)
                              /usr/lib/gcc/arm-none-eabi/10.3.1/../../../arm-none-eabi/lib/thumb/v6-m/nofp/crt0.o (atexit)
/usr/lib/gcc/arm-none-eabi/10.3.1/../../../arm-none-eabi/lib/thumb/v6-m/nofp/libc.a(lib_a-atoi.o)
                              CMakeFiles/proj.dir/pico-sdk/lib/lwip/src/core/netif.c.obj (atoi)
/usr/lib/gcc/arm-none-eabi/10.3.1/../../../arm-none-eabi/lib/thumb/v6-m/nofp/libc.a(lib_a-calloc.o)
                              CMakeFiles/proj.dir/pico-sdk/src/rp2_common/pico_malloc/pico_malloc.c.obj (calloc)
/usr/lib/gcc/arm-none-eabi/10.3.1/../../../arm-none-eabi/lib/thumb/v6-m/nofp/libc.a(lib_a-callocr.o)
                              /usr/lib/gcc/arm-none-eabi/10.3.1/../../../arm-none-eabi/lib/thumb/v6-m/nofp/libc.a(lib_a-calloc.o) (_calloc_r)
/usr/lib/gcc/arm-none-eabi/10.3.1/../../../arm-none-eabi/lib/thumb/v6-m/nofp/libc.a(lib_a-ctype_.o)
                              CMakeFiles/proj.dir/pico-sdk/lib/lwip/src/core/dns.c.obj (_ctype_)
/usr/lib/gcc/arm-none-eabi/10.3.1/../../../arm-none-eabi/lib/thumb/v6-m/nofp/libc.a(lib_a-fini.o)
                              /usr/lib/gcc/arm-none-eabi/10.3.1/../../../arm-none-eabi/lib/thumb/v6-m/nofp/crt0.o (__libc_fini_array)
/usr/lib/gcc/arm-none-eabi/10.3.1/../../../arm-none-eabi/lib/thumb/v6-m/nofp/libc.a(lib_a-impure.o)
                              /usr/lib/gcc/arm-none-eabi/10.3.1/../../../arm-none-eabi/lib/thumb/v6-m/nofp/libc.a(lib_a-calloc.o) (_impure_ptr)
/usr/lib/gcc/arm-none-eabi/10.3.1/../../../arm-none-eabi/lib/thumb/v6-m/nofp/libc.a(lib_a-init.o)
                              /usr/lib/gcc/arm-none-eabi/10.3.1/../../../arm-none-eabi/lib/thumb/v6-m/nofp/crt0.o (__libc_init_array)
/usr/lib/gcc/arm-none-eabi/10.3.1/../../../arm-none-eabi/lib/thumb/v6-m/nofp/libc.a(lib_a-malloc.o)
                              CMakeFiles/proj.dir/pico-sdk/src/rp2_common/pico_malloc/pico_malloc.c.obj (malloc)
/usr/lib/gcc/arm-none-eabi/10.3.1/../../../arm-none-eabi/lib/thumb/v6-m/nofp/libc.a(lib_a-mallocr.o)
                              /usr/lib/gcc/arm-none-eabi/10.3.1/../../../arm-none-eabi/lib/thumb/v6-m/nofp/libc.a(lib_a-callocr.o) (_malloc_r)
/usr/lib/gcc/arm-none-eabi/10.3.1/../../../arm-none-eabi/lib/thumb/v6-m/nofp/libc.a(lib_a-memcmp.o)
                              CMakeFiles/proj.dir/pico-sdk/lib/lwip/src/netif/ethernet.c.obj (memcmp)
/usr/lib/gcc/arm-none-eabi/10.3.1/../../../arm-none-eabi/lib/thumb/v6-m/nofp/libc.a(lib_a-memmove.o)
                              CMakeFiles/proj.dir/pico-sdk/lib/cyw43-driver/src/cyw43_ll.c.obj (memmove)
/usr/lib/gcc/arm-none-eabi/10.3.1/../../../arm-none-eabi/lib/thumb/v6-m/nofp/libc.a(lib_a-mlock.o)
                              /usr/lib/gcc/arm-none-eabi/10.3.1/../../../arm-none-eabi/lib/thumb/v6-m/nofp/libc.a(lib_a-mallocr.o) (__malloc_lock)
/usr/lib/gcc/arm-none-eabi/10.3.1/../../../arm-none-eabi/lib/thumb/v6-m/nofp/libc.a(lib_a-realloc.o)
                              CMakeFiles/proj.dir/pico-sdk/src/rp2_common/pico_malloc/pico_malloc.c.obj (realloc)
/usr/lib/gcc/arm-none-eabi/10.3.1/../../../arm-none-eabi/lib/thumb/v6-m/nofp/libc.a(lib_a-reallocr.o)
                              /usr/lib/gcc/arm-none-eabi/10.3.1/../../../arm-none-eabi/lib/thumb/v6-m/nofp/libc.a(lib_a-realloc.o) (_realloc_r)
/usr/lib/gcc/arm-none-eabi/10.3.1/../../../arm-none-eabi/lib/thumb/v6-m/nofp/libc.a(lib_a-sbrkr.o)
                              /usr/lib/gcc/arm-none-eabi/10.3.1/../../../arm-none-eabi/lib/thumb/v6-m/nofp/libc.a(lib_a-mallocr.o) (_sbrk_r)
/usr/lib/gcc/arm-none-eabi/10.3.1/../../../arm-none-eabi/lib/thumb/v6-m/nofp/libc.a(lib_a-strcmp.o)
                              CMakeFiles/proj.dir/src/proj_mqtt.c.obj (strcmp)
/usr/lib/gcc/arm-none-eabi/10.3.1/../../../arm-none-eabi/lib/thumb/v6-m/nofp/libc.a(lib_a-strlen-stub.o)
                              CMakeFiles/proj.dir/main.c.obj (strlen)
/usr/lib/gcc/arm-none-eabi/10.3.1/../../../arm-none-eabi/lib/thumb/v6-m/nofp/libc.a(lib_a-strncmp.o)
                              CMakeFiles/proj.dir/pico-sdk/lib/cyw43-driver/src/cyw43_ll.c.obj (strncmp)
/usr/lib/gcc/arm-none-eabi/10.3.1/../../../arm-none-eabi/lib/thumb/v6-m/nofp/libc.a(lib_a-strtol.o)
                              /usr/lib/gcc/arm-none-eabi/10.3.1/../../../arm-none-eabi/lib/thumb/v6-m/nofp/libc.a(lib_a-atoi.o) (_strtol_r)
/usr/lib/gcc/arm-none-eabi/10.3.1/../../../arm-none-eabi/lib/thumb/v6-m/nofp/libc.a(lib_a-__atexit.o)
                              /usr/lib/gcc/arm-none-eabi/10.3.1/../../../arm-none-eabi/lib/thumb/v6-m/nofp/libc.a(lib_a-atexit.o) (__register_exitproc)
/usr/lib/gcc/arm-none-eabi/10.3.1/../../../arm-none-eabi/lib/thumb/v6-m/nofp/libc.a(lib_a-errno.o)
[...]
Memory Configuration

Name             Origin             Length             Attributes
FLASH            0x0000000010000000 0x0000000000200000 xr
RAM              0x0000000020000000 0x0000000000040000 xrw
SCRATCH_X        0x0000000020040000 0x0000000000001000 xrw
SCRATCH_Y        0x0000000020041000 0x0000000000001000 xrw
*default*        0x0000000000000000 0xffffffffffffffff

Linker script and memory map

LOAD /usr/lib/gcc/arm-none-eabi/10.3.1/thumb/v6-m/nofp/crti.o
LOAD /usr/lib/gcc/arm-none-eabi/10.3.1/thumb/v6-m/nofp/crtbegin.o
LOAD /usr/lib/gcc/arm-none-eabi/10.3.1/../../../arm-none-eabi/lib/thumb/v6-m/nofp/crt0.o

.flash_begin    0x0000000010000000        0x0
                0x0000000010000000                __flash_binary_start = .

.boot2          0x0000000010000000      0x100
                0x0000000010000000                __boot2_start__ = .
 *(.boot2)
 .boot2         0x0000000010000000      0x100 /tmp/ccxVN3LJ.o
                0x0000000010000100                __boot2_end__ = .
                0x0000000000000001                ASSERT (((__boot2_end__ - __boot2_start__) == 0x100), ERROR: Pico second stage bootloader must be 256 bytes in size)

.text           0x0000000010000100    0x19778
                0x0000000010000100                __logical_binary_start = .
 *(.vectors)
 .vectors       0x0000000010000100       0xd4 CMakeFiles/proj.dir/pico-sdk/src/rp2_common/pico_standard_link/crt0.S.obj
                0x0000000010000100                __vectors
                0x0000000010000100                __VECTOR_TABLE
                0x00000000100001c0                isr_invalid
                0x00000000100001c0                __default_isrs_start
                0x00000000100001c2                isr_nmi
                0x00000000100001c4                isr_hardfault
                0x00000000100001c6                isr_svcall
                0x00000000100001c8                isr_pendsv
                0x00000000100001ca                isr_systick
                0x00000000100001cc                isr_irq30
                0x00000000100001cc                __unhandled_user_irq
                0x00000000100001cc                isr_irq13
                0x00000000100001cc                isr_irq27
                0x00000000100001cc                isr_irq31
                0x00000000100001cc                isr_irq5
                0x00000000100001cc                isr_irq11
                0x00000000100001cc                isr_irq23
                0x00000000100001cc                isr_irq18
                0x00000000100001cc                isr_irq28
                0x00000000100001cc                isr_irq19
                0x00000000100001cc                isr_irq0
                0x00000000100001cc                isr_irq6
                0x00000000100001cc                isr_irq22
                0x00000000100001cc                isr_irq17
                0x00000000100001cc                isr_irq14
                0x00000000100001cc                isr_irq2
                0x00000000100001cc                isr_irq10
                0x00000000100001cc                isr_irq8
                0x00000000100001cc                isr_irq24
                0x00000000100001cc                isr_irq1
                0x00000000100001cc                isr_irq7
                0x00000000100001cc                isr_irq21
                0x00000000100001cc                isr_irq20
                0x00000000100001cc                isr_irq15
                0x00000000100001cc                isr_irq25
                0x00000000100001cc                isr_irq4
                0x00000000100001cc                isr_irq16
                0x00000000100001cc                isr_irq29
                0x00000000100001cc                isr_irq26
                0x00000000100001cc                __default_isrs_end
                0x00000000100001cc                isr_irq3
                0x00000000100001cc                isr_irq12
                0x00000000100001cc                isr_irq9
                0x00000000100001d2                unhandled_user_irq_num_in_r0
 *(.binary_info_header)
 .binary_info_header
                0x00000000100001d4       0x14 CMakeFiles/proj.dir/pico-sdk/src/rp2_common/pico_standard_link/crt0.S.obj
                0x00000000100001e8                __binary_info_header_end = .
 *(.reset)
 .reset         0x00000000100001e8       0xa8 CMakeFiles/proj.dir/pico-sdk/src/rp2_common/pico_standard_link/crt0.S.obj
                0x00000000100001e8                _entry_point
                0x0000000010000266                __get_current_exception
 .reset         0x0000000010000290       0x30 CMakeFiles/proj.dir/pico-sdk/src/rp2_common/pico_standard_link/binary_info.c.obj
 *(.init)
 .init          0x00000000100002c0        0x4 /usr/lib/gcc/arm-none-eabi/10.3.1/thumb/v6-m/nofp/crti.o
                0x00000000100002c0                _init
 *(EXCLUDE_FILE(*libm.a: *libc.a:*lib_a-mem*.o *libgcc.a:) .text*)
 .text          0x00000000100002c4       0x98 /usr/lib/gcc/arm-none-eabi/10.3.1/thumb/v6-m/nofp/crtbegin.o
 .text.startup.main
                0x000000001000035c      0x238 CMakeFiles/proj.dir/main.c.obj
                0x000000001000035c                main
 .text.getTempAndHumidityData
                0x0000000010000594       0xd4 CMakeFiles/proj.dir/src/temp_h.c.obj
                0x0000000010000594                getTempAndHumidityData
 .text.ssd1306_draw_char_with_font.part.0
                0x0000000010000668      0x10c CMakeFiles/proj.dir/src/ssd1306.c.obj
 .text.ssd1306_init
                0x0000000010000774      0x14c CMakeFiles/proj.dir/src/ssd1306.c.obj
                0x0000000010000774                ssd1306_init
 .text.ssd1306_contrast
                0x00000000100008c0       0x7c CMakeFiles/proj.dir/src/ssd1306.c.obj
                0x00000000100008c0                ssd1306_contrast
 .text.ssd1306_clear
                0x000000001000093c       0x10 CMakeFiles/proj.dir/src/ssd1306.c.obj
                0x000000001000093c                ssd1306_clear
 .text.ssd1306_draw_string
                0x000000001000094c       0x64 CMakeFiles/proj.dir/src/ssd1306.c.obj
                0x000000001000094c                ssd1306_draw_string
 .text.ssd1306_show
                0x00000000100009b0       0xd0 CMakeFiles/proj.dir/src/ssd1306.c.obj
                0x00000000100009b0                ssd1306_show
 .text.getI2cInit
                0x0000000010000a80       0x38 CMakeFiles/proj.dir/src/oled.c.obj
                0x0000000010000a80                getI2cInit
 .text.initOled
                0x0000000010000ab8       0x34 CMakeFiles/proj.dir/src/oled.c.obj
                0x0000000010000ab8                initOled
 .text.oledClean
                0x0000000010000aec       0x10 CMakeFiles/proj.dir/src/oled.c.obj
                0x0000000010000aec                oledClean
 .text.printIntoStrDeg
                0x0000000010000afc       0x24 CMakeFiles/proj.dir/src/oled.c.obj
                0x0000000010000afc                printIntoStrDeg
 .text.printIntoStrHum
                0x0000000010000b20       0x24 CMakeFiles/proj.dir/src/oled.c.obj
                0x0000000010000b20                printIntoStrHum
 .text.oledDisplay
                0x0000000010000b44       0x1c CMakeFiles/proj.dir/src/oled.c.obj
                0x0000000010000b44                oledDisplay
 .text.oledShow
                0x0000000010000b60       0x10 CMakeFiles/proj.dir/src/oled.c.obj
                0x0000000010000b60                oledShow
 .text.getCm    0x0000000010000b70       0x9c CMakeFiles/proj.dir/src/ultrasonic.c.obj
                0x0000000010000b70                getCm
 .text.mqtt_sub_request_cb
                0x0000000010000c0c       0x10 CMakeFiles/proj.dir/src/proj_mqtt.c.obj
                0x0000000010000c0c                mqtt_sub_request_cb
 .text.mqtt_incoming_publish_cb
                0x0000000010000c1c       0x34 CMakeFiles/proj.dir/src/proj_mqtt.c.obj
                0x0000000010000c1c                mqtt_incoming_publish_cb
 .text.mqtt_incoming_data_cb
                0x0000000010000c50       0x58 CMakeFiles/proj.dir/src/proj_mqtt.c.obj
                0x0000000010000c50                mqtt_incoming_data_cb
 .text.mqtt_connect_cb
                0x0000000010000ca8       0xb0 CMakeFiles/proj.dir/src/proj_mqtt.c.obj
                0x0000000010000ca8                mqtt_connect_cb
 .text.mqtt_connect
                0x0000000010000d58       0x54 CMakeFiles/proj.dir/src/proj_mqtt.c.obj
                0x0000000010000d58                mqtt_connect
 .text.mqtt_pub_request_cb
                0x0000000010000dac       0x14 CMakeFiles/proj.dir/src/proj_mqtt.c.obj
                0x0000000010000dac                mqtt_pub_request_cb
 .text.mqtt_output_send
                0x0000000010000dc0       0xcc CMakeFiles/proj.dir/pico-sdk/lib/lwip/src/apps/mqtt/mqtt.c.obj
 .text.mqtt_close
                0x0000000010000e8c       0x70 CMakeFiles/proj.dir/pico-sdk/lib/lwip/src/apps/mqtt/mqtt.c.obj
 .text.mqtt_cyclic_timer
                0x0000000010000efc      0x128 CMakeFiles/proj.dir/pico-sdk/lib/lwip/src/apps/mqtt/mqtt.c.obj
 .text.mqtt_tcp_sent_cb
                0x0000000010001024       0x70 CMakeFiles/proj.dir/pico-sdk/lib/lwip/src/apps/mqtt/mqtt.c.obj
 .text.pub_ack_rec_rel_response.isra.0
                0x0000000010001094       0xa8 CMakeFiles/proj.dir/pico-sdk/lib/lwip/src/apps/mqtt/mqtt.c.obj
 .text.mqtt_message_received
                0x000000001000113c      0x21c CMakeFiles/proj.dir/pico-sdk/lib/lwip/src/apps/mqtt/mqtt.c.obj
 .text.mqtt_tcp_recv_cb
                0x0000000010001358      0x19c CMakeFiles/proj.dir/pico-sdk/lib/lwip/src/apps/mqtt/mqtt.c.obj
 .text.mqtt_tcp_err_cb
                0x00000000100014f4       0x44 CMakeFiles/proj.dir/pico-sdk/lib/lwip/src/apps/mqtt/mqtt.c.obj
 .text.mqtt_tcp_connect_cb
                0x0000000010001538      0x138 CMakeFiles/proj.dir/pico-sdk/lib/lwip/src/apps/mqtt/mqtt.c.obj
 .text.mqtt_tcp_poll_cb
                0x0000000010001670       0xf4 CMakeFiles/proj.dir/pico-sdk/lib/lwip/src/apps/mqtt/mqtt.c.obj
 .text.mqtt_publish
                0x0000000010001764      0x2f4 CMakeFiles/proj.dir/pico-sdk/lib/lwip/src/apps/mqtt/mqtt.c.obj
                0x0000000010001764                mqtt_publish
 .text.mqtt_sub_unsub
                0x0000000010001a58      0x294 CMakeFiles/proj.dir/pico-sdk/lib/lwip/src/apps/mqtt/mqtt.c.obj
                0x0000000010001a58                mqtt_sub_unsub
 .text.mqtt_set_inpub_callback
                0x0000000010001cec        0x8 CMakeFiles/proj.dir/pico-sdk/lib/lwip/src/apps/mqtt/mqtt.c.obj
                0x0000000010001cec                mqtt_set_inpub_callback
 .text.mqtt_client_new
                0x0000000010001cf4       0x10 CMakeFiles/proj.dir/pico-sdk/lib/lwip/src/apps/mqtt/mqtt.c.obj
                0x0000000010001cf4                mqtt_client_new
 .text.mqtt_client_connect
                0x0000000010001d04      0x698 CMakeFiles/proj.dir/pico-sdk/lib/lwip/src/apps/mqtt/mqtt.c.obj
                0x0000000010001d04                mqtt_client_connect
 .text.mqtt_client_is_connected
                0x000000001000239c        0xc CMakeFiles/proj.dir/pico-sdk/lib/lwip/src/apps/mqtt/mqtt.c.obj
                0x000000001000239c                mqtt_client_is_connected
 .text.cyw43_arch_enable_sta_mode
                0x00000000100023a8       0x1c CMakeFiles/proj.dir/pico-sdk/src/rp2_common/pico_cyw43_arch/cyw43_arch.c.obj
                0x00000000100023a8                cyw43_arch_enable_sta_mode
 .text.cyw43_arch_wifi_connect_timeout_ms
                0x00000000100023c4       0xe8 CMakeFiles/proj.dir/pico-sdk/src/rp2_common/pico_cyw43_arch/cyw43_arch.c.obj
                0x00000000100023c4                cyw43_arch_wifi_connect_timeout_ms
 .text.cyw43_hal_generate_laa_mac
                0x00000000100024ac       0x28 CMakeFiles/proj.dir/pico-sdk/src/rp2_common/pico_cyw43_arch/cyw43_arch.c.obj
                0x00000000100024ac                cyw43_hal_generate_laa_mac
 .text.cyw43_hal_get_mac
                0x00000000100024d4       0x1c CMakeFiles/proj.dir/pico-sdk/src/rp2_common/pico_cyw43_arch/cyw43_arch.c.obj
                0x00000000100024d4                cyw43_hal_get_mac
 .text.cyw43_arch_gpio_put
                0x00000000100024f0       0x14 CMakeFiles/proj.dir/pico-sdk/src/rp2_common/pico_cyw43_arch/cyw43_arch.c.obj
                0x00000000100024f0                cyw43_arch_gpio_put
 .text.low_priority_irq_handler
                0x0000000010002504       0x4c CMakeFiles/proj.dir/pico-sdk/src/rp2_common/pico_cyw43_arch/cyw43_arch_threadsafe_background.c.obj
 .text.periodic_worker
                0x0000000010002550       0x70 CMakeFiles/proj.dir/pico-sdk/src/rp2_common/pico_cyw43_arch/cyw43_arch_threadsafe_background.c.obj
 .text.periodic_alarm_handler
                0x00000000100025c0       0x58 CMakeFiles/proj.dir/pico-sdk/src/rp2_common/pico_cyw43_arch/cyw43_arch_threadsafe_background.c.obj
 .text.gpio_irq_handler
                0x0000000010002618       0x90 CMakeFiles/proj.dir/pico-sdk/src/rp2_common/pico_cyw43_arch/cyw43_arch_threadsafe_background.c.obj
 .text.cyw43_await_background_or_timeout_us
                0x00000000100026a8       0x1c CMakeFiles/proj.dir/pico-sdk/src/rp2_common/pico_cyw43_arch/cyw43_arch_threadsafe_background.c.obj
                0x00000000100026a8                cyw43_await_background_or_timeout_us
 .text.cyw43_arch_init
                0x00000000100026c4      0x134 CMakeFiles/proj.dir/pico-sdk/src/rp2_common/pico_cyw43_arch/cyw43_arch_threadsafe_background.c.obj
                0x00000000100026c4                cyw43_arch_init
 .text.cyw43_post_poll_hook
                0x00000000100027f8       0x10 CMakeFiles/proj.dir/pico-sdk/src/rp2_common/pico_cyw43_arch/cyw43_arch_threadsafe_background.c.obj
                0x00000000100027f8                cyw43_post_poll_hook
 .text.cyw43_schedule_internal_poll_dispatch
                0x0000000010002808       0x4c CMakeFiles/proj.dir/pico-sdk/src/rp2_common/pico_cyw43_arch/cyw43_arch_threadsafe_background.c.obj
                0x0000000010002808                cyw43_schedule_internal_poll_dispatch
 .text.cyw43_thread_enter
                0x0000000010002854       0x10 CMakeFiles/proj.dir/pico-sdk/src/rp2_common/pico_cyw43_arch/cyw43_arch_threadsafe_background.c.obj
                0x0000000010002854                cyw43_thread_enter
 .text.cyw43_thread_exit
                0x0000000010002864       0x6c CMakeFiles/proj.dir/pico-sdk/src/rp2_common/pico_cyw43_arch/cyw43_arch_threadsafe_background.c.obj
                0x0000000010002864                cyw43_thread_exit
 .text.cyw43_delay_ms
                0x00000000100028d0       0x50 CMakeFiles/proj.dir/pico-sdk/src/rp2_common/pico_cyw43_arch/cyw43_arch_threadsafe_background.c.obj
                0x00000000100028d0                cyw43_delay_ms
 .text.cyw43_delay_us
                0x0000000010002920       0x44 CMakeFiles/proj.dir/pico-sdk/src/rp2_common/pico_cyw43_arch/cyw43_arch_threadsafe_background.c.obj
                0x0000000010002920                cyw43_delay_us
 .text.cyw43_arch_poll
                0x0000000010002964        0x4 CMakeFiles/proj.dir/pico-sdk/src/rp2_common/pico_cyw43_arch/cyw43_arch_threadsafe_background.c.obj
                0x0000000010002964                cyw43_arch_poll
 .text.startup._retrieve_unique_id_on_boot
                0x0000000010002968       0x10 CMakeFiles/proj.dir/pico-sdk/src/rp2_common/pico_unique_id/unique_id.c.obj
 .text.pico_get_unique_board_id
                0x0000000010002978       0x10 CMakeFiles/proj.dir/pico-sdk/src/rp2_common/pico_unique_id/unique_id.c.obj
                0x0000000010002978                pico_get_unique_board_id
 .text.pico_get_unique_board_id_string
                0x0000000010002988      0x1a8 CMakeFiles/proj.dir/pico-sdk/src/rp2_common/pico_unique_id/unique_id.c.obj
                0x0000000010002988                pico_get_unique_board_id_string
 .text.flash_get_unique_id
                0x0000000010002b30       0x40 CMakeFiles/proj.dir/pico-sdk/src/rp2_common/hardware_flash/flash.c.obj
                0x0000000010002b30                flash_get_unique_id
 .text.hw_claim_lock
                0x0000000010002b70       0x18 CMakeFiles/proj.dir/pico-sdk/src/rp2_common/hardware_claim/claim.c.obj
                0x0000000010002b70                hw_claim_lock
 .text.hw_claim_unlock
                0x0000000010002b88       0x14 CMakeFiles/proj.dir/pico-sdk/src/rp2_common/hardware_claim/claim.c.obj
                0x0000000010002b88                hw_claim_unlock
 .text.hw_claim_or_assert
                0x0000000010002b9c       0x44 CMakeFiles/proj.dir/pico-sdk/src/rp2_common/hardware_claim/claim.c.obj
                0x0000000010002b9c                hw_claim_or_assert
 .text.hw_claim_unused_from_range
                0x0000000010002be0       0x9c CMakeFiles/proj.dir/pico-sdk/src/rp2_common/hardware_claim/claim.c.obj
                0x0000000010002be0                hw_claim_unused_from_range
 .text.hw_claim_clear
                0x0000000010002c7c       0x38 CMakeFiles/proj.dir/pico-sdk/src/rp2_common/hardware_claim/claim.c.obj
                0x0000000010002c7c                hw_claim_clear
 .text.running_on_fpga
                0x0000000010002cb4       0x10 CMakeFiles/proj.dir/pico-sdk/src/rp2_common/pico_platform/platform.c.obj
                0x0000000010002cb4                running_on_fpga
 .text.spin_locks_reset
                0x0000000010002cc4       0x1c CMakeFiles/proj.dir/pico-sdk/src/rp2_common/hardware_sync/sync.c.obj
                0x0000000010002cc4                spin_locks_reset
 .text.next_striped_spin_lock_num
                0x0000000010002ce0       0x18 CMakeFiles/proj.dir/pico-sdk/src/rp2_common/hardware_sync/sync.c.obj
                0x0000000010002ce0                next_striped_spin_lock_num
 .text.spin_lock_claim_unused
                0x0000000010002cf8       0x20 CMakeFiles/proj.dir/pico-sdk/src/rp2_common/hardware_sync/sync.c.obj
                0x0000000010002cf8                spin_lock_claim_unused
 .text.rom_func_lookup
                0x0000000010002d18       0x10 CMakeFiles/proj.dir/pico-sdk/src/rp2_common/pico_bootrom/bootrom.c.obj
                0x0000000010002d18                rom_func_lookup
 .text.rom_data_lookup
                0x0000000010002d28       0x10 CMakeFiles/proj.dir/pico-sdk/src/rp2_common/pico_bootrom/bootrom.c.obj
                0x0000000010002d28                rom_data_lookup
 .text.rom_funcs_lookup
                0x0000000010002d38       0x44 CMakeFiles/proj.dir/pico-sdk/src/rp2_common/pico_bootrom/bootrom.c.obj
                0x0000000010002d38                rom_funcs_lookup
 .text.ns_delay.constprop.0
                0x0000000010002d7c       0x20 CMakeFiles/proj.dir/pico-sdk/src/rp2_common/cyw43_driver/cyw43_bus_pio_spi.c.obj
 .text.cyw43_spi_init
                0x0000000010002d9c      0x1c8 CMakeFiles/proj.dir/pico-sdk/src/rp2_common/cyw43_driver/cyw43_bus_pio_spi.c.obj
                0x0000000010002d9c                cyw43_spi_init
 .text.cyw43_spi_transfer
                0x0000000010002f64      0x3ac CMakeFiles/proj.dir/pico-sdk/src/rp2_common/cyw43_driver/cyw43_bus_pio_spi.c.obj
                0x0000000010002f64                cyw43_spi_transfer
 .text.cyw43_spi_gpio_setup
                0x0000000010003310       0x3c CMakeFiles/proj.dir/pico-sdk/src/rp2_common/cyw43_driver/cyw43_bus_pio_spi.c.obj
                0x0000000010003310                cyw43_spi_gpio_setup
 .text.cyw43_spi_reset
                0x000000001000334c       0x28 CMakeFiles/proj.dir/pico-sdk/src/rp2_common/cyw43_driver/cyw43_bus_pio_spi.c.obj
                0x000000001000334c                cyw43_spi_reset
 .text.read_reg_u32_swap
                0x0000000010003374       0x3c CMakeFiles/proj.dir/pico-sdk/src/rp2_common/cyw43_driver/cyw43_bus_pio_spi.c.obj
                0x0000000010003374                read_reg_u32_swap
 .text.cyw43_read_reg_u32
                0x00000000100033b0       0x6c CMakeFiles/proj.dir/pico-sdk/src/rp2_common/cyw43_driver/cyw43_bus_pio_spi.c.obj
                0x00000000100033b0                cyw43_read_reg_u32
 .text.cyw43_read_reg_u16
                0x000000001000341c       0x6c CMakeFiles/proj.dir/pico-sdk/src/rp2_common/cyw43_driver/cyw43_bus_pio_spi.c.obj
                0x000000001000341c                cyw43_read_reg_u16
 .text.cyw43_read_reg_u8
                0x0000000010003488       0x6c CMakeFiles/proj.dir/pico-sdk/src/rp2_common/cyw43_driver/cyw43_bus_pio_spi.c.obj
                0x0000000010003488                cyw43_read_reg_u8
 .text.write_reg_u32_swap
                0x00000000100034f4      0x1c4 CMakeFiles/proj.dir/pico-sdk/src/rp2_common/cyw43_driver/cyw43_bus_pio_spi.c.obj
                0x00000000100034f4                write_reg_u32_swap
 .text.cyw43_write_reg_u32
                0x00000000100036b8      0x1e8 CMakeFiles/proj.dir/pico-sdk/src/rp2_common/cyw43_driver/cyw43_bus_pio_spi.c.obj
                0x00000000100036b8                cyw43_write_reg_u32
 .text.cyw43_write_reg_u16
                0x00000000100038a0      0x1e8 CMakeFiles/proj.dir/pico-sdk/src/rp2_common/cyw43_driver/cyw43_bus_pio_spi.c.obj
                0x00000000100038a0                cyw43_write_reg_u16
 .text.cyw43_write_reg_u8
                0x0000000010003a88      0x1e8 CMakeFiles/proj.dir/pico-sdk/src/rp2_common/cyw43_driver/cyw43_bus_pio_spi.c.obj
                0x0000000010003a88                cyw43_write_reg_u8
 .text.cyw43_read_bytes
                0x0000000010003c70       0x8c CMakeFiles/proj.dir/pico-sdk/src/rp2_common/cyw43_driver/cyw43_bus_pio_spi.c.obj
                0x0000000010003c70                cyw43_read_bytes
 .text.cyw43_write_bytes
                0x0000000010003cfc       0xd8 CMakeFiles/proj.dir/pico-sdk/src/rp2_common/cyw43_driver/cyw43_bus_pio_spi.c.obj
                0x0000000010003cfc                cyw43_write_bytes
 .text.cyw43_set_backplane_window
                0x0000000010003dd4       0x64 CMakeFiles/proj.dir/pico-sdk/lib/cyw43-driver/src/cyw43_ll.c.obj
 .text.cyw43_ll_parse_async_event
                0x0000000010003e38      0x13c CMakeFiles/proj.dir/pico-sdk/lib/cyw43-driver/src/cyw43_ll.c.obj
 .text.cyw43_kso_set
                0x0000000010003f74       0xa0 CMakeFiles/proj.dir/pico-sdk/lib/cyw43-driver/src/cyw43_ll.c.obj
 .text.cyw43_ll_sdpcm_poll_device
                0x0000000010004014      0x244 CMakeFiles/proj.dir/pico-sdk/lib/cyw43-driver/src/cyw43_ll.c.obj
 .text.cyw43_sdpcm_send_common
                0x0000000010004258       0xf0 CMakeFiles/proj.dir/pico-sdk/lib/cyw43-driver/src/cyw43_ll.c.obj
 .text.cyw43_do_ioctl
                0x0000000010004348      0x110 CMakeFiles/proj.dir/pico-sdk/lib/cyw43-driver/src/cyw43_ll.c.obj
 .text.cyw43_do_ioctl.constprop.0
                0x0000000010004458      0x108 CMakeFiles/proj.dir/pico-sdk/lib/cyw43-driver/src/cyw43_ll.c.obj
 .text.reset_device_core.constprop.0
                0x0000000010004560      0x3f0 CMakeFiles/proj.dir/pico-sdk/lib/cyw43-driver/src/cyw43_ll.c.obj
 .text.cyw43_ll_init
                0x0000000010004950       0x18 CMakeFiles/proj.dir/pico-sdk/lib/cyw43-driver/src/cyw43_ll.c.obj
                0x0000000010004950                cyw43_ll_init
 .text.cyw43_ll_send_ethernet
                0x0000000010004968       0x60 CMakeFiles/proj.dir/pico-sdk/lib/cyw43-driver/src/cyw43_ll.c.obj
                0x0000000010004968                cyw43_ll_send_ethernet
 .text.cyw43_ll_process_packets
                0x00000000100049c8       0x68 CMakeFiles/proj.dir/pico-sdk/lib/cyw43-driver/src/cyw43_ll.c.obj
                0x00000000100049c8                cyw43_ll_process_packets
 .text.cyw43_ll_ioctl
                0x0000000010004a30       0x20 CMakeFiles/proj.dir/pico-sdk/lib/cyw43-driver/src/cyw43_ll.c.obj
                0x0000000010004a30                cyw43_ll_ioctl
 .text.cyw43_ll_bus_sleep
                0x0000000010004a50       0x34 CMakeFiles/proj.dir/pico-sdk/lib/cyw43-driver/src/cyw43_ll.c.obj
                0x0000000010004a50                cyw43_ll_bus_sleep
 .text.cyw43_ll_bus_init
                0x0000000010004a84      0xcb8 CMakeFiles/proj.dir/pico-sdk/lib/cyw43-driver/src/cyw43_ll.c.obj
                0x0000000010004a84                cyw43_ll_bus_init
 .text.cyw43_ll_wifi_on
                0x000000001000573c      0x2ac CMakeFiles/proj.dir/pico-sdk/lib/cyw43-driver/src/cyw43_ll.c.obj
                0x000000001000573c                cyw43_ll_wifi_on
 .text.cyw43_ll_wifi_get_mac
                0x00000000100059e8       0x44 CMakeFiles/proj.dir/pico-sdk/lib/cyw43-driver/src/cyw43_ll.c.obj
                0x00000000100059e8                cyw43_ll_wifi_get_mac
 .text.cyw43_ll_wifi_pm
                0x0000000010005a2c      0x194 CMakeFiles/proj.dir/pico-sdk/lib/cyw43-driver/src/cyw43_ll.c.obj
                0x0000000010005a2c                cyw43_ll_wifi_pm
 .text.cyw43_ll_wifi_join
                0x0000000010005bc0      0x308 CMakeFiles/proj.dir/pico-sdk/lib/cyw43-driver/src/cyw43_ll.c.obj
                0x0000000010005bc0                cyw43_ll_wifi_join
 .text.cyw43_ll_wifi_set_wpa_auth
                0x0000000010005ec8       0x2c CMakeFiles/proj.dir/pico-sdk/lib/cyw43-driver/src/cyw43_ll.c.obj
                0x0000000010005ec8                cyw43_ll_wifi_set_wpa_auth
 .text.cyw43_ll_wifi_rejoin
                0x0000000010005ef4       0x1c CMakeFiles/proj.dir/pico-sdk/lib/cyw43-driver/src/cyw43_ll.c.obj
                0x0000000010005ef4                cyw43_ll_wifi_rejoin
 .text.cyw43_ll_wifi_ap_init
                0x0000000010005f10      0x2c4 CMakeFiles/proj.dir/pico-sdk/lib/cyw43-driver/src/cyw43_ll.c.obj
                0x0000000010005f10                cyw43_ll_wifi_ap_init
 .text.cyw43_ll_wifi_ap_set_up
                0x00000000100061d4       0x54 CMakeFiles/proj.dir/pico-sdk/lib/cyw43-driver/src/cyw43_ll.c.obj
                0x00000000100061d4                cyw43_ll_wifi_ap_set_up
 .text.cyw43_ll_gpio_set
                0x0000000010006228       0x6c CMakeFiles/proj.dir/pico-sdk/lib/cyw43-driver/src/cyw43_ll.c.obj
                0x0000000010006228                cyw43_ll_gpio_set
 .text.cyw43_ll_has_work
                0x0000000010006294       0x14 CMakeFiles/proj.dir/pico-sdk/lib/cyw43-driver/src/cyw43_ll.c.obj
                0x0000000010006294                cyw43_ll_has_work
 .text.cyw43_netif_init
                0x00000000100062a8       0x3c CMakeFiles/proj.dir/pico-sdk/lib/cyw43-driver/src/cyw43_lwip.c.obj
 .text.cyw43_netif_output
                0x00000000100062e4       0x34 CMakeFiles/proj.dir/pico-sdk/lib/cyw43-driver/src/cyw43_lwip.c.obj
 .text.cyw43_cb_tcpip_init
                0x0000000010006318       0xfc CMakeFiles/proj.dir/pico-sdk/lib/cyw43-driver/src/cyw43_lwip.c.obj
                0x0000000010006318                cyw43_cb_tcpip_init
 .text.cyw43_cb_tcpip_deinit
                0x0000000010006414       0x4c CMakeFiles/proj.dir/pico-sdk/lib/cyw43-driver/src/cyw43_lwip.c.obj
                0x0000000010006414                cyw43_cb_tcpip_deinit
 .text.cyw43_cb_process_ethernet
                0x0000000010006460       0x68 CMakeFiles/proj.dir/pico-sdk/lib/cyw43-driver/src/cyw43_lwip.c.obj
                0x0000000010006460                cyw43_cb_process_ethernet
 .text.cyw43_cb_tcpip_set_link_up
                0x00000000100064c8       0x18 CMakeFiles/proj.dir/pico-sdk/lib/cyw43-driver/src/cyw43_lwip.c.obj
                0x00000000100064c8                cyw43_cb_tcpip_set_link_up
 .text.cyw43_cb_tcpip_set_link_down
                0x00000000100064e0       0x18 CMakeFiles/proj.dir/pico-sdk/lib/cyw43-driver/src/cyw43_lwip.c.obj
                0x00000000100064e0                cyw43_cb_tcpip_set_link_down
 .text.cyw43_tcpip_link_status
                0x00000000100064f8       0x34 CMakeFiles/proj.dir/pico-sdk/lib/cyw43-driver/src/cyw43_lwip.c.obj
                0x00000000100064f8                cyw43_tcpip_link_status
 .text.cyw43_poll_func
                0x000000001000652c       0xbc CMakeFiles/proj.dir/pico-sdk/lib/cyw43-driver/src/cyw43_ctrl.c.obj
 .text.cyw43_init
                0x00000000100065e8       0x6c CMakeFiles/proj.dir/pico-sdk/lib/cyw43-driver/src/cyw43_ctrl.c.obj
                0x00000000100065e8                cyw43_init
 .text.cyw43_cb_read_host_interrupt_pin
                0x0000000010006654        0xc CMakeFiles/proj.dir/pico-sdk/lib/cyw43-driver/src/cyw43_ctrl.c.obj
                0x0000000010006654                cyw43_cb_read_host_interrupt_pin
 .text.cyw43_cb_ensure_awake
                0x0000000010006660        0xc CMakeFiles/proj.dir/pico-sdk/lib/cyw43-driver/src/cyw43_ctrl.c.obj
                0x0000000010006660                cyw43_cb_ensure_awake
 .text.cyw43_cb_process_async_event
                0x000000001000666c      0x238 CMakeFiles/proj.dir/pico-sdk/lib/cyw43-driver/src/cyw43_ctrl.c.obj
                0x000000001000666c                cyw43_cb_process_async_event
 .text.cyw43_send_ethernet
                0x00000000100068a4       0xc0 CMakeFiles/proj.dir/pico-sdk/lib/cyw43-driver/src/cyw43_ctrl.c.obj
                0x00000000100068a4                cyw43_send_ethernet
 .text.cyw43_wifi_get_mac
                0x0000000010006964       0x10 CMakeFiles/proj.dir/pico-sdk/lib/cyw43-driver/src/cyw43_ctrl.c.obj
                0x0000000010006964                cyw43_wifi_get_mac
 .text.cyw43_wifi_set_up
                0x0000000010006974      0x300 CMakeFiles/proj.dir/pico-sdk/lib/cyw43-driver/src/cyw43_ctrl.c.obj
                0x0000000010006974                cyw43_wifi_set_up
 .text.cyw43_wifi_link_status
                0x0000000010006c74       0x3c CMakeFiles/proj.dir/pico-sdk/lib/cyw43-driver/src/cyw43_ctrl.c.obj
                0x0000000010006c74                cyw43_wifi_link_status
 .text.cyw43_wifi_join
                0x0000000010006cb0       0xf8 CMakeFiles/proj.dir/pico-sdk/lib/cyw43-driver/src/cyw43_ctrl.c.obj
                0x0000000010006cb0                cyw43_wifi_join
 .text.cyw43_gpio_set
                0x0000000010006da8       0xa4 CMakeFiles/proj.dir/pico-sdk/lib/cyw43-driver/src/cyw43_ctrl.c.obj
                0x0000000010006da8                cyw43_gpio_set
 .text.gpio_set_function
                0x0000000010006e4c       0x30 CMakeFiles/proj.dir/pico-sdk/src/rp2_common/hardware_gpio/gpio.c.obj
                0x0000000010006e4c                gpio_set_function
 .text.gpio_set_pulls
                0x0000000010006e7c       0x30 CMakeFiles/proj.dir/pico-sdk/src/rp2_common/hardware_gpio/gpio.c.obj
                0x0000000010006e7c                gpio_set_pulls
 .text.gpio_set_input_hysteresis_enabled
                0x0000000010006eac       0x28 CMakeFiles/proj.dir/pico-sdk/src/rp2_common/hardware_gpio/gpio.c.obj
                0x0000000010006eac                gpio_set_input_hysteresis_enabled
 .text.gpio_set_irq_enabled
                0x0000000010006ed4       0x54 CMakeFiles/proj.dir/pico-sdk/src/rp2_common/hardware_gpio/gpio.c.obj
                0x0000000010006ed4                gpio_set_irq_enabled
 .text.gpio_add_raw_irq_handler_with_order_priority_masked
                0x0000000010006f28       0x44 CMakeFiles/proj.dir/pico-sdk/src/rp2_common/hardware_gpio/gpio.c.obj
                0x0000000010006f28                gpio_add_raw_irq_handler_with_order_priority_masked
 .text.gpio_remove_raw_irq_handler_masked
                0x0000000010006f6c       0x20 CMakeFiles/proj.dir/pico-sdk/src/rp2_common/hardware_gpio/gpio.c.obj
                0x0000000010006f6c                gpio_remove_raw_irq_handler_masked
 .text.gpio_init
                0x0000000010006f8c       0x3c CMakeFiles/proj.dir/pico-sdk/src/rp2_common/hardware_gpio/gpio.c.obj
                0x0000000010006f8c                gpio_init
 .text.irq_set_enabled
                0x0000000010006fc8       0x24 CMakeFiles/proj.dir/pico-sdk/src/rp2_common/hardware_irq/irq.c.obj
                0x0000000010006fc8                irq_set_enabled
 .text.irq_set_pending
                0x0000000010006fec       0x10 CMakeFiles/proj.dir/pico-sdk/src/rp2_common/hardware_irq/irq.c.obj
                0x0000000010006fec                irq_set_pending
 .text.irq_has_shared_handler
                0x0000000010006ffc       0x2c CMakeFiles/proj.dir/pico-sdk/src/rp2_common/hardware_irq/irq.c.obj
                0x0000000010006ffc                irq_has_shared_handler
 .text.irq_get_vtable_handler
                0x0000000010007028       0x10 CMakeFiles/proj.dir/pico-sdk/src/rp2_common/hardware_irq/irq.c.obj
                0x0000000010007028                irq_get_vtable_handler
 .text.irq_set_exclusive_handler
                0x0000000010007038       0x54 CMakeFiles/proj.dir/pico-sdk/src/rp2_common/hardware_irq/irq.c.obj
                0x0000000010007038                irq_set_exclusive_handler
 .text.irq_add_shared_handler
                0x000000001000708c      0x1e4 CMakeFiles/proj.dir/pico-sdk/src/rp2_common/hardware_irq/irq.c.obj
                0x000000001000708c                irq_add_shared_handler
 .text.irq_remove_handler
                0x0000000010007270      0x1b4 CMakeFiles/proj.dir/pico-sdk/src/rp2_common/hardware_irq/irq.c.obj
                0x0000000010007270                irq_remove_handler
 .text.irq_set_priority
                0x0000000010007424       0x28 CMakeFiles/proj.dir/pico-sdk/src/rp2_common/hardware_irq/irq.c.obj
                0x0000000010007424                irq_set_priority
 .text.irq_add_tail_to_free_list
                0x000000001000744c       0xb4 CMakeFiles/proj.dir/pico-sdk/src/rp2_common/hardware_irq/irq.c.obj
                0x000000001000744c                irq_add_tail_to_free_list
 .text.irq_init_priorities
                0x0000000010007500       0x24 CMakeFiles/proj.dir/pico-sdk/src/rp2_common/hardware_irq/irq.c.obj
                0x0000000010007500                irq_init_priorities
 .text.user_irq_unclaim
                0x0000000010007524       0x1c CMakeFiles/proj.dir/pico-sdk/src/rp2_common/hardware_irq/irq.c.obj
                0x0000000010007524                user_irq_unclaim
 .text.user_irq_claim_unused
                0x0000000010007540       0x30 CMakeFiles/proj.dir/pico-sdk/src/rp2_common/hardware_irq/irq.c.obj
                0x0000000010007540                user_irq_claim_unused
 .text.sem_init
                0x0000000010007570       0x20 CMakeFiles/proj.dir/pico-sdk/src/common/pico_sync/sem.c.obj
                0x0000000010007570                sem_init
 .text.lock_init
                0x0000000010007590       0x10 CMakeFiles/proj.dir/pico-sdk/src/common/pico_sync/lock_core.c.obj
                0x0000000010007590                lock_init
 .text.timer_pool_entry_comparator
                0x00000000100075a0       0x34 CMakeFiles/proj.dir/pico-sdk/src/common/pico_time/time.c.obj
                0x00000000100075a0                timer_pool_entry_comparator
 .text.sleep_until_callback
                0x00000000100075d4       0x30 CMakeFiles/proj.dir/pico-sdk/src/common/pico_time/time.c.obj
 .text.add_alarm_under_lock.isra.0
                0x0000000010007604      0x100 CMakeFiles/proj.dir/pico-sdk/src/common/pico_time/time.c.obj
 .text.alarm_pool_alarm_callback
                0x0000000010007704      0x1c8 CMakeFiles/proj.dir/pico-sdk/src/common/pico_time/time.c.obj
 .text.alarm_pool_add_alarm_at.constprop.0
                0x00000000100078cc      0x11c CMakeFiles/proj.dir/pico-sdk/src/common/pico_time/time.c.obj
 .text.alarm_pool_init_default
                0x00000000100079e8       0x64 CMakeFiles/proj.dir/pico-sdk/src/common/pico_time/time.c.obj
                0x00000000100079e8                alarm_pool_init_default
 .text.alarm_pool_get_default
                0x0000000010007a4c        0x8 CMakeFiles/proj.dir/pico-sdk/src/common/pico_time/time.c.obj
                0x0000000010007a4c                alarm_pool_get_default
 .text.alarm_pool_add_alarm_at
                0x0000000010007a54      0x194 CMakeFiles/proj.dir/pico-sdk/src/common/pico_time/time.c.obj
                0x0000000010007a54                alarm_pool_add_alarm_at
 .text.alarm_pool_cancel_alarm
                0x0000000010007be8       0x74 CMakeFiles/proj.dir/pico-sdk/src/common/pico_time/time.c.obj
                0x0000000010007be8                alarm_pool_cancel_alarm
 .text.sleep_until
                0x0000000010007c5c       0xac CMakeFiles/proj.dir/pico-sdk/src/common/pico_time/time.c.obj
                0x0000000010007c5c                sleep_until
 .text.sleep_us
                0x0000000010007d08       0x30 CMakeFiles/proj.dir/pico-sdk/src/common/pico_time/time.c.obj
                0x0000000010007d08                sleep_us
 .text.sleep_ms
                0x0000000010007d38       0x38 CMakeFiles/proj.dir/pico-sdk/src/common/pico_time/time.c.obj
                0x0000000010007d38                sleep_ms
 .text.best_effort_wfe_or_timeout
                0x0000000010007d70       0xd4 CMakeFiles/proj.dir/pico-sdk/src/common/pico_time/time.c.obj
                0x0000000010007d70                best_effort_wfe_or_timeout
 .text.hardware_alarm_irq_handler
                0x0000000010007e44       0xb8 CMakeFiles/proj.dir/pico-sdk/src/rp2_common/hardware_timer/timer.c.obj
 .text.hardware_alarm_claim
                0x0000000010007efc       0x18 CMakeFiles/proj.dir/pico-sdk/src/rp2_common/hardware_timer/timer.c.obj
                0x0000000010007efc                hardware_alarm_claim
 .text.time_us_64
                0x0000000010007f14       0x14 CMakeFiles/proj.dir/pico-sdk/src/rp2_common/hardware_timer/timer.c.obj
                0x0000000010007f14                time_us_64
 .text.busy_wait_until
                0x0000000010007f28       0x20 CMakeFiles/proj.dir/pico-sdk/src/rp2_common/hardware_timer/timer.c.obj
                0x0000000010007f28                busy_wait_until
 .text.hardware_alarm_set_callback
                0x0000000010007f48       0x8c CMakeFiles/proj.dir/pico-sdk/src/rp2_common/hardware_timer/timer.c.obj
                0x0000000010007f48                hardware_alarm_set_callback
 .text.hardware_alarm_set_target
                0x0000000010007fd4       0xe0 CMakeFiles/proj.dir/pico-sdk/src/rp2_common/hardware_timer/timer.c.obj
                0x0000000010007fd4                hardware_alarm_set_target
 .text.hardware_alarm_cancel
                0x00000000100080b4       0x3c CMakeFiles/proj.dir/pico-sdk/src/rp2_common/hardware_timer/timer.c.obj
                0x00000000100080b4                hardware_alarm_cancel
 .text.ph_merge_nodes
                0x00000000100080f0       0x68 CMakeFiles/proj.dir/pico-sdk/src/common/pico_util/pheap.c.obj
 .text.ph_post_alloc_init
                0x0000000010008158       0x3c CMakeFiles/proj.dir/pico-sdk/src/common/pico_util/pheap.c.obj
                0x0000000010008158                ph_post_alloc_init
 .text.ph_merge_two_pass
                0x0000000010008194       0x90 CMakeFiles/proj.dir/pico-sdk/src/common/pico_util/pheap.c.obj
                0x0000000010008194                ph_merge_two_pass
 .text.ph_remove_any_head
                0x0000000010008224       0xf8 CMakeFiles/proj.dir/pico-sdk/src/common/pico_util/pheap.c.obj
 .text.ph_remove_head
                0x000000001000831c       0xfc CMakeFiles/proj.dir/pico-sdk/src/common/pico_util/pheap.c.obj
                0x000000001000831c                ph_remove_head
 .text.ph_remove_and_free_node
                0x0000000010008418       0x7c CMakeFiles/proj.dir/pico-sdk/src/common/pico_util/pheap.c.obj
                0x0000000010008418                ph_remove_and_free_node
 .text.mutex_init
                0x0000000010008494       0x1c CMakeFiles/proj.dir/pico-sdk/src/common/pico_sync/mutex.c.obj
                0x0000000010008494                mutex_init
 .text.recursive_mutex_init
                0x00000000100084b0       0x1c CMakeFiles/proj.dir/pico-sdk/src/common/pico_sync/mutex.c.obj
                0x00000000100084b0                recursive_mutex_init
 .text.critical_section_init
                0x00000000100084cc       0x20 CMakeFiles/proj.dir/pico-sdk/src/common/pico_sync/critical_section.c.obj
                0x00000000100084cc                critical_section_init
 .text.runtime_init
                0x00000000100084ec       0xf0 CMakeFiles/proj.dir/pico-sdk/src/rp2_common/pico_runtime/runtime.c.obj
                0x00000000100084ec                runtime_init
 .text._sbrk    0x00000000100085dc       0x34 CMakeFiles/proj.dir/pico-sdk/src/rp2_common/pico_runtime/runtime.c.obj
                0x00000000100085dc                _sbrk
 .text.exit     0x0000000010008610        0x4 CMakeFiles/proj.dir/pico-sdk/src/rp2_common/pico_runtime/runtime.c.obj
                0x0000000010008610                exit
 .text.panic    0x0000000010008614       0x30 CMakeFiles/proj.dir/pico-sdk/src/rp2_common/pico_runtime/runtime.c.obj
                0x0000000010008614                panic
 .text.hard_assertion_failure
                0x0000000010008644        0xc CMakeFiles/proj.dir/pico-sdk/src/rp2_common/pico_runtime/runtime.c.obj
                0x0000000010008644                hard_assertion_failure
 .text.clocks_init
                0x0000000010008650      0x2bc CMakeFiles/proj.dir/pico-sdk/src/rp2_common/hardware_clocks/clocks.c.obj
                0x0000000010008650                clocks_init
 .text.clock_get_hz
                0x000000001000890c        0xc CMakeFiles/proj.dir/pico-sdk/src/rp2_common/hardware_clocks/clocks.c.obj
                0x000000001000890c                clock_get_hz
 .text.pll_init
                0x0000000010008918       0xb0 CMakeFiles/proj.dir/pico-sdk/src/rp2_common/hardware_pll/pll.c.obj
                0x0000000010008918                pll_init
 .text.watchdog_start_tick
                0x00000000100089c8       0x10 CMakeFiles/proj.dir/pico-sdk/src/rp2_common/hardware_watchdog/watchdog.c.obj
                0x00000000100089c8                watchdog_start_tick
 .text.watchdog_reboot
                0x00000000100089d8       0x98 CMakeFiles/proj.dir/pico-sdk/src/rp2_common/hardware_watchdog/watchdog.c.obj
                0x00000000100089d8                watchdog_reboot
 .text.xosc_init
                0x0000000010008a70       0x28 CMakeFiles/proj.dir/pico-sdk/src/rp2_common/hardware_xosc/xosc.c.obj
                0x0000000010008a70                xosc_init
 .text._out_buffer
                0x0000000010008a98        0x8 CMakeFiles/proj.dir/pico-sdk/src/rp2_common/pico_printf/printf.c.obj
 .text._out_null
                0x0000000010008aa0        0x4 CMakeFiles/proj.dir/pico-sdk/src/rp2_common/pico_printf/printf.c.obj
 .text._out_rev
                0x0000000010008aa4       0x9c CMakeFiles/proj.dir/pico-sdk/src/rp2_common/pico_printf/printf.c.obj
 .text._ntoa_format
                0x0000000010008b40      0x1cc CMakeFiles/proj.dir/pico-sdk/src/rp2_common/pico_printf/printf.c.obj
 .text._out_char
                0x0000000010008d0c       0x10 CMakeFiles/proj.dir/pico-sdk/src/rp2_common/pico_printf/printf.c.obj
 .text._out_fct
                0x0000000010008d1c       0x10 CMakeFiles/proj.dir/pico-sdk/src/rp2_common/pico_printf/printf.c.obj
 .text._etoa    0x0000000010008d2c      0x44c CMakeFiles/proj.dir/pico-sdk/src/rp2_common/pico_printf/printf.c.obj
 .text._ftoa    0x0000000010009178      0x398 CMakeFiles/proj.dir/pico-sdk/src/rp2_common/pico_printf/printf.c.obj
 .text._vsnprintf
                0x0000000010009510      0xb04 CMakeFiles/proj.dir/pico-sdk/src/rp2_common/pico_printf/printf.c.obj
 .text.__wrap_snprintf
                0x000000001000a014       0x28 CMakeFiles/proj.dir/pico-sdk/src/rp2_common/pico_printf/printf.c.obj
                0x000000001000a014                __wrap_snprintf
 .text.vfctprintf
                0x000000001000a03c       0x20 CMakeFiles/proj.dir/pico-sdk/src/rp2_common/pico_printf/printf.c.obj
                0x000000001000a03c                vfctprintf
 .text.weak_raw_vprintf
                0x000000001000a05c       0x30 CMakeFiles/proj.dir/pico-sdk/src/rp2_common/pico_printf/printf.c.obj
                0x000000001000a05c                weak_raw_vprintf
 .text          0x000000001000a08c       0x10 CMakeFiles/proj.dir/pico-sdk/src/rp2_common/pico_bit_ops/bit_ops_aeabi.S.obj
 .text.ctzsi    0x000000001000a09c        0xc CMakeFiles/proj.dir/pico-sdk/src/rp2_common/pico_bit_ops/bit_ops_aeabi.S.obj
                0x000000001000a09c                __wrap___ctzsi2
 .text.__wrap___aeabi_idiv
                0x000000001000a0a8       0x50 CMakeFiles/proj.dir/pico-sdk/src/rp2_common/pico_divider/divider.S.obj
                0x000000001000a0a8                __wrap___aeabi_idivmod
                0x000000001000a0a8                divmod_s32s32
                0x000000001000a0a8                div_s32s32
                0x000000001000a0a8                __wrap___aeabi_idiv
                0x000000001000a0b0                divmod_s32s32_unsafe
                0x000000001000a0dc                divmod_s32s32_savestate
 .text.__wrap___aeabi_uidiv
                0x000000001000a0f8       0x4c CMakeFiles/proj.dir/pico-sdk/src/rp2_common/pico_divider/divider.S.obj
                0x000000001000a0f8                __wrap___aeabi_uidiv
                0x000000001000a0f8                __wrap___aeabi_uidivmod
                0x000000001000a0f8                div_u32u32
                0x000000001000a0f8                divmod_u32u32
                0x000000001000a100                divmod_u32u32_unsafe
                0x000000001000a128                divmod_u32u32_savestate
 .text.__wrap___aeabi_ldiv
                0x000000001000a144      0x434 CMakeFiles/proj.dir/pico-sdk/src/rp2_common/pico_divider/divider.S.obj
                0x000000001000a144                div_s64s64
                0x000000001000a144                divmod_s64s64
                0x000000001000a144                __wrap___aeabi_ldivmod
                0x000000001000a17c                div_u64u64
                0x000000001000a17c                divmod_u64u64
                0x000000001000a17c                __wrap___aeabi_uldivmod
                0x000000001000a18c                divmod_u64u64_savestate
                0x000000001000a1b4                divmod_s64s64_unsafe
                0x000000001000a23c                divmod_u64u64_unsafe
 .text.__wrap___aeabi_darithmetic
                0x000000001000a578       0x60 CMakeFiles/proj.dir/pico-sdk/src/rp2_common/pico_double/double_aeabi.S.obj
                0x000000001000a578                __wrap___aeabi_drsub
                0x000000001000a57e                __wrap___aeabi_dsub
                0x000000001000a588                __wrap___aeabi_dadd
                0x000000001000a592                __wrap___aeabi_ddiv
                0x000000001000a5c6                __wrap___aeabi_dmul
 .text.__wrap___aeabi_cdcmple
                0x000000001000a5d8       0x6c CMakeFiles/proj.dir/pico-sdk/src/rp2_common/pico_double/double_aeabi.S.obj
                0x000000001000a5d8                __wrap___aeabi_cdrcmple
                0x000000001000a5e8                __wrap___aeabi_cdcmple
                0x000000001000a5e8                __wrap___aeabi_cdcmpeq
 .text.__wrap___aeabi_dcmplt
                0x000000001000a644        0xc CMakeFiles/proj.dir/pico-sdk/src/rp2_common/pico_double/double_aeabi.S.obj
                0x000000001000a644                __wrap___aeabi_dcmplt
 .text.__wrap___aeabi_dcmple
                0x000000001000a650       0x10 CMakeFiles/proj.dir/pico-sdk/src/rp2_common/pico_double/double_aeabi.S.obj
                0x000000001000a650                __wrap___aeabi_dcmple
 .text.__wrap___aeabi_dcmpge
                0x000000001000a660       0x10 CMakeFiles/proj.dir/pico-sdk/src/rp2_common/pico_double/double_aeabi.S.obj
                0x000000001000a660                __wrap___aeabi_dcmpge
 .text.__wrap___aeabi_dcmpgt
                0x000000001000a670        0xa CMakeFiles/proj.dir/pico-sdk/src/rp2_common/pico_double/double_aeabi.S.obj
                0x000000001000a670                __wrap___aeabi_dcmpgt
 .text.__wrap___aeabi_dcmpun
                0x000000001000a67a       0x1c CMakeFiles/proj.dir/pico-sdk/src/rp2_common/pico_double/double_aeabi.S.obj
                0x000000001000a67a                __wrap___aeabi_dcmpun
 *fill*         0x000000001000a696        0x2 
 .text.__wrap___aeabi_i2d
                0x000000001000a698       0x38 CMakeFiles/proj.dir/pico-sdk/src/rp2_common/pico_double/double_aeabi.S.obj
                0x000000001000a698                __wrap___aeabi_ui2d
                0x000000001000a6a0                __wrap___aeabi_i2d
 .text.__wrap___aeabi_d2iz
                0x000000001000a6d0       0x48 CMakeFiles/proj.dir/pico-sdk/src/rp2_common/pico_double/double_aeabi.S.obj
                0x000000001000a6d0                __wrap___aeabi_d2iz
                0x000000001000a6d0                double2int_z
 .text.__wrap___aeabi_d2uiz
                0x000000001000a718       0x10 CMakeFiles/proj.dir/pico-sdk/src/rp2_common/pico_double/double_aeabi.S.obj
                0x000000001000a718                double2uint
                0x000000001000a718                __wrap___aeabi_d2uiz
 .text.__wrap___aeabi_d2f
                0x000000001000a728       0x10 CMakeFiles/proj.dir/pico-sdk/src/rp2_common/pico_double/double_aeabi.S.obj
                0x000000001000a728                __wrap___aeabi_d2f
 .text.missing_double_func_shim
                0x000000001000a738        0xc CMakeFiles/proj.dir/pico-sdk/src/rp2_common/pico_double/double_init_rom.c.obj
 .text.__aeabi_double_init
                0x000000001000a744       0x98 CMakeFiles/proj.dir/pico-sdk/src/rp2_common/pico_double/double_init_rom.c.obj
                0x000000001000a744                __aeabi_double_init
 .text.double_table_shim_on_use_helper
                0x000000001000a7dc       0x2c CMakeFiles/proj.dir/pico-sdk/src/rp2_common/pico_double/double_v1_rom_shim.S.obj
                0x000000001000a7dc                double_table_shim_on_use_helper
 .text.__aeabi_lmul
                0x000000001000a808       0x32 CMakeFiles/proj.dir/pico-sdk/src/rp2_common/pico_int64_ops/pico_int64_ops_aeabi.S.obj
                0x000000001000a808                __wrap___aeabi_lmul
 *fill*         0x000000001000a83a        0x2 
 .text.__wrap___aeabi_cfcmple
                0x000000001000a83c       0x50 CMakeFiles/proj.dir/pico-sdk/src/rp2_common/pico_float/float_aeabi.S.obj
                0x000000001000a83c                __wrap___aeabi_cfrcmple
                0x000000001000a848                __wrap___aeabi_cfcmpeq
                0x000000001000a848                __wrap___aeabi_cfcmple
 .text.__wrap___aeabi_fcmpgt
                0x000000001000a88c        0xa CMakeFiles/proj.dir/pico-sdk/src/rp2_common/pico_float/float_aeabi.S.obj
                0x000000001000a88c                __wrap___aeabi_fcmpgt
 *fill*         0x000000001000a896        0x2 
 .text.__wrap___aeabi_f2d
                0x000000001000a898        0xc CMakeFiles/proj.dir/pico-sdk/src/rp2_common/pico_float/float_aeabi.S.obj
                0x000000001000a898                __wrap___aeabi_f2d
 .text.missing_float_func_shim
                0x000000001000a8a4        0xc CMakeFiles/proj.dir/pico-sdk/src/rp2_common/pico_float/float_init_rom.c.obj
 .text.__aeabi_float_init
                0x000000001000a8b0       0x5c CMakeFiles/proj.dir/pico-sdk/src/rp2_common/pico_float/float_init_rom.c.obj
                0x000000001000a8b0                __aeabi_float_init
 .text.__wrap_malloc
                0x000000001000a90c       0x24 CMakeFiles/proj.dir/pico-sdk/src/rp2_common/pico_malloc/pico_malloc.c.obj
                0x000000001000a90c                __wrap_malloc
 .text          0x000000001000a930       0x10 CMakeFiles/proj.dir/pico-sdk/src/rp2_common/pico_mem_ops/mem_ops_aeabi.S.obj
                0x000000001000a930                __aeabi_mem_init
 .text.memset   0x000000001000a940        0xc CMakeFiles/proj.dir/pico-sdk/src/rp2_common/pico_mem_ops/mem_ops_aeabi.S.obj
                0x000000001000a940                __wrap_memset
 .text.memcpy   0x000000001000a94c        0xc CMakeFiles/proj.dir/pico-sdk/src/rp2_common/pico_mem_ops/mem_ops_aeabi.S.obj
                0x000000001000a94c                __wrap___aeabi_memcpy
                0x000000001000a94c                __wrap_memcpy
 .text.stdio_out_chars_no_crlf
                0x000000001000a958       0x10 CMakeFiles/proj.dir/pico-sdk/src/rp2_common/pico_stdio/stdio.c.obj
 .text.stdio_out_chars_crlf
                0x000000001000a968       0xb4 CMakeFiles/proj.dir/pico-sdk/src/rp2_common/pico_stdio/stdio.c.obj
 .text.stdio_buffered_printer
                0x000000001000aa1c       0x64 CMakeFiles/proj.dir/pico-sdk/src/rp2_common/pico_stdio/stdio.c.obj
 .text.stdio_put_string.isra.0
                0x000000001000aa80       0xfc CMakeFiles/proj.dir/pico-sdk/src/rp2_common/pico_stdio/stdio.c.obj
 .text.__wrap_putchar
                0x000000001000ab7c       0xa0 CMakeFiles/proj.dir/pico-sdk/src/rp2_common/pico_stdio/stdio.c.obj
                0x000000001000ab7c                __wrap_putchar
 .text.__wrap_puts
                0x000000001000ac1c       0x3c CMakeFiles/proj.dir/pico-sdk/src/rp2_common/pico_stdio/stdio.c.obj
                0x000000001000ac1c                __wrap_puts
 .text.stdio_set_driver_enabled
                0x000000001000ac58       0x30 CMakeFiles/proj.dir/pico-sdk/src/rp2_common/pico_stdio/stdio.c.obj
                0x000000001000ac58                stdio_set_driver_enabled
 .text.__wrap_vprintf
                0x000000001000ac88       0xd8 CMakeFiles/proj.dir/pico-sdk/src/rp2_common/pico_stdio/stdio.c.obj
                0x000000001000ac88                __wrap_vprintf
 .text.__wrap_printf
                0x000000001000ad60       0x18 CMakeFiles/proj.dir/pico-sdk/src/rp2_common/pico_stdio/stdio.c.obj
                0x000000001000ad60                __wrap_printf
 .text.stdio_init_all
                0x000000001000ad78        0x8 CMakeFiles/proj.dir/pico-sdk/src/rp2_common/pico_stdio/stdio.c.obj
                0x000000001000ad78                stdio_init_all
 .text.resetd_init
                0x000000001000ad80        0x4 CMakeFiles/proj.dir/pico-sdk/src/rp2_common/pico_stdio_usb/reset_interface.c.obj
 .text.resetd_reset
                0x000000001000ad84        0xc CMakeFiles/proj.dir/pico-sdk/src/rp2_common/pico_stdio_usb/reset_interface.c.obj
 .text.resetd_open
                0x000000001000ad90       0x28 CMakeFiles/proj.dir/pico-sdk/src/rp2_common/pico_stdio_usb/reset_interface.c.obj
 .text.resetd_xfer_cb
                0x000000001000adb8        0x4 CMakeFiles/proj.dir/pico-sdk/src/rp2_common/pico_stdio_usb/reset_interface.c.obj
 .text.resetd_control_xfer_cb
                0x000000001000adbc       0x64 CMakeFiles/proj.dir/pico-sdk/src/rp2_common/pico_stdio_usb/reset_interface.c.obj
 .text.usbd_app_driver_get_cb
                0x000000001000ae20        0xc CMakeFiles/proj.dir/pico-sdk/src/rp2_common/pico_stdio_usb/reset_interface.c.obj
                0x000000001000ae20                usbd_app_driver_get_cb
 .text.tud_cdc_line_coding_cb
                0x000000001000ae2c       0x34 CMakeFiles/proj.dir/pico-sdk/src/rp2_common/pico_stdio_usb/reset_interface.c.obj
                0x000000001000ae2c                tud_cdc_line_coding_cb
 .text.stdio_usb_in_chars
                0x000000001000ae60       0x68 CMakeFiles/proj.dir/pico-sdk/src/rp2_common/pico_stdio_usb/stdio_usb.c.obj
                0x000000001000ae60                stdio_usb_in_chars
 .text.stdio_usb_out_chars
                0x000000001000aec8       0xe4 CMakeFiles/proj.dir/pico-sdk/src/rp2_common/pico_stdio_usb/stdio_usb.c.obj
 .text.timer_task
                0x000000001000afac       0x18 CMakeFiles/proj.dir/pico-sdk/src/rp2_common/pico_stdio_usb/stdio_usb.c.obj
 .text.usb_irq  0x000000001000afc4       0x10 CMakeFiles/proj.dir/pico-sdk/src/rp2_common/pico_stdio_usb/stdio_usb.c.obj
 .text.low_priority_worker_irq
                0x000000001000afd4       0x24 CMakeFiles/proj.dir/pico-sdk/src/rp2_common/pico_stdio_usb/stdio_usb.c.obj
 .text.stdio_usb_init
                0x000000001000aff8       0xb0 CMakeFiles/proj.dir/pico-sdk/src/rp2_common/pico_stdio_usb/stdio_usb.c.obj
                0x000000001000aff8                stdio_usb_init
 .text.tud_descriptor_device_cb
                0x000000001000b0a8        0x8 CMakeFiles/proj.dir/pico-sdk/src/rp2_common/pico_stdio_usb/stdio_usb_descriptors.c.obj
                0x000000001000b0a8                tud_descriptor_device_cb
 .text.tud_descriptor_configuration_cb
                0x000000001000b0b0        0x8 CMakeFiles/proj.dir/pico-sdk/src/rp2_common/pico_stdio_usb/stdio_usb_descriptors.c.obj
                0x000000001000b0b0                tud_descriptor_configuration_cb
 .text.tud_descriptor_string_cb
                0x000000001000b0b8       0x74 CMakeFiles/proj.dir/pico-sdk/src/rp2_common/pico_stdio_usb/stdio_usb_descriptors.c.obj
                0x000000001000b0b8                tud_descriptor_string_cb
 .text.dcd_rp2040_irq
                0x000000001000b12c      0x21c CMakeFiles/proj.dir/pico-sdk/lib/tinyusb/src/portable/raspberrypi/rp2040/dcd_rp2040.c.obj
 .text.dcd_int_enable
                0x000000001000b348        0xc CMakeFiles/proj.dir/pico-sdk/lib/tinyusb/src/portable/raspberrypi/rp2040/dcd_rp2040.c.obj
                0x000000001000b348                dcd_int_enable
 .text.dcd_set_address
                0x000000001000b354       0x14 CMakeFiles/proj.dir/pico-sdk/lib/tinyusb/src/portable/raspberrypi/rp2040/dcd_rp2040.c.obj
                0x000000001000b354                dcd_set_address
 .text.dcd_connect
                0x000000001000b368       0x10 CMakeFiles/proj.dir/pico-sdk/lib/tinyusb/src/portable/raspberrypi/rp2040/dcd_rp2040.c.obj
                0x000000001000b368                dcd_connect
 .text.dcd_init
                0x000000001000b378      0x144 CMakeFiles/proj.dir/pico-sdk/lib/tinyusb/src/portable/raspberrypi/rp2040/dcd_rp2040.c.obj
                0x000000001000b378                dcd_init
 .text.dcd_edpt0_status_complete
                0x000000001000b4bc       0x1c CMakeFiles/proj.dir/pico-sdk/lib/tinyusb/src/portable/raspberrypi/rp2040/dcd_rp2040.c.obj
                0x000000001000b4bc                dcd_edpt0_status_complete
 .text.dcd_edpt_open
                0x000000001000b4d8       0xf0 CMakeFiles/proj.dir/pico-sdk/lib/tinyusb/src/portable/raspberrypi/rp2040/dcd_rp2040.c.obj
                0x000000001000b4d8                dcd_edpt_open
 .text.dcd_edpt_close_all
                0x000000001000b5c8       0xbc CMakeFiles/proj.dir/pico-sdk/lib/tinyusb/src/portable/raspberrypi/rp2040/dcd_rp2040.c.obj
                0x000000001000b5c8                dcd_edpt_close_all
 .text.dcd_edpt_xfer
                0x000000001000b684       0x24 CMakeFiles/proj.dir/pico-sdk/lib/tinyusb/src/portable/raspberrypi/rp2040/dcd_rp2040.c.obj
                0x000000001000b684                dcd_edpt_xfer
 .text.dcd_edpt_stall
                0x000000001000b6a8       0x38 CMakeFiles/proj.dir/pico-sdk/lib/tinyusb/src/portable/raspberrypi/rp2040/dcd_rp2040.c.obj
                0x000000001000b6a8                dcd_edpt_stall
 .text.dcd_edpt_clear_stall
                0x000000001000b6e0       0x30 CMakeFiles/proj.dir/pico-sdk/lib/tinyusb/src/portable/raspberrypi/rp2040/dcd_rp2040.c.obj
                0x000000001000b6e0                dcd_edpt_clear_stall
 .text._hw_endpoint_buffer_control_update32.part.0.isra.0
                0x000000001000b710       0x1c CMakeFiles/proj.dir/pico-sdk/lib/tinyusb/src/portable/raspberrypi/rp2040/rp2040_usb.c.obj
 .text.rp2040_usb_init
                0x000000001000b72c       0x4c CMakeFiles/proj.dir/pico-sdk/lib/tinyusb/src/portable/raspberrypi/rp2040/rp2040_usb.c.obj
                0x000000001000b72c                rp2040_usb_init
 .text.hw_endpoint_reset_transfer
                0x000000001000b778        0xc CMakeFiles/proj.dir/pico-sdk/lib/tinyusb/src/portable/raspberrypi/rp2040/rp2040_usb.c.obj
                0x000000001000b778                hw_endpoint_reset_transfer
 .text._hw_endpoint_buffer_control_update32
                0x000000001000b784       0x44 CMakeFiles/proj.dir/pico-sdk/lib/tinyusb/src/portable/raspberrypi/rp2040/rp2040_usb.c.obj
                0x000000001000b784                _hw_endpoint_buffer_control_update32
 .text.hw_endpoint_xfer_start
                0x000000001000b7c8      0x138 CMakeFiles/proj.dir/pico-sdk/lib/tinyusb/src/portable/raspberrypi/rp2040/rp2040_usb.c.obj
                0x000000001000b7c8                hw_endpoint_xfer_start
 .text.hw_endpoint_xfer_continue
                0x000000001000b900      0x1e4 CMakeFiles/proj.dir/pico-sdk/lib/tinyusb/src/portable/raspberrypi/rp2040/rp2040_usb.c.obj
                0x000000001000b900                hw_endpoint_xfer_continue
 .text.tud_mounted
                0x000000001000bae4       0x10 CMakeFiles/proj.dir/pico-sdk/lib/tinyusb/src/device/usbd.c.obj
                0x000000001000bae4                tud_mounted
 .text.tud_suspended
                0x000000001000baf4       0x10 CMakeFiles/proj.dir/pico-sdk/lib/tinyusb/src/device/usbd.c.obj
                0x000000001000baf4                tud_suspended
 .text.tud_inited
                0x000000001000bb04        0xc CMakeFiles/proj.dir/pico-sdk/lib/tinyusb/src/device/usbd.c.obj
                0x000000001000bb04                tud_inited
 .text.tud_init
                0x000000001000bb10       0xd8 CMakeFiles/proj.dir/pico-sdk/lib/tinyusb/src/device/usbd.c.obj
                0x000000001000bb10                tud_init
 .text.tud_task
                0x000000001000bbe8      0x8ec CMakeFiles/proj.dir/pico-sdk/lib/tinyusb/src/device/usbd.c.obj
                0x000000001000bbe8                tud_task
 .text.dcd_event_bus_signal
                0x000000001000c4d4      0x120 CMakeFiles/proj.dir/pico-sdk/lib/tinyusb/src/device/usbd.c.obj
                0x000000001000c4d4                dcd_event_bus_signal
 .text.dcd_event_bus_reset
                0x000000001000c5f4       0x54 CMakeFiles/proj.dir/pico-sdk/lib/tinyusb/src/device/usbd.c.obj
                0x000000001000c5f4                dcd_event_bus_reset
 .text.dcd_event_setup_received
                0x000000001000c648       0x50 CMakeFiles/proj.dir/pico-sdk/lib/tinyusb/src/device/usbd.c.obj
                0x000000001000c648                dcd_event_setup_received
 .text.dcd_event_xfer_complete
                0x000000001000c698       0x68 CMakeFiles/proj.dir/pico-sdk/lib/tinyusb/src/device/usbd.c.obj
                0x000000001000c698                dcd_event_xfer_complete
 .text.usbd_open_edpt_pair
                0x000000001000c700       0x80 CMakeFiles/proj.dir/pico-sdk/lib/tinyusb/src/device/usbd.c.obj
                0x000000001000c700                usbd_open_edpt_pair
 .text.usbd_edpt_open
                0x000000001000c780       0x30 CMakeFiles/proj.dir/pico-sdk/lib/tinyusb/src/device/usbd.c.obj
                0x000000001000c780                usbd_edpt_open
 .text.usbd_edpt_claim
                0x000000001000c7b0       0x64 CMakeFiles/proj.dir/pico-sdk/lib/tinyusb/src/device/usbd.c.obj
                0x000000001000c7b0                usbd_edpt_claim
 .text.usbd_edpt_release
                0x000000001000c814       0x4c CMakeFiles/proj.dir/pico-sdk/lib/tinyusb/src/device/usbd.c.obj
                0x000000001000c814                usbd_edpt_release
 .text.usbd_edpt_xfer
                0x000000001000c860       0x48 CMakeFiles/proj.dir/pico-sdk/lib/tinyusb/src/device/usbd.c.obj
                0x000000001000c860                usbd_edpt_xfer
 .text.tud_control_status
                0x000000001000c8a8       0x30 CMakeFiles/proj.dir/pico-sdk/lib/tinyusb/src/device/usbd_control.c.obj
                0x000000001000c8a8                tud_control_status
 .text.tud_control_xfer
                0x000000001000c8d8       0xbc CMakeFiles/proj.dir/pico-sdk/lib/tinyusb/src/device/usbd_control.c.obj
                0x000000001000c8d8                tud_control_xfer
 .text.usbd_control_reset
                0x000000001000c994       0x14 CMakeFiles/proj.dir/pico-sdk/lib/tinyusb/src/device/usbd_control.c.obj
                0x000000001000c994                usbd_control_reset
 .text.usbd_control_set_complete_callback
                0x000000001000c9a8        0xc CMakeFiles/proj.dir/pico-sdk/lib/tinyusb/src/device/usbd_control.c.obj
                0x000000001000c9a8                usbd_control_set_complete_callback
 .text.usbd_control_set_request
                0x000000001000c9b4       0x1c CMakeFiles/proj.dir/pico-sdk/lib/tinyusb/src/device/usbd_control.c.obj
                0x000000001000c9b4                usbd_control_set_request
 .text.usbd_control_xfer_cb
                0x000000001000c9d0       0xfc CMakeFiles/proj.dir/pico-sdk/lib/tinyusb/src/device/usbd_control.c.obj
                0x000000001000c9d0                usbd_control_xfer_cb
 .text.tud_cdc_n_connected
                0x000000001000cacc       0x30 CMakeFiles/proj.dir/pico-sdk/lib/tinyusb/src/class/cdc/cdc_device.c.obj
                0x000000001000cacc                tud_cdc_n_connected
 .text.tud_cdc_n_available
                0x000000001000cafc       0x18 CMakeFiles/proj.dir/pico-sdk/lib/tinyusb/src/class/cdc/cdc_device.c.obj
                0x000000001000cafc                tud_cdc_n_available
 .text.tud_cdc_n_read
                0x000000001000cb14       0x70 CMakeFiles/proj.dir/pico-sdk/lib/tinyusb/src/class/cdc/cdc_device.c.obj
                0x000000001000cb14                tud_cdc_n_read
 .text.tud_cdc_n_write_flush
                0x000000001000cb84       0x78 CMakeFiles/proj.dir/pico-sdk/lib/tinyusb/src/class/cdc/cdc_device.c.obj
                0x000000001000cb84                tud_cdc_n_write_flush
 .text.tud_cdc_n_write
                0x000000001000cbfc       0x34 CMakeFiles/proj.dir/pico-sdk/lib/tinyusb/src/class/cdc/cdc_device.c.obj
                0x000000001000cbfc                tud_cdc_n_write
 .text.tud_cdc_n_write_available
                0x000000001000cc30       0x18 CMakeFiles/proj.dir/pico-sdk/lib/tinyusb/src/class/cdc/cdc_device.c.obj
                0x000000001000cc30                tud_cdc_n_write_available
 .text.cdcd_init
                0x000000001000cc48       0x7c CMakeFiles/proj.dir/pico-sdk/lib/tinyusb/src/class/cdc/cdc_device.c.obj
                0x000000001000cc48                cdcd_init
 .text.cdcd_reset
                0x000000001000ccc4       0x2c CMakeFiles/proj.dir/pico-sdk/lib/tinyusb/src/class/cdc/cdc_device.c.obj
                0x000000001000ccc4                cdcd_reset
 .text.cdcd_open
                0x000000001000ccf0       0xe4 CMakeFiles/proj.dir/pico-sdk/lib/tinyusb/src/class/cdc/cdc_device.c.obj
                0x000000001000ccf0                cdcd_open
 .text.cdcd_control_xfer_cb
                0x000000001000cdd4       0xe4 CMakeFiles/proj.dir/pico-sdk/lib/tinyusb/src/class/cdc/cdc_device.c.obj
                0x000000001000cdd4                cdcd_control_xfer_cb
 .text.cdcd_xfer_cb
                0x000000001000ceb8      0x148 CMakeFiles/proj.dir/pico-sdk/lib/tinyusb/src/class/cdc/cdc_device.c.obj
                0x000000001000ceb8                cdcd_xfer_cb
 .text.tusb_init
                0x000000001000d000        0xc CMakeFiles/proj.dir/pico-sdk/lib/tinyusb/src/tusb.c.obj
                0x000000001000d000                tusb_init
 .text.tusb_inited
                0x000000001000d00c        0x8 CMakeFiles/proj.dir/pico-sdk/lib/tinyusb/src/tusb.c.obj
                0x000000001000d00c                tusb_inited
 .text.tu_edpt_validate
                0x000000001000d014       0x78 CMakeFiles/proj.dir/pico-sdk/lib/tinyusb/src/tusb.c.obj
                0x000000001000d014                tu_edpt_validate
 .text.tu_edpt_bind_driver
                0x000000001000d08c       0x2c CMakeFiles/proj.dir/pico-sdk/lib/tinyusb/src/tusb.c.obj
                0x000000001000d08c                tu_edpt_bind_driver
 .text.tu_fifo_config
                0x000000001000d0b8       0x78 CMakeFiles/proj.dir/pico-sdk/lib/tinyusb/src/common/tusb_fifo.c.obj
                0x000000001000d0b8                tu_fifo_config
 .text.tu_fifo_count
                0x000000001000d130       0x20 CMakeFiles/proj.dir/pico-sdk/lib/tinyusb/src/common/tusb_fifo.c.obj
                0x000000001000d130                tu_fifo_count
 .text.tu_fifo_empty
                0x000000001000d150       0x10 CMakeFiles/proj.dir/pico-sdk/lib/tinyusb/src/common/tusb_fifo.c.obj
                0x000000001000d150                tu_fifo_empty
 .text.tu_fifo_remaining
                0x000000001000d160       0x1c CMakeFiles/proj.dir/pico-sdk/lib/tinyusb/src/common/tusb_fifo.c.obj
                0x000000001000d160                tu_fifo_remaining
 .text.tu_fifo_read
                0x000000001000d17c       0x9c CMakeFiles/proj.dir/pico-sdk/lib/tinyusb/src/common/tusb_fifo.c.obj
                0x000000001000d17c                tu_fifo_read
 .text.tu_fifo_read_n
                0x000000001000d218      0x100 CMakeFiles/proj.dir/pico-sdk/lib/tinyusb/src/common/tusb_fifo.c.obj
                0x000000001000d218                tu_fifo_read_n
 .text.tu_fifo_write
                0x000000001000d318       0x7c CMakeFiles/proj.dir/pico-sdk/lib/tinyusb/src/common/tusb_fifo.c.obj
                0x000000001000d318                tu_fifo_write
 .text.tu_fifo_write_n
                0x000000001000d394      0x100 CMakeFiles/proj.dir/pico-sdk/lib/tinyusb/src/common/tusb_fifo.c.obj
                0x000000001000d394                tu_fifo_write_n
 .text.tu_fifo_clear
                0x000000001000d494       0x4c CMakeFiles/proj.dir/pico-sdk/lib/tinyusb/src/common/tusb_fifo.c.obj
                0x000000001000d494                tu_fifo_clear
 .text.tu_fifo_set_overwritable
                0x000000001000d4e0       0x3c CMakeFiles/proj.dir/pico-sdk/lib/tinyusb/src/common/tusb_fifo.c.obj
                0x000000001000d4e0                tu_fifo_set_overwritable
 .text.pio_sm_unclaim
                0x000000001000d51c       0x20 CMakeFiles/proj.dir/pico-sdk/src/rp2_common/hardware_pio/pio.c.obj
                0x000000001000d51c                pio_sm_unclaim
 .text.pio_claim_unused_sm
                0x000000001000d53c       0x3c CMakeFiles/proj.dir/pico-sdk/src/rp2_common/hardware_pio/pio.c.obj
                0x000000001000d53c                pio_claim_unused_sm
 .text.pio_can_add_program
                0x000000001000d578       0x68 CMakeFiles/proj.dir/pico-sdk/src/rp2_common/hardware_pio/pio.c.obj
                0x000000001000d578                pio_can_add_program
 .text.pio_add_program
                0x000000001000d5e0       0xc8 CMakeFiles/proj.dir/pico-sdk/src/rp2_common/hardware_pio/pio.c.obj
                0x000000001000d5e0                pio_add_program
 .text.pio_remove_program
                0x000000001000d6a8       0x34 CMakeFiles/proj.dir/pico-sdk/src/rp2_common/hardware_pio/pio.c.obj
                0x000000001000d6a8                pio_remove_program
 .text.pio_sm_set_pindirs_with_mask
                0x000000001000d6dc       0x88 CMakeFiles/proj.dir/pico-sdk/src/rp2_common/hardware_pio/pio.c.obj
                0x000000001000d6dc                pio_sm_set_pindirs_with_mask
 .text.pio_sm_set_consecutive_pindirs
                0x000000001000d764       0x84 CMakeFiles/proj.dir/pico-sdk/src/rp2_common/hardware_pio/pio.c.obj
                0x000000001000d764                pio_sm_set_consecutive_pindirs
 .text.dma_channel_unclaim
                0x000000001000d7e8       0x10 CMakeFiles/proj.dir/pico-sdk/src/rp2_common/hardware_dma/dma.c.obj
                0x000000001000d7e8                dma_channel_unclaim
 .text.dma_claim_unused_channel
                0x000000001000d7f8       0x20 CMakeFiles/proj.dir/pico-sdk/src/rp2_common/hardware_dma/dma.c.obj
                0x000000001000d7f8                dma_claim_unused_channel
 .text.lwip_init
                0x000000001000d818       0x24 CMakeFiles/proj.dir/pico-sdk/lib/lwip/src/core/init.c.obj
                0x000000001000d818                lwip_init
 .text.lwip_htons
                0x000000001000d83c        0x8 CMakeFiles/proj.dir/pico-sdk/lib/lwip/src/core/def.c.obj
                0x000000001000d83c                lwip_htons
 .text.lwip_htonl
                0x000000001000d844        0x4 CMakeFiles/proj.dir/pico-sdk/lib/lwip/src/core/def.c.obj
                0x000000001000d844                lwip_htonl
 .text.dns_call_found
                0x000000001000d848      0x134 CMakeFiles/proj.dir/pico-sdk/lib/lwip/src/core/dns.c.obj
 .text.dns_send.isra.0
                0x000000001000d97c      0x158 CMakeFiles/proj.dir/pico-sdk/lib/lwip/src/core/dns.c.obj
 .text.dns_init
                0x000000001000dad4        0x4 CMakeFiles/proj.dir/pico-sdk/lib/lwip/src/core/dns.c.obj
                0x000000001000dad4                dns_init
 .text.dns_setserver
                0x000000001000dad8       0x2c CMakeFiles/proj.dir/pico-sdk/lib/lwip/src/core/dns.c.obj
                0x000000001000dad8                dns_setserver
 .text.dns_tmr  0x000000001000db04      0x12c CMakeFiles/proj.dir/pico-sdk/lib/lwip/src/core/dns.c.obj
                0x000000001000db04                dns_tmr
 .text.lwip_standard_chksum
                0x000000001000dc30       0xd8 CMakeFiles/proj.dir/pico-sdk/lib/lwip/src/core/inet_chksum.c.obj
                0x000000001000dc30                lwip_standard_chksum
 .text.inet_chksum_pseudo
                0x000000001000dd08       0xb4 CMakeFiles/proj.dir/pico-sdk/lib/lwip/src/core/inet_chksum.c.obj
                0x000000001000dd08                inet_chksum_pseudo
 .text.ip_chksum_pseudo
                0x000000001000ddbc       0x10 CMakeFiles/proj.dir/pico-sdk/lib/lwip/src/core/inet_chksum.c.obj
                0x000000001000ddbc                ip_chksum_pseudo
 .text.inet_chksum
                0x000000001000ddcc        0xc CMakeFiles/proj.dir/pico-sdk/lib/lwip/src/core/inet_chksum.c.obj
                0x000000001000ddcc                inet_chksum
 .text.inet_chksum_pbuf
                0x000000001000ddd8       0x6c CMakeFiles/proj.dir/pico-sdk/lib/lwip/src/core/inet_chksum.c.obj
                0x000000001000ddd8                inet_chksum_pbuf
 .text.mem_init
                0x000000001000de44       0x40 CMakeFiles/proj.dir/pico-sdk/lib/lwip/src/core/mem.c.obj
                0x000000001000de44                mem_init
 .text.mem_free
                0x000000001000de84       0xe8 CMakeFiles/proj.dir/pico-sdk/lib/lwip/src/core/mem.c.obj
                0x000000001000de84                mem_free
 .text.mem_trim
                0x000000001000df6c       0xf4 CMakeFiles/proj.dir/pico-sdk/lib/lwip/src/core/mem.c.obj
                0x000000001000df6c                mem_trim
 .text.mem_malloc
                0x000000001000e060       0xe8 CMakeFiles/proj.dir/pico-sdk/lib/lwip/src/core/mem.c.obj
                0x000000001000e060                mem_malloc
 .text.mem_calloc
                0x000000001000e148       0x28 CMakeFiles/proj.dir/pico-sdk/lib/lwip/src/core/mem.c.obj
                0x000000001000e148                mem_calloc
 .text.memp_init
                0x000000001000e170       0x6c CMakeFiles/proj.dir/pico-sdk/lib/lwip/src/core/memp.c.obj
                0x000000001000e170                memp_init
 .text.memp_malloc
                0x000000001000e1dc       0x34 CMakeFiles/proj.dir/pico-sdk/lib/lwip/src/core/memp.c.obj
                0x000000001000e1dc                memp_malloc
 .text.memp_free
                0x000000001000e210       0x28 CMakeFiles/proj.dir/pico-sdk/lib/lwip/src/core/memp.c.obj
                0x000000001000e210                memp_free
 .text.netif_null_output_ip4
                0x000000001000e238        0x8 CMakeFiles/proj.dir/pico-sdk/lib/lwip/src/core/netif.c.obj
 .text.netif_init
                0x000000001000e240        0x4 CMakeFiles/proj.dir/pico-sdk/lib/lwip/src/core/netif.c.obj
                0x000000001000e240                netif_init
 .text.netif_set_addr
                0x000000001000e244       0xf0 CMakeFiles/proj.dir/pico-sdk/lib/lwip/src/core/netif.c.obj
                0x000000001000e244                netif_set_addr
 .text.netif_add
                0x000000001000e334       0xf0 CMakeFiles/proj.dir/pico-sdk/lib/lwip/src/core/netif.c.obj
                0x000000001000e334                netif_add
 .text.netif_remove
                0x000000001000e424       0x94 CMakeFiles/proj.dir/pico-sdk/lib/lwip/src/core/netif.c.obj
                0x000000001000e424                netif_remove
 .text.netif_set_default
                0x000000001000e4b8        0xc CMakeFiles/proj.dir/pico-sdk/lib/lwip/src/core/netif.c.obj
                0x000000001000e4b8                netif_set_default
 .text.netif_set_up
                0x000000001000e4c4       0x40 CMakeFiles/proj.dir/pico-sdk/lib/lwip/src/core/netif.c.obj
                0x000000001000e4c4                netif_set_up
 .text.netif_set_link_up
                0x000000001000e504       0x44 CMakeFiles/proj.dir/pico-sdk/lib/lwip/src/core/netif.c.obj
                0x000000001000e504                netif_set_link_up
 .text.netif_set_link_down
                0x000000001000e548       0x20 CMakeFiles/proj.dir/pico-sdk/lib/lwip/src/core/netif.c.obj
                0x000000001000e548                netif_set_link_down
 .text.netif_get_by_index
                0x000000001000e568       0x2c CMakeFiles/proj.dir/pico-sdk/lib/lwip/src/core/netif.c.obj
                0x000000001000e568                netif_get_by_index
 .text.pbuf_free_ooseq
                0x000000001000e594       0x34 CMakeFiles/proj.dir/pico-sdk/lib/lwip/src/core/pbuf.c.obj
                0x000000001000e594                pbuf_free_ooseq
 .text.pbuf_alloc
                0x000000001000e5c8      0x170 CMakeFiles/proj.dir/pico-sdk/lib/lwip/src/core/pbuf.c.obj
                0x000000001000e5c8                pbuf_alloc
 .text.pbuf_realloc
                0x000000001000e738       0xbc CMakeFiles/proj.dir/pico-sdk/lib/lwip/src/core/pbuf.c.obj
                0x000000001000e738                pbuf_realloc
 .text.pbuf_add_header
                0x000000001000e7f4       0x4c CMakeFiles/proj.dir/pico-sdk/lib/lwip/src/core/pbuf.c.obj
                0x000000001000e7f4                pbuf_add_header
 .text.pbuf_remove_header
                0x000000001000e840       0x38 CMakeFiles/proj.dir/pico-sdk/lib/lwip/src/core/pbuf.c.obj
                0x000000001000e840                pbuf_remove_header
 .text.pbuf_header_force
                0x000000001000e878       0x6c CMakeFiles/proj.dir/pico-sdk/lib/lwip/src/core/pbuf.c.obj
                0x000000001000e878                pbuf_header_force
 .text.pbuf_free
                0x000000001000e8e4       0x64 CMakeFiles/proj.dir/pico-sdk/lib/lwip/src/core/pbuf.c.obj
                0x000000001000e8e4                pbuf_free
 .text.pbuf_clen
                0x000000001000e948       0x14 CMakeFiles/proj.dir/pico-sdk/lib/lwip/src/core/pbuf.c.obj
                0x000000001000e948                pbuf_clen
 .text.pbuf_ref
                0x000000001000e95c       0x18 CMakeFiles/proj.dir/pico-sdk/lib/lwip/src/core/pbuf.c.obj
                0x000000001000e95c                pbuf_ref
 .text.pbuf_cat
                0x000000001000e974       0x2c CMakeFiles/proj.dir/pico-sdk/lib/lwip/src/core/pbuf.c.obj
                0x000000001000e974                pbuf_cat
 .text.pbuf_chain
                0x000000001000e9a0       0x44 CMakeFiles/proj.dir/pico-sdk/lib/lwip/src/core/pbuf.c.obj
                0x000000001000e9a0                pbuf_chain
 .text.pbuf_copy_partial_pbuf
                0x000000001000e9e4      0x11c CMakeFiles/proj.dir/pico-sdk/lib/lwip/src/core/pbuf.c.obj
                0x000000001000e9e4                pbuf_copy_partial_pbuf
 .text.pbuf_copy
                0x000000001000eb00       0x18 CMakeFiles/proj.dir/pico-sdk/lib/lwip/src/core/pbuf.c.obj
                0x000000001000eb00                pbuf_copy
 .text.pbuf_copy_partial
                0x000000001000eb18       0x70 CMakeFiles/proj.dir/pico-sdk/lib/lwip/src/core/pbuf.c.obj
                0x000000001000eb18                pbuf_copy_partial
 .text.pbuf_get_contiguous
                0x000000001000eb88       0xa0 CMakeFiles/proj.dir/pico-sdk/lib/lwip/src/core/pbuf.c.obj
                0x000000001000eb88                pbuf_get_contiguous
 .text.pbuf_take
                0x000000001000ec28       0x54 CMakeFiles/proj.dir/pico-sdk/lib/lwip/src/core/pbuf.c.obj
                0x000000001000ec28                pbuf_take
 .text.pbuf_take_at
                0x000000001000ec7c       0x9c CMakeFiles/proj.dir/pico-sdk/lib/lwip/src/core/pbuf.c.obj
                0x000000001000ec7c                pbuf_take_at
 .text.pbuf_clone
                0x000000001000ed18       0x20 CMakeFiles/proj.dir/pico-sdk/lib/lwip/src/core/pbuf.c.obj
                0x000000001000ed18                pbuf_clone
 .text.pbuf_get_at
                0x000000001000ed38       0x20 CMakeFiles/proj.dir/pico-sdk/lib/lwip/src/core/pbuf.c.obj
                0x000000001000ed38                pbuf_get_at
 .text.pbuf_put_at
                0x000000001000ed58       0x1c CMakeFiles/proj.dir/pico-sdk/lib/lwip/src/core/pbuf.c.obj
                0x000000001000ed58                pbuf_put_at
 .text.raw_input
                0x000000001000ed74      0x12c CMakeFiles/proj.dir/pico-sdk/lib/lwip/src/core/raw.c.obj
                0x000000001000ed74                raw_input
 .text.raw_netif_ip_addr_changed
                0x000000001000eea0       0x40 CMakeFiles/proj.dir/pico-sdk/lib/lwip/src/core/raw.c.obj
                0x000000001000eea0                raw_netif_ip_addr_changed
 .text.stats_init
                0x000000001000eee0        0x4 CMakeFiles/proj.dir/pico-sdk/lib/lwip/src/core/stats.c.obj
                0x000000001000eee0                stats_init
 .text.tcp_close_shutdown_fin
                0x000000001000eee4       0x4c CMakeFiles/proj.dir/pico-sdk/lib/lwip/src/core/tcp.c.obj
 .text.tcp_pcb_purge.part.0
                0x000000001000ef30       0xc4 CMakeFiles/proj.dir/pico-sdk/lib/lwip/src/core/tcp.c.obj
 .text.tcp_init
                0x000000001000eff4       0x20 CMakeFiles/proj.dir/pico-sdk/lib/lwip/src/core/tcp.c.obj
                0x000000001000eff4                tcp_init
 .text.tcp_free
                0x000000001000f014        0xc CMakeFiles/proj.dir/pico-sdk/lib/lwip/src/core/tcp.c.obj
                0x000000001000f014                tcp_free
 .text.tcp_bind
                0x000000001000f020       0xf8 CMakeFiles/proj.dir/pico-sdk/lib/lwip/src/core/tcp.c.obj
                0x000000001000f020                tcp_bind
 .text.tcp_update_rcv_ann_wnd
                0x000000001000f118       0x3c CMakeFiles/proj.dir/pico-sdk/lib/lwip/src/core/tcp.c.obj
                0x000000001000f118                tcp_update_rcv_ann_wnd
 .text.tcp_recved
                0x000000001000f154       0x78 CMakeFiles/proj.dir/pico-sdk/lib/lwip/src/core/tcp.c.obj
                0x000000001000f154                tcp_recved
 .text.tcp_connect
                0x000000001000f1cc      0x1ac CMakeFiles/proj.dir/pico-sdk/lib/lwip/src/core/tcp.c.obj
                0x000000001000f1cc                tcp_connect
 .text.tcp_slowtmr
                0x000000001000f378      0x434 CMakeFiles/proj.dir/pico-sdk/lib/lwip/src/core/tcp.c.obj
                0x000000001000f378                tcp_slowtmr
 .text.tcp_segs_free
                0x000000001000f7ac       0x38 CMakeFiles/proj.dir/pico-sdk/lib/lwip/src/core/tcp.c.obj
                0x000000001000f7ac                tcp_segs_free
 .text.tcp_seg_free
                0x000000001000f7e4       0x1c CMakeFiles/proj.dir/pico-sdk/lib/lwip/src/core/tcp.c.obj
                0x000000001000f7e4                tcp_seg_free
 .text.tcp_seg_copy
                0x000000001000f800       0x20 CMakeFiles/proj.dir/pico-sdk/lib/lwip/src/core/tcp.c.obj
                0x000000001000f800                tcp_seg_copy
 .text.tcp_arg  0x000000001000f820        0x8 CMakeFiles/proj.dir/pico-sdk/lib/lwip/src/core/tcp.c.obj
                0x000000001000f820                tcp_arg
 .text.tcp_recv
                0x000000001000f828        0xc CMakeFiles/proj.dir/pico-sdk/lib/lwip/src/core/tcp.c.obj
                0x000000001000f828                tcp_recv
 .text.tcp_sent
                0x000000001000f834        0xc CMakeFiles/proj.dir/pico-sdk/lib/lwip/src/core/tcp.c.obj
                0x000000001000f834                tcp_sent
 .text.tcp_err  0x000000001000f840        0xc CMakeFiles/proj.dir/pico-sdk/lib/lwip/src/core/tcp.c.obj
                0x000000001000f840                tcp_err
 .text.tcp_poll
                0x000000001000f84c        0xc CMakeFiles/proj.dir/pico-sdk/lib/lwip/src/core/tcp.c.obj
                0x000000001000f84c                tcp_poll
 .text.tcp_pcb_purge
                0x000000001000f858       0x18 CMakeFiles/proj.dir/pico-sdk/lib/lwip/src/core/tcp.c.obj
                0x000000001000f858                tcp_pcb_purge
 .text.tcp_pcb_remove
                0x000000001000f870       0x78 CMakeFiles/proj.dir/pico-sdk/lib/lwip/src/core/tcp.c.obj
                0x000000001000f870                tcp_pcb_remove
 .text.tcp_abandon
                0x000000001000f8e8      0x184 CMakeFiles/proj.dir/pico-sdk/lib/lwip/src/core/tcp.c.obj
                0x000000001000f8e8                tcp_abandon
 .text.tcp_abort
                0x000000001000fa6c        0xc CMakeFiles/proj.dir/pico-sdk/lib/lwip/src/core/tcp.c.obj
                0x000000001000fa6c                tcp_abort
 .text.tcp_alloc
                0x000000001000fa78      0x1cc CMakeFiles/proj.dir/pico-sdk/lib/lwip/src/core/tcp.c.obj
                0x000000001000fa78                tcp_alloc
 .text.tcp_new_ip_type
                0x000000001000fc44      0x1ac CMakeFiles/proj.dir/pico-sdk/lib/lwip/src/core/tcp.c.obj
                0x000000001000fc44                tcp_new_ip_type
 .text.tcp_close_shutdown
                0x000000001000fdf0      0x14c CMakeFiles/proj.dir/pico-sdk/lib/lwip/src/core/tcp.c.obj
 .text.tcp_recv_null
                0x000000001000ff3c       0xa8 CMakeFiles/proj.dir/pico-sdk/lib/lwip/src/core/tcp.c.obj
                0x000000001000ff3c                tcp_recv_null
 .text.tcp_process_refused_data
                0x000000001000ffe4       0xe8 CMakeFiles/proj.dir/pico-sdk/lib/lwip/src/core/tcp.c.obj
                0x000000001000ffe4                tcp_process_refused_data
 .text.tcp_fasttmr
                0x00000000100100cc       0x98 CMakeFiles/proj.dir/pico-sdk/lib/lwip/src/core/tcp.c.obj
                0x00000000100100cc                tcp_fasttmr
 .text.tcp_tmr  0x0000000010010164       0x20 CMakeFiles/proj.dir/pico-sdk/lib/lwip/src/core/tcp.c.obj
                0x0000000010010164                tcp_tmr
 .text.tcp_close
                0x0000000010010184      0x15c CMakeFiles/proj.dir/pico-sdk/lib/lwip/src/core/tcp.c.obj
                0x0000000010010184                tcp_close
 .text.tcp_next_iss
                0x00000000100102e0       0x18 CMakeFiles/proj.dir/pico-sdk/lib/lwip/src/core/tcp.c.obj
                0x00000000100102e0                tcp_next_iss
 .text.tcp_eff_send_mss_netif
                0x00000000100102f8       0x28 CMakeFiles/proj.dir/pico-sdk/lib/lwip/src/core/tcp.c.obj
                0x00000000100102f8                tcp_eff_send_mss_netif
 .text.tcp_netif_ip_addr_changed
                0x0000000010010320       0x9c CMakeFiles/proj.dir/pico-sdk/lib/lwip/src/core/tcp.c.obj
                0x0000000010010320                tcp_netif_ip_addr_changed
 .text.tcp_free_ooseq
                0x00000000100103bc       0x40 CMakeFiles/proj.dir/pico-sdk/lib/lwip/src/core/tcp.c.obj
                0x00000000100103bc                tcp_free_ooseq
 .text.tcp_parseopt
                0x00000000100103fc      0x180 CMakeFiles/proj.dir/pico-sdk/lib/lwip/src/core/tcp_in.c.obj
 .text.tcp_oos_insert_segment
                0x000000001001057c       0xd4 CMakeFiles/proj.dir/pico-sdk/lib/lwip/src/core/tcp_in.c.obj
 .text.tcp_receive
                0x0000000010010650      0xa3c CMakeFiles/proj.dir/pico-sdk/lib/lwip/src/core/tcp_in.c.obj
 .text.tcp_input
                0x000000001001108c      0xc64 CMakeFiles/proj.dir/pico-sdk/lib/lwip/src/core/tcp_in.c.obj
                0x000000001001108c                tcp_input
 .text.tcp_trigger_input_pcb_close
                0x0000000010011cf0       0x10 CMakeFiles/proj.dir/pico-sdk/lib/lwip/src/core/tcp_in.c.obj
                0x0000000010011cf0                tcp_trigger_input_pcb_close
 .text.tcp_create_segment
                0x0000000010011d00       0xd0 CMakeFiles/proj.dir/pico-sdk/lib/lwip/src/core/tcp_out.c.obj
 .text.tcp_output_control_segment
                0x0000000010011dd0       0xb4 CMakeFiles/proj.dir/pico-sdk/lib/lwip/src/core/tcp_out.c.obj
 .text.tcp_write
                0x0000000010011e84      0x2f8 CMakeFiles/proj.dir/pico-sdk/lib/lwip/src/core/tcp_out.c.obj
                0x0000000010011e84                tcp_write
 .text.tcp_split_unsent_seg
                0x000000001001217c      0x19c CMakeFiles/proj.dir/pico-sdk/lib/lwip/src/core/tcp_out.c.obj
                0x000000001001217c                tcp_split_unsent_seg
 .text.tcp_send_fin
                0x0000000010012318       0xe0 CMakeFiles/proj.dir/pico-sdk/lib/lwip/src/core/tcp_out.c.obj
                0x0000000010012318                tcp_send_fin
 .text.tcp_enqueue_flags
                0x00000000100123f8       0xa8 CMakeFiles/proj.dir/pico-sdk/lib/lwip/src/core/tcp_out.c.obj
                0x00000000100123f8                tcp_enqueue_flags
 .text.tcp_rexmit_rto_prepare
                0x00000000100124a0       0x8c CMakeFiles/proj.dir/pico-sdk/lib/lwip/src/core/tcp_out.c.obj
                0x00000000100124a0                tcp_rexmit_rto_prepare
 .text.tcp_rexmit
                0x000000001001252c       0x90 CMakeFiles/proj.dir/pico-sdk/lib/lwip/src/core/tcp_out.c.obj
                0x000000001001252c                tcp_rexmit
 .text.tcp_rexmit_fast
                0x00000000100125bc       0x58 CMakeFiles/proj.dir/pico-sdk/lib/lwip/src/core/tcp_out.c.obj
                0x00000000100125bc                tcp_rexmit_fast
 .text.tcp_rst  0x0000000010012614       0xbc CMakeFiles/proj.dir/pico-sdk/lib/lwip/src/core/tcp_out.c.obj
                0x0000000010012614                tcp_rst
 .text.tcp_rst_netif
                0x00000000100126d0       0xfc CMakeFiles/proj.dir/pico-sdk/lib/lwip/src/core/tcp_out.c.obj
                0x00000000100126d0                tcp_rst_netif
 .text.tcp_send_empty_ack
                0x00000000100127cc       0xdc CMakeFiles/proj.dir/pico-sdk/lib/lwip/src/core/tcp_out.c.obj
                0x00000000100127cc                tcp_send_empty_ack
 .text.tcp_output
                0x00000000100128a8      0x410 CMakeFiles/proj.dir/pico-sdk/lib/lwip/src/core/tcp_out.c.obj
                0x00000000100128a8                tcp_output
 .text.tcp_rexmit_rto_commit
                0x0000000010012cb8       0x14 CMakeFiles/proj.dir/pico-sdk/lib/lwip/src/core/tcp_out.c.obj
                0x0000000010012cb8                tcp_rexmit_rto_commit
 .text.tcp_rexmit_rto
                0x0000000010012ccc       0x98 CMakeFiles/proj.dir/pico-sdk/lib/lwip/src/core/tcp_out.c.obj
                0x0000000010012ccc                tcp_rexmit_rto
 .text.tcp_keepalive
                0x0000000010012d64       0xc4 CMakeFiles/proj.dir/pico-sdk/lib/lwip/src/core/tcp_out.c.obj
                0x0000000010012d64                tcp_keepalive
 .text.tcp_zero_window_probe
                0x0000000010012e28      0x18c CMakeFiles/proj.dir/pico-sdk/lib/lwip/src/core/tcp_out.c.obj
                0x0000000010012e28                tcp_zero_window_probe
 .text.tcpip_tcp_timer
                0x0000000010012fb4       0x6c CMakeFiles/proj.dir/pico-sdk/lib/lwip/src/core/timeouts.c.obj
 .text.lwip_cyclic_timer
                0x0000000010013020       0x90 CMakeFiles/proj.dir/pico-sdk/lib/lwip/src/core/timeouts.c.obj
 .text.tcp_timer_needed
                0x00000000100130b0       0x70 CMakeFiles/proj.dir/pico-sdk/lib/lwip/src/core/timeouts.c.obj
                0x00000000100130b0                tcp_timer_needed
 .text.sys_timeouts_init
                0x0000000010013120       0x78 CMakeFiles/proj.dir/pico-sdk/lib/lwip/src/core/timeouts.c.obj
                0x0000000010013120                sys_timeouts_init
 .text.sys_timeout
                0x0000000010013198       0x44 CMakeFiles/proj.dir/pico-sdk/lib/lwip/src/core/timeouts.c.obj
                0x0000000010013198                sys_timeout
 .text.sys_untimeout
                0x00000000100131dc       0x40 CMakeFiles/proj.dir/pico-sdk/lib/lwip/src/core/timeouts.c.obj
                0x00000000100131dc                sys_untimeout
 .text.sys_check_timeouts
                0x000000001001321c       0x68 CMakeFiles/proj.dir/pico-sdk/lib/lwip/src/core/timeouts.c.obj
                0x000000001001321c                sys_check_timeouts
 .text.udp_init
                0x0000000010013284       0x20 CMakeFiles/proj.dir/pico-sdk/lib/lwip/src/core/udp.c.obj
                0x0000000010013284                udp_init
 .text.udp_input
                0x00000000100132a4      0x234 CMakeFiles/proj.dir/pico-sdk/lib/lwip/src/core/udp.c.obj
                0x00000000100132a4                udp_input
 .text.udp_bind
                0x00000000100134d8      0x10c CMakeFiles/proj.dir/pico-sdk/lib/lwip/src/core/udp.c.obj
                0x00000000100134d8                udp_bind
 .text.udp_sendto_if_src
                0x00000000100135e4      0x120 CMakeFiles/proj.dir/pico-sdk/lib/lwip/src/core/udp.c.obj
                0x00000000100135e4                udp_sendto_if_src
 .text.udp_sendto_if
                0x0000000010013704       0x48 CMakeFiles/proj.dir/pico-sdk/lib/lwip/src/core/udp.c.obj
                0x0000000010013704                udp_sendto_if
 .text.udp_sendto
                0x000000001001374c       0x7c CMakeFiles/proj.dir/pico-sdk/lib/lwip/src/core/udp.c.obj
                0x000000001001374c                udp_sendto
 .text.udp_connect
                0x00000000100137c8       0x64 CMakeFiles/proj.dir/pico-sdk/lib/lwip/src/core/udp.c.obj
                0x00000000100137c8                udp_connect
 .text.udp_recv
                0x000000001001382c        0xc CMakeFiles/proj.dir/pico-sdk/lib/lwip/src/core/udp.c.obj
                0x000000001001382c                udp_recv
 .text.udp_remove
                0x0000000010013838       0x3c CMakeFiles/proj.dir/pico-sdk/lib/lwip/src/core/udp.c.obj
                0x0000000010013838                udp_remove