Archive member included to satisfy reference by file (symbol)

/usr/lib/gcc/arm-none-eabi/10.3.1/thumb/v6-m/nofp/libgcc.a(_dvmd_tls.o)
                              CMakeFiles/proj.dir/home/dby/Documents/project/master/pico-sdk/src/rp2_common/pico_divider/divider.S.obj (__aeabi_idiv0)
/usr/lib/gcc/arm-none-eabi/10.3.1/../../../arm-none-eabi/lib/thumb/v6-m/nofp/libc.a(lib_a-atexit.o)
                              /usr/lib/gcc/arm-none-eabi/10.3.1/../../../arm-none-eabi/lib/thumb/v6-m/nofp/crt0.o (atexit)
/usr/lib/gcc/arm-none-eabi/10.3.1/../../../arm-none-eabi/lib/thumb/v6-m/nofp/libc.a(lib_a-atoi.o)
                              CMakeFiles/proj.dir/home/dby/Documents/project/master/pico-sdk/lib/lwip/src/core/netif.c.obj (atoi)
/usr/lib/gcc/arm-none-eabi/10.3.1/../../../arm-none-eabi/lib/thumb/v6-m/nofp/libc.a(lib_a-calloc.o)
                              CMakeFiles/proj.dir/home/dby/Documents/project/master/pico-sdk/src/rp2_common/pico_malloc/pico_malloc.c.obj (calloc)
/usr/lib/gcc/arm-none-eabi/10.3.1/../../../arm-none-eabi/lib/thumb/v6-m/nofp/libc.a(lib_a-callocr.o)
                              /usr/lib/gcc/arm-none-eabi/10.3.1/../../../arm-none-eabi/lib/thumb/v6-m/nofp/libc.a(lib_a-calloc.o) (_calloc_r)
/usr/lib/gcc/arm-none-eabi/10.3.1/../../../arm-none-eabi/lib/thumb/v6-m/nofp/libc.a(lib_a-ctype_.o)
                              CMakeFiles/proj.dir/home/dby/Documents/project/master/pico-sdk/lib/lwip/src/core/dns.c.obj (_ctype_)
/usr/lib/gcc/arm-none-eabi/10.3.1/../../../arm-none-eabi/lib/thumb/v6-m/nofp/libc.a(lib_a-fini.o)
                              /usr/lib/gcc/arm-none-eabi/10.3.1/../../../arm-none-eabi/lib/thumb/v6-m/nofp/crt0.o (__libc_fini_array)
/usr/lib/gcc/arm-none-eabi/10.3.1/../../../arm-none-eabi/lib/thumb/v6-m/nofp/libc.a(lib_a-impure.o)
                              /usr/lib/gcc/arm-none-eabi/10.3.1/../../../arm-none-eabi/lib/thumb/v6-m/nofp/libc.a(lib_a-calloc.o) (_impure_ptr)
/usr/lib/gcc/arm-none-eabi/10.3.1/../../../arm-none-eabi/lib/thumb/v6-m/nofp/libc.a(lib_a-init.o)
                              /usr/lib/gcc/arm-none-eabi/10.3.1/../../../arm-none-eabi/lib/thumb/v6-m/nofp/crt0.o (__libc_init_array)
/usr/lib/gcc/arm-none-eabi/10.3.1/../../../arm-none-eabi/lib/thumb/v6-m/nofp/libc.a(lib_a-malloc.o)
                              CMakeFiles/proj.dir/home/dby/Documents/project/master/pico-sdk/src/rp2_common/pico_malloc/pico_malloc.c.obj (malloc)
/usr/lib/gcc/arm-none-eabi/10.3.1/../../../arm-none-eabi/lib/thumb/v6-m/nofp/libc.a(lib_a-mallocr.o)
                              /usr/lib/gcc/arm-none-eabi/10.3.1/../../../arm-none-eabi/lib/thumb/v6-m/nofp/libc.a(lib_a-callocr.o) (_malloc_r)
/usr/lib/gcc/arm-none-eabi/10.3.1/../../../arm-none-eabi/lib/thumb/v6-m/nofp/libc.a(lib_a-memcmp.o)
                              CMakeFiles/proj.dir/home/dby/Documents/project/master/pico-sdk/lib/lwip/src/netif/ethernet.c.obj (memcmp)
/usr/lib/gcc/arm-none-eabi/10.3.1/../../../arm-none-eabi/lib/thumb/v6-m/nofp/libc.a(lib_a-memmove.o)
                              CMakeFiles/proj.dir/home/dby/Documents/project/master/pico-sdk/lib/cyw43-driver/src/cyw43_ll.c.obj (memmove)
/usr/lib/gcc/arm-none-eabi/10.3.1/../../../arm-none-eabi/lib/thumb/v6-m/nofp/libc.a(lib_a-mlock.o)
                              /usr/lib/gcc/arm-none-eabi/10.3.1/../../../arm-none-eabi/lib/thumb/v6-m/nofp/libc.a(lib_a-mallocr.o) (__malloc_lock)
/usr/lib/gcc/arm-none-eabi/10.3.1/../../../arm-none-eabi/lib/thumb/v6-m/nofp/libc.a(lib_a-realloc.o)
                              CMakeFiles/proj.dir/home/dby/Documents/project/master/pico-sdk/src/rp2_common/pico_malloc/pico_malloc.c.obj (realloc)
/usr/lib/gcc/arm-none-eabi/10.3.1/../../../arm-none-eabi/lib/thumb/v6-m/nofp/libc.a(lib_a-reallocr.o)
                              /usr/lib/gcc/arm-none-eabi/10.3.1/../../../arm-none-eabi/lib/thumb/v6-m/nofp/libc.a(lib_a-realloc.o) (_realloc_r)
/usr/lib/gcc/arm-none-eabi/10.3.1/../../../arm-none-eabi/lib/thumb/v6-m/nofp/libc.a(lib_a-sbrkr.o)
                              /usr/lib/gcc/arm-none-eabi/10.3.1/../../../arm-none-eabi/lib/thumb/v6-m/nofp/libc.a(lib_a-mallocr.o) (_sbrk_r)
/usr/lib/gcc/arm-none-eabi/10.3.1/../../../arm-none-eabi/lib/thumb/v6-m/nofp/libc.a(lib_a-strcmp.o)
                              CMakeFiles/proj.dir/src/proj_mqtt.c.obj (strcmp)
/usr/lib/gcc/arm-none-eabi/10.3.1/../../../arm-none-eabi/lib/thumb/v6-m/nofp/libc.a(lib_a-strlen-stub.o)
                              CMakeFiles/proj.dir/main.c.obj (strlen)
/usr/lib/gcc/arm-none-eabi/10.3.1/../../../arm-none-eabi/lib/thumb/v6-m/nofp/libc.a(lib_a-strncmp.o)
                              CMakeFiles/proj.dir/home/dby/Documents/project/master/pico-sdk/lib/cyw43-driver/src/cyw43_ll.c.obj (strncmp)
/usr/lib/gcc/arm-none-eabi/10.3.1/../../../arm-none-eabi/lib/thumb/v6-m/nofp/libc.a(lib_a-strtol.o)
                              /usr/lib/gcc/arm-none-eabi/10.3.1/../../../arm-none-eabi/lib/thumb/v6-m/nofp/libc.a(lib_a-atoi.o) (_strtol_r)
[...]
Memory Configuration

Name             Origin             Length             Attributes
FLASH            0x0000000010000000 0x0000000000200000 xr
RAM              0x0000000020000000 0x0000000000040000 xrw
SCRATCH_X        0x0000000020040000 0x0000000000001000 xrw
SCRATCH_Y        0x0000000020041000 0x0000000000001000 xrw
*default*        0x0000000000000000 0xffffffffffffffff

Linker script and memory map

LOAD /usr/lib/gcc/arm-none-eabi/10.3.1/thumb/v6-m/nofp/crti.o
LOAD /usr/lib/gcc/arm-none-eabi/10.3.1/thumb/v6-m/nofp/crtbegin.o
LOAD /usr/lib/gcc/arm-none-eabi/10.3.1/../../../arm-none-eabi/lib/thumb/v6-m/nofp/crt0.o

.flash_begin    0x0000000010000000        0x0
                0x0000000010000000                __flash_binary_start = .

.boot2          0x0000000010000000      0x100
                0x0000000010000000                __boot2_start__ = .
 *(.boot2)
 .boot2         0x0000000010000000      0x100 /tmp/ccjvmtGN.o
                0x0000000010000100                __boot2_end__ = .
                0x0000000000000001                ASSERT (((__boot2_end__ - __boot2_start__) == 0x100), ERROR: Pico second stage bootloader must be 256 bytes in size)

.text           0x0000000010000100    0x19768
                0x0000000010000100                __logical_binary_start = .
 *(.vectors)
 .vectors       0x0000000010000100       0xd4 CMakeFiles/proj.dir/home/dby/Documents/project/master/pico-sdk/src/rp2_common/pico_standard_link/crt0.S.obj
                0x0000000010000100                __vectors
                0x0000000010000100                __VECTOR_TABLE
                0x00000000100001c0                isr_invalid
                0x00000000100001c0                __default_isrs_start
                0x00000000100001c2                isr_nmi
                0x00000000100001c4                isr_hardfault
                0x00000000100001c6                isr_svcall
                0x00000000100001c8                isr_pendsv
                0x00000000100001ca                isr_systick
                0x00000000100001cc                isr_irq30
                0x00000000100001cc                __unhandled_user_irq
                0x00000000100001cc                isr_irq13
                0x00000000100001cc                isr_irq27
                0x00000000100001cc                isr_irq31
                0x00000000100001cc                isr_irq5
                0x00000000100001cc                isr_irq11
                0x00000000100001cc                isr_irq23
                0x00000000100001cc                isr_irq18
                0x00000000100001cc                isr_irq28
                0x00000000100001cc                isr_irq19
                0x00000000100001cc                isr_irq0
                0x00000000100001cc                isr_irq6
                0x00000000100001cc                isr_irq22
                0x00000000100001cc                isr_irq17
                0x00000000100001cc                isr_irq14
                0x00000000100001cc                isr_irq2
                0x00000000100001cc                isr_irq10
                0x00000000100001cc                isr_irq8
                0x00000000100001cc                isr_irq24
                0x00000000100001cc                isr_irq1
                0x00000000100001cc                isr_irq7
                0x00000000100001cc                isr_irq21
                0x00000000100001cc                isr_irq20
                0x00000000100001cc                isr_irq15
                0x00000000100001cc                isr_irq25
                0x00000000100001cc                isr_irq4
                0x00000000100001cc                isr_irq16
                0x00000000100001cc                isr_irq29
                0x00000000100001cc                isr_irq26
                0x00000000100001cc                __default_isrs_end
                0x00000000100001cc                isr_irq3
                0x00000000100001cc                isr_irq12
                0x00000000100001cc                isr_irq9
                0x00000000100001d2                unhandled_user_irq_num_in_r0
 *(.binary_info_header)
 .binary_info_header
                0x00000000100001d4       0x14 CMakeFiles/proj.dir/home/dby/Documents/project/master/pico-sdk/src/rp2_common/pico_standard_link/crt0.S.obj
                0x00000000100001e8                __binary_info_header_end = .
 *(.reset)
 .reset         0x00000000100001e8       0xa8 CMakeFiles/proj.dir/home/dby/Documents/project/master/pico-sdk/src/rp2_common/pico_standard_link/crt0.S.obj
                0x00000000100001e8                _entry_point
                0x0000000010000266                __get_current_exception
 .reset         0x0000000010000290       0x30 CMakeFiles/proj.dir/home/dby/Documents/project/master/pico-sdk/src/rp2_common/pico_standard_link/binary_info.c.obj
 *(.init)
 .init          0x00000000100002c0        0x4 /usr/lib/gcc/arm-none-eabi/10.3.1/thumb/v6-m/nofp/crti.o
                0x00000000100002c0                _init
 *(EXCLUDE_FILE(*libm.a: *libc.a:*lib_a-mem*.o *libgcc.a:) .text*)
 .text          0x00000000100002c4       0x98 /usr/lib/gcc/arm-none-eabi/10.3.1/thumb/v6-m/nofp/crtbegin.o
 .text.startup.main
                0x000000001000035c      0x21c CMakeFiles/proj.dir/main.c.obj
                0x000000001000035c                main
 .text.getTempAndHumidityData
                0x0000000010000578       0xd4 CMakeFiles/proj.dir/src/temp_h.c.obj
                0x0000000010000578                getTempAndHumidityData
 .text.ssd1306_draw_char_with_font.part.0
                0x000000001000064c      0x10c CMakeFiles/proj.dir/src/ssd1306.c.obj
 .text.ssd1306_init
                0x0000000010000758      0x14c CMakeFiles/proj.dir/src/ssd1306.c.obj
                0x0000000010000758                ssd1306_init
 .text.ssd1306_contrast
                0x00000000100008a4       0x7c CMakeFiles/proj.dir/src/ssd1306.c.obj
                0x00000000100008a4                ssd1306_contrast
 .text.ssd1306_clear
                0x0000000010000920       0x10 CMakeFiles/proj.dir/src/ssd1306.c.obj
                0x0000000010000920                ssd1306_clear
 .text.ssd1306_draw_string
                0x0000000010000930       0x64 CMakeFiles/proj.dir/src/ssd1306.c.obj
                0x0000000010000930                ssd1306_draw_string
 .text.ssd1306_show
                0x0000000010000994       0xd0 CMakeFiles/proj.dir/src/ssd1306.c.obj
                0x0000000010000994                ssd1306_show
 .text.getI2cInit
                0x0000000010000a64       0x38 CMakeFiles/proj.dir/src/oled.c.obj
                0x0000000010000a64                getI2cInit
 .text.initOled
                0x0000000010000a9c       0x34 CMakeFiles/proj.dir/src/oled.c.obj
                0x0000000010000a9c                initOled
 .text.oledClean
                0x0000000010000ad0       0x10 CMakeFiles/proj.dir/src/oled.c.obj
                0x0000000010000ad0                oledClean
 .text.printIntoStrDeg
                0x0000000010000ae0       0x24 CMakeFiles/proj.dir/src/oled.c.obj
                0x0000000010000ae0                printIntoStrDeg
 .text.printIntoStrHum
                0x0000000010000b04       0x24 CMakeFiles/proj.dir/src/oled.c.obj
                0x0000000010000b04                printIntoStrHum
 .text.oledDisplay
                0x0000000010000b28       0x1c CMakeFiles/proj.dir/src/oled.c.obj
                0x0000000010000b28                oledDisplay
 .text.oledShow
                0x0000000010000b44       0x10 CMakeFiles/proj.dir/src/oled.c.obj
                0x0000000010000b44                oledShow
 .text.getCm    0x0000000010000b54       0x9c CMakeFiles/proj.dir/src/ultrasonic.c.obj
                0x0000000010000b54                getCm
 .text.mqtt_sub_request_cb
                0x0000000010000bf0       0x10 CMakeFiles/proj.dir/src/proj_mqtt.c.obj
                0x0000000010000bf0                mqtt_sub_request_cb
 .text.mqtt_incoming_publish_cb
                0x0000000010000c00       0x34 CMakeFiles/proj.dir/src/proj_mqtt.c.obj
                0x0000000010000c00                mqtt_incoming_publish_cb
 .text.mqtt_incoming_data_cb
                0x0000000010000c34       0x58 CMakeFiles/proj.dir/src/proj_mqtt.c.obj
                0x0000000010000c34                mqtt_incoming_data_cb
 .text.mqtt_connect_cb
                0x0000000010000c8c       0xb0 CMakeFiles/proj.dir/src/proj_mqtt.c.obj
                0x0000000010000c8c                mqtt_connect_cb
 .text.mqtt_connect
                0x0000000010000d3c       0x54 CMakeFiles/proj.dir/src/proj_mqtt.c.obj
                0x0000000010000d3c                mqtt_connect
 .text.mqtt_pub_request_cb
                0x0000000010000d90       0x14 CMakeFiles/proj.dir/src/proj_mqtt.c.obj
                0x0000000010000d90                mqtt_pub_request_cb
 .text.mqtt_output_send
                0x0000000010000da4       0xcc CMakeFiles/proj.dir/home/dby/Documents/project/master/pico-sdk/lib/lwip/src/apps/mqtt/mqtt.c.obj
 .text.mqtt_close
                0x0000000010000e70       0x70 CMakeFiles/proj.dir/home/dby/Documents/project/master/pico-sdk/lib/lwip/src/apps/mqtt/mqtt.c.obj
 .text.mqtt_cyclic_timer
                0x0000000010000ee0      0x128 CMakeFiles/proj.dir/home/dby/Documents/project/master/pico-sdk/lib/lwip/src/apps/mqtt/mqtt.c.obj
 .text.mqtt_tcp_sent_cb
                0x0000000010001008       0x70 CMakeFiles/proj.dir/home/dby/Documents/project/master/pico-sdk/lib/lwip/src/apps/mqtt/mqtt.c.obj
 .text.pub_ack_rec_rel_response.isra.0
                0x0000000010001078       0xa8 CMakeFiles/proj.dir/home/dby/Documents/project/master/pico-sdk/lib/lwip/src/apps/mqtt/mqtt.c.obj
 .text.mqtt_message_received
                0x0000000010001120      0x21c CMakeFiles/proj.dir/home/dby/Documents/project/master/pico-sdk/lib/lwip/src/apps/mqtt/mqtt.c.obj
 .text.mqtt_tcp_recv_cb
                0x000000001000133c      0x19c CMakeFiles/proj.dir/home/dby/Documents/project/master/pico-sdk/lib/lwip/src/apps/mqtt/mqtt.c.obj
 .text.mqtt_tcp_err_cb
                0x00000000100014d8       0x44 CMakeFiles/proj.dir/home/dby/Documents/project/master/pico-sdk/lib/lwip/src/apps/mqtt/mqtt.c.obj
 .text.mqtt_tcp_connect_cb
                0x000000001000151c      0x138 CMakeFiles/proj.dir/home/dby/Documents/project/master/pico-sdk/lib/lwip/src/apps/mqtt/mqtt.c.obj
 .text.mqtt_tcp_poll_cb
                0x0000000010001654       0xf4 CMakeFiles/proj.dir/home/dby/Documents/project/master/pico-sdk/lib/lwip/src/apps/mqtt/mqtt.c.obj
 .text.mqtt_publish
                0x0000000010001748      0x2f4 CMakeFiles/proj.dir/home/dby/Documents/project/master/pico-sdk/lib/lwip/src/apps/mqtt/mqtt.c.obj
                0x0000000010001748                mqtt_publish
 .text.mqtt_sub_unsub
                0x0000000010001a3c      0x294 CMakeFiles/proj.dir/home/dby/Documents/project/master/pico-sdk/lib/lwip/src/apps/mqtt/mqtt.c.obj
                0x0000000010001a3c                mqtt_sub_unsub
 .text.mqtt_set_inpub_callback
                0x0000000010001cd0        0x8 CMakeFiles/proj.dir/home/dby/Documents/project/master/pico-sdk/lib/lwip/src/apps/mqtt/mqtt.c.obj
                0x0000000010001cd0                mqtt_set_inpub_callback
 .text.mqtt_client_new
                0x0000000010001cd8       0x10 CMakeFiles/proj.dir/home/dby/Documents/project/master/pico-sdk/lib/lwip/src/apps/mqtt/mqtt.c.obj
                0x0000000010001cd8                mqtt_client_new
 .text.mqtt_client_connect
                0x0000000010001ce8      0x698 CMakeFiles/proj.dir/home/dby/Documents/project/master/pico-sdk/lib/lwip/src/apps/mqtt/mqtt.c.obj
                0x0000000010001ce8                mqtt_client_connect
 .text.mqtt_client_is_connected
                0x0000000010002380        0xc CMakeFiles/proj.dir/home/dby/Documents/project/master/pico-sdk/lib/lwip/src/apps/mqtt/mqtt.c.obj
                0x0000000010002380                mqtt_client_is_connected
 .text.cyw43_arch_enable_sta_mode
                0x000000001000238c       0x1c CMakeFiles/proj.dir/home/dby/Documents/project/master/pico-sdk/src/rp2_common/pico_cyw43_arch/cyw43_arch.c.obj
                0x000000001000238c                cyw43_arch_enable_sta_mode
 .text.cyw43_arch_wifi_connect_timeout_ms
                0x00000000100023a8       0xe8 CMakeFiles/proj.dir/home/dby/Documents/project/master/pico-sdk/src/rp2_common/pico_cyw43_arch/cyw43_arch.c.obj
                0x00000000100023a8                cyw43_arch_wifi_connect_timeout_ms
 .text.cyw43_hal_generate_laa_mac
                0x0000000010002490       0x28 CMakeFiles/proj.dir/home/dby/Documents/project/master/pico-sdk/src/rp2_common/pico_cyw43_arch/cyw43_arch.c.obj
                0x0000000010002490                cyw43_hal_generate_laa_mac
 .text.cyw43_hal_get_mac
                0x00000000100024b8       0x1c CMakeFiles/proj.dir/home/dby/Documents/project/master/pico-sdk/src/rp2_common/pico_cyw43_arch/cyw43_arch.c.obj
                0x00000000100024b8                cyw43_hal_get_mac
 .text.cyw43_arch_gpio_put
                0x00000000100024d4       0x14 CMakeFiles/proj.dir/home/dby/Documents/project/master/pico-sdk/src/rp2_common/pico_cyw43_arch/cyw43_arch.c.obj
                0x00000000100024d4                cyw43_arch_gpio_put
 .text.low_priority_irq_handler
                0x00000000100024e8       0x4c CMakeFiles/proj.dir/home/dby/Documents/project/master/pico-sdk/src/rp2_common/pico_cyw43_arch/cyw43_arch_threadsafe_background.c.obj
 .text.periodic_worker
                0x0000000010002534       0x70 CMakeFiles/proj.dir/home/dby/Documents/project/master/pico-sdk/src/rp2_common/pico_cyw43_arch/cyw43_arch_threadsafe_background.c.obj
 .text.periodic_alarm_handler
                0x00000000100025a4       0x58 CMakeFiles/proj.dir/home/dby/Documents/project/master/pico-sdk/src/rp2_common/pico_cyw43_arch/cyw43_arch_threadsafe_background.c.obj
 .text.gpio_irq_handler
                0x00000000100025fc       0x90 CMakeFiles/proj.dir/home/dby/Documents/project/master/pico-sdk/src/rp2_common/pico_cyw43_arch/cyw43_arch_threadsafe_background.c.obj
 .text.cyw43_await_background_or_timeout_us
                0x000000001000268c       0x1c CMakeFiles/proj.dir/home/dby/Documents/project/master/pico-sdk/src/rp2_common/pico_cyw43_arch/cyw43_arch_threadsafe_background.c.obj
                0x000000001000268c                cyw43_await_background_or_timeout_us
 .text.cyw43_arch_init
                0x00000000100026a8      0x134 CMakeFiles/proj.dir/home/dby/Documents/project/master/pico-sdk/src/rp2_common/pico_cyw43_arch/cyw43_arch_threadsafe_background.c.obj
                0x00000000100026a8                cyw43_arch_init
 .text.cyw43_post_poll_hook
                0x00000000100027dc       0x10 CMakeFiles/proj.dir/home/dby/Documents/project/master/pico-sdk/src/rp2_common/pico_cyw43_arch/cyw43_arch_threadsafe_background.c.obj
                0x00000000100027dc                cyw43_post_poll_hook
 .text.cyw43_schedule_internal_poll_dispatch
                0x00000000100027ec       0x4c CMakeFiles/proj.dir/home/dby/Documents/project/master/pico-sdk/src/rp2_common/pico_cyw43_arch/cyw43_arch_threadsafe_background.c.obj
                0x00000000100027ec                cyw43_schedule_internal_poll_dispatch
 .text.cyw43_thread_enter
                0x0000000010002838       0x10 CMakeFiles/proj.dir/home/dby/Documents/project/master/pico-sdk/src/rp2_common/pico_cyw43_arch/cyw43_arch_threadsafe_background.c.obj
                0x0000000010002838                cyw43_thread_enter
 .text.cyw43_thread_exit
                0x0000000010002848       0x6c CMakeFiles/proj.dir/home/dby/Documents/project/master/pico-sdk/src/rp2_common/pico_cyw43_arch/cyw43_arch_threadsafe_background.c.obj
                0x0000000010002848                cyw43_thread_exit
 .text.cyw43_delay_ms
                0x00000000100028b4       0x50 CMakeFiles/proj.dir/home/dby/Documents/project/master/pico-sdk/src/rp2_common/pico_cyw43_arch/cyw43_arch_threadsafe_background.c.obj
                0x00000000100028b4                cyw43_delay_ms
 .text.cyw43_delay_us
                0x0000000010002904       0x44 CMakeFiles/proj.dir/home/dby/Documents/project/master/pico-sdk/src/rp2_common/pico_cyw43_arch/cyw43_arch_threadsafe_background.c.obj
                0x0000000010002904                cyw43_delay_us
 .text.cyw43_arch_poll
                0x0000000010002948        0x4 CMakeFiles/proj.dir/home/dby/Documents/project/master/pico-sdk/src/rp2_common/pico_cyw43_arch/cyw43_arch_threadsafe_background.c.obj
                0x0000000010002948                cyw43_arch_poll
 .text.startup._retrieve_unique_id_on_boot
                0x000000001000294c       0x10 CMakeFiles/proj.dir/home/dby/Documents/project/master/pico-sdk/src/rp2_common/pico_unique_id/unique_id.c.obj
 .text.pico_get_unique_board_id
                0x000000001000295c       0x10 CMakeFiles/proj.dir/home/dby/Documents/project/master/pico-sdk/src/rp2_common/pico_unique_id/unique_id.c.obj
                0x000000001000295c                pico_get_unique_board_id
 .text.pico_get_unique_board_id_string
                0x000000001000296c      0x1a8 CMakeFiles/proj.dir/home/dby/Documents/project/master/pico-sdk/src/rp2_common/pico_unique_id/unique_id.c.obj
                0x000000001000296c                pico_get_unique_board_id_string
 .text.flash_get_unique_id
                0x0000000010002b14       0x40 CMakeFiles/proj.dir/home/dby/Documents/project/master/pico-sdk/src/rp2_common/hardware_flash/flash.c.obj
                0x0000000010002b14                flash_get_unique_id
 .text.hw_claim_lock
                0x0000000010002b54       0x18 CMakeFiles/proj.dir/home/dby/Documents/project/master/pico-sdk/src/rp2_common/hardware_claim/claim.c.obj
                0x0000000010002b54                hw_claim_lock
 .text.hw_claim_unlock
                0x0000000010002b6c       0x14 CMakeFiles/proj.dir/home/dby/Documents/project/master/pico-sdk/src/rp2_common/hardware_claim/claim.c.obj
                0x0000000010002b6c                hw_claim_unlock
 .text.hw_claim_or_assert
                0x0000000010002b80       0x44 CMakeFiles/proj.dir/home/dby/Documents/project/master/pico-sdk/src/rp2_common/hardware_claim/claim.c.obj
                0x0000000010002b80                hw_claim_or_assert
 .text.hw_claim_unused_from_range
                0x0000000010002bc4       0x9c CMakeFiles/proj.dir/home/dby/Documents/project/master/pico-sdk/src/rp2_common/hardware_claim/claim.c.obj
                0x0000000010002bc4                hw_claim_unused_from_range
 .text.hw_claim_clear
                0x0000000010002c60       0x38 CMakeFiles/proj.dir/home/dby/Documents/project/master/pico-sdk/src/rp2_common/hardware_claim/claim.c.obj
                0x0000000010002c60                hw_claim_clear
 .text.running_on_fpga
                0x0000000010002c98       0x10 CMakeFiles/proj.dir/home/dby/Documents/project/master/pico-sdk/src/rp2_common/pico_platform/platform.c.obj
                0x0000000010002c98                running_on_fpga
 .text.spin_locks_reset
                0x0000000010002ca8       0x1c CMakeFiles/proj.dir/home/dby/Documents/project/master/pico-sdk/src/rp2_common/hardware_sync/sync.c.obj
                0x0000000010002ca8                spin_locks_reset
 .text.next_striped_spin_lock_num
                0x0000000010002cc4       0x18 CMakeFiles/proj.dir/home/dby/Documents/project/master/pico-sdk/src/rp2_common/hardware_sync/sync.c.obj
                0x0000000010002cc4                next_striped_spin_lock_num
 .text.spin_lock_claim_unused
                0x0000000010002cdc       0x20 CMakeFiles/proj.dir/home/dby/Documents/project/master/pico-sdk/src/rp2_common/hardware_sync/sync.c.obj
                0x0000000010002cdc                spin_lock_claim_unused
 .text.rom_func_lookup
                0x0000000010002cfc       0x10 CMakeFiles/proj.dir/home/dby/Documents/project/master/pico-sdk/src/rp2_common/pico_bootrom/bootrom.c.obj
                0x0000000010002cfc                rom_func_lookup
 .text.rom_data_lookup
                0x0000000010002d0c       0x10 CMakeFiles/proj.dir/home/dby/Documents/project/master/pico-sdk/src/rp2_common/pico_bootrom/bootrom.c.obj
                0x0000000010002d0c                rom_data_lookup
 .text.rom_funcs_lookup
                0x0000000010002d1c       0x44 CMakeFiles/proj.dir/home/dby/Documents/project/master/pico-sdk/src/rp2_common/pico_bootrom/bootrom.c.obj
                0x0000000010002d1c                rom_funcs_lookup
 .text.ns_delay.constprop.0
                0x0000000010002d60       0x20 CMakeFiles/proj.dir/home/dby/Documents/project/master/pico-sdk/src/rp2_common/cyw43_driver/cyw43_bus_pio_spi.c.obj
 .text.cyw43_spi_init
                0x0000000010002d80      0x1c8 CMakeFiles/proj.dir/home/dby/Documents/project/master/pico-sdk/src/rp2_common/cyw43_driver/cyw43_bus_pio_spi.c.obj
                0x0000000010002d80                cyw43_spi_init
 .text.cyw43_spi_transfer
                0x0000000010002f48      0x3ac CMakeFiles/proj.dir/home/dby/Documents/project/master/pico-sdk/src/rp2_common/cyw43_driver/cyw43_bus_pio_spi.c.obj
                0x0000000010002f48                cyw43_spi_transfer
 .text.cyw43_spi_gpio_setup
                0x00000000100032f4       0x3c CMakeFiles/proj.dir/home/dby/Documents/project/master/pico-sdk/src/rp2_common/cyw43_driver/cyw43_bus_pio_spi.c.obj
                0x00000000100032f4                cyw43_spi_gpio_setup
 .text.cyw43_spi_reset
                0x0000000010003330       0x28 CMakeFiles/proj.dir/home/dby/Documents/project/master/pico-sdk/src/rp2_common/cyw43_driver/cyw43_bus_pio_spi.c.obj
                0x0000000010003330                cyw43_spi_reset
 .text.read_reg_u32_swap
                0x0000000010003358       0x3c CMakeFiles/proj.dir/home/dby/Documents/project/master/pico-sdk/src/rp2_common/cyw43_driver/cyw43_bus_pio_spi.c.obj
                0x0000000010003358                read_reg_u32_swap
 .text.cyw43_read_reg_u32
                0x0000000010003394       0x6c CMakeFiles/proj.dir/home/dby/Documents/project/master/pico-sdk/src/rp2_common/cyw43_driver/cyw43_bus_pio_spi.c.obj
                0x0000000010003394                cyw43_read_reg_u32
 .text.cyw43_read_reg_u16
                0x0000000010003400       0x6c CMakeFiles/proj.dir/home/dby/Documents/project/master/pico-sdk/src/rp2_common/cyw43_driver/cyw43_bus_pio_spi.c.obj
                0x0000000010003400                cyw43_read_reg_u16
 .text.cyw43_read_reg_u8
                0x000000001000346c       0x6c CMakeFiles/proj.dir/home/dby/Documents/project/master/pico-sdk/src/rp2_common/cyw43_driver/cyw43_bus_pio_spi.c.obj
                0x000000001000346c                cyw43_read_reg_u8
 .text.write_reg_u32_swap
                0x00000000100034d8      0x1c4 CMakeFiles/proj.dir/home/dby/Documents/project/master/pico-sdk/src/rp2_common/cyw43_driver/cyw43_bus_pio_spi.c.obj
                0x00000000100034d8                write_reg_u32_swap
 .text.cyw43_write_reg_u32
                0x000000001000369c      0x1e8 CMakeFiles/proj.dir/home/dby/Documents/project/master/pico-sdk/src/rp2_common/cyw43_driver/cyw43_bus_pio_spi.c.obj
                0x000000001000369c                cyw43_write_reg_u32
 .text.cyw43_write_reg_u16
                0x0000000010003884      0x1e8 CMakeFiles/proj.dir/home/dby/Documents/project/master/pico-sdk/src/rp2_common/cyw43_driver/cyw43_bus_pio_spi.c.obj
                0x0000000010003884                cyw43_write_reg_u16
 .text.cyw43_write_reg_u8
                0x0000000010003a6c      0x1e8 CMakeFiles/proj.dir/home/dby/Documents/project/master/pico-sdk/src/rp2_common/cyw43_driver/cyw43_bus_pio_spi.c.obj
                0x0000000010003a6c                cyw43_write_reg_u8
 .text.cyw43_read_bytes
                0x0000000010003c54       0x8c CMakeFiles/proj.dir/home/dby/Documents/project/master/pico-sdk/src/rp2_common/cyw43_driver/cyw43_bus_pio_spi.c.obj
                0x0000000010003c54                cyw43_read_bytes
 .text.cyw43_write_bytes
                0x0000000010003ce0       0xd8 CMakeFiles/proj.dir/home/dby/Documents/project/master/pico-sdk/src/rp2_common/cyw43_driver/cyw43_bus_pio_spi.c.obj
                0x0000000010003ce0                cyw43_write_bytes
 .text.cyw43_set_backplane_window
                0x0000000010003db8       0x64 CMakeFiles/proj.dir/home/dby/Documents/project/master/pico-sdk/lib/cyw43-driver/src/cyw43_ll.c.obj
 .text.cyw43_ll_parse_async_event
                0x0000000010003e1c      0x13c CMakeFiles/proj.dir/home/dby/Documents/project/master/pico-sdk/lib/cyw43-driver/src/cyw43_ll.c.obj
 .text.cyw43_kso_set
                0x0000000010003f58       0xa0 CMakeFiles/proj.dir/home/dby/Documents/project/master/pico-sdk/lib/cyw43-driver/src/cyw43_ll.c.obj
 .text.cyw43_ll_sdpcm_poll_device
                0x0000000010003ff8      0x244 CMakeFiles/proj.dir/home/dby/Documents/project/master/pico-sdk/lib/cyw43-driver/src/cyw43_ll.c.obj
 .text.cyw43_sdpcm_send_common
                0x000000001000423c       0xf0 CMakeFiles/proj.dir/home/dby/Documents/project/master/pico-sdk/lib/cyw43-driver/src/cyw43_ll.c.obj
 .text.cyw43_do_ioctl
                0x000000001000432c      0x110 CMakeFiles/proj.dir/home/dby/Documents/project/master/pico-sdk/lib/cyw43-driver/src/cyw43_ll.c.obj
 .text.cyw43_do_ioctl.constprop.0
                0x000000001000443c      0x108 CMakeFiles/proj.dir/home/dby/Documents/project/master/pico-sdk/lib/cyw43-driver/src/cyw43_ll.c.obj
 .text.reset_device_core.constprop.0
                0x0000000010004544      0x3f0 CMakeFiles/proj.dir/home/dby/Documents/project/master/pico-sdk/lib/cyw43-driver/src/cyw43_ll.c.obj
 .text.cyw43_ll_init
                0x0000000010004934       0x18 CMakeFiles/proj.dir/home/dby/Documents/project/master/pico-sdk/lib/cyw43-driver/src/cyw43_ll.c.obj
                0x0000000010004934                cyw43_ll_init
 .text.cyw43_ll_send_ethernet
                0x000000001000494c       0x60 CMakeFiles/proj.dir/home/dby/Documents/project/master/pico-sdk/lib/cyw43-driver/src/cyw43_ll.c.obj
                0x000000001000494c                cyw43_ll_send_ethernet
 .text.cyw43_ll_process_packets
                0x00000000100049ac       0x68 CMakeFiles/proj.dir/home/dby/Documents/project/master/pico-sdk/lib/cyw43-driver/src/cyw43_ll.c.obj
                0x00000000100049ac                cyw43_ll_process_packets
 .text.cyw43_ll_ioctl
                0x0000000010004a14       0x20 CMakeFiles/proj.dir/home/dby/Documents/project/master/pico-sdk/lib/cyw43-driver/src/cyw43_ll.c.obj
                0x0000000010004a14                cyw43_ll_ioctl
 .text.cyw43_ll_bus_sleep
                0x0000000010004a34       0x34 CMakeFiles/proj.dir/home/dby/Documents/project/master/pico-sdk/lib/cyw43-driver/src/cyw43_ll.c.obj
                0x0000000010004a34                cyw43_ll_bus_sleep
 .text.cyw43_ll_bus_init
                0x0000000010004a68      0xcb8 CMakeFiles/proj.dir/home/dby/Documents/project/master/pico-sdk/lib/cyw43-driver/src/cyw43_ll.c.obj
                0x0000000010004a68                cyw43_ll_bus_init
 .text.cyw43_ll_wifi_on
                0x0000000010005720      0x2ac CMakeFiles/proj.dir/home/dby/Documents/project/master/pico-sdk/lib/cyw43-driver/src/cyw43_ll.c.obj
                0x0000000010005720                cyw43_ll_wifi_on
 .text.cyw43_ll_wifi_get_mac
                0x00000000100059cc       0x44 CMakeFiles/proj.dir/home/dby/Documents/project/master/pico-sdk/lib/cyw43-driver/src/cyw43_ll.c.obj
                0x00000000100059cc                cyw43_ll_wifi_get_mac
 .text.cyw43_ll_wifi_pm
                0x0000000010005a10      0x194 CMakeFiles/proj.dir/home/dby/Documents/project/master/pico-sdk/lib/cyw43-driver/src/cyw43_ll.c.obj
                0x0000000010005a10                cyw43_ll_wifi_pm
 .text.cyw43_ll_wifi_join
                0x0000000010005ba4      0x308 CMakeFiles/proj.dir/home/dby/Documents/project/master/pico-sdk/lib/cyw43-driver/src/cyw43_ll.c.obj
                0x0000000010005ba4                cyw43_ll_wifi_join
 .text.cyw43_ll_wifi_set_wpa_auth
                0x0000000010005eac       0x2c CMakeFiles/proj.dir/home/dby/Documents/project/master/pico-sdk/lib/cyw43-driver/src/cyw43_ll.c.obj
                0x0000000010005eac                cyw43_ll_wifi_set_wpa_auth
 .text.cyw43_ll_wifi_rejoin
                0x0000000010005ed8       0x1c CMakeFiles/proj.dir/home/dby/Documents/project/master/pico-sdk/lib/cyw43-driver/src/cyw43_ll.c.obj
                0x0000000010005ed8                cyw43_ll_wifi_rejoin
 .text.cyw43_ll_wifi_ap_init
                0x0000000010005ef4      0x2c4 CMakeFiles/proj.dir/home/dby/Documents/project/master/pico-sdk/lib/cyw43-driver/src/cyw43_ll.c.obj
                0x0000000010005ef4                cyw43_ll_wifi_ap_init
 .text.cyw43_ll_wifi_ap_set_up
                0x00000000100061b8       0x54 CMakeFiles/proj.dir/home/dby/Documents/project/master/pico-sdk/lib/cyw43-driver/src/cyw43_ll.c.obj
                0x00000000100061b8                cyw43_ll_wifi_ap_set_up
 .text.cyw43_ll_gpio_set
                0x000000001000620c       0x6c CMakeFiles/proj.dir/home/dby/Documents/project/master/pico-sdk/lib/cyw43-driver/src/cyw43_ll.c.obj
                0x000000001000620c                cyw43_ll_gpio_set
 .text.cyw43_ll_has_work
                0x0000000010006278       0x14 CMakeFiles/proj.dir/home/dby/Documents/project/master/pico-sdk/lib/cyw43-driver/src/cyw43_ll.c.obj
                0x0000000010006278                cyw43_ll_has_work
 .text.cyw43_netif_init
                0x000000001000628c       0x3c CMakeFiles/proj.dir/home/dby/Documents/project/master/pico-sdk/lib/cyw43-driver/src/cyw43_lwip.c.obj
 .text.cyw43_netif_output
                0x00000000100062c8       0x34 CMakeFiles/proj.dir/home/dby/Documents/project/master/pico-sdk/lib/cyw43-driver/src/cyw43_lwip.c.obj
 .text.cyw43_cb_tcpip_init
                0x00000000100062fc       0xfc CMakeFiles/proj.dir/home/dby/Documents/project/master/pico-sdk/lib/cyw43-driver/src/cyw43_lwip.c.obj
                0x00000000100062fc                cyw43_cb_tcpip_init
 .text.cyw43_cb_tcpip_deinit
                0x00000000100063f8       0x4c CMakeFiles/proj.dir/home/dby/Documents/project/master/pico-sdk/lib/cyw43-driver/src/cyw43_lwip.c.obj
                0x00000000100063f8                cyw43_cb_tcpip_deinit
 .text.cyw43_cb_process_ethernet
                0x0000000010006444       0x68 CMakeFiles/proj.dir/home/dby/Documents/project/master/pico-sdk/lib/cyw43-driver/src/cyw43_lwip.c.obj
                0x0000000010006444                cyw43_cb_process_ethernet
 .text.cyw43_cb_tcpip_set_link_up
                0x00000000100064ac       0x18 CMakeFiles/proj.dir/home/dby/Documents/project/master/pico-sdk/lib/cyw43-driver/src/cyw43_lwip.c.obj
                0x00000000100064ac                cyw43_cb_tcpip_set_link_up
 .text.cyw43_cb_tcpip_set_link_down
                0x00000000100064c4       0x18 CMakeFiles/proj.dir/home/dby/Documents/project/master/pico-sdk/lib/cyw43-driver/src/cyw43_lwip.c.obj
                0x00000000100064c4                cyw43_cb_tcpip_set_link_down
 .text.cyw43_tcpip_link_status
                0x00000000100064dc       0x34 CMakeFiles/proj.dir/home/dby/Documents/project/master/pico-sdk/lib/cyw43-driver/src/cyw43_lwip.c.obj
                0x00000000100064dc                cyw43_tcpip_link_status
 .text.cyw43_poll_func
                0x0000000010006510       0xbc CMakeFiles/proj.dir/home/dby/Documents/project/master/pico-sdk/lib/cyw43-driver/src/cyw43_ctrl.c.obj
 .text.cyw43_init
                0x00000000100065cc       0x6c CMakeFiles/proj.dir/home/dby/Documents/project/master/pico-sdk/lib/cyw43-driver/src/cyw43_ctrl.c.obj
                0x00000000100065cc                cyw43_init
 .text.cyw43_cb_read_host_interrupt_pin
                0x0000000010006638        0xc CMakeFiles/proj.dir/home/dby/Documents/project/master/pico-sdk/lib/cyw43-driver/src/cyw43_ctrl.c.obj
                0x0000000010006638                cyw43_cb_read_host_interrupt_pin
 .text.cyw43_cb_ensure_awake
                0x0000000010006644        0xc CMakeFiles/proj.dir/home/dby/Documents/project/master/pico-sdk/lib/cyw43-driver/src/cyw43_ctrl.c.obj
                0x0000000010006644                cyw43_cb_ensure_awake
 .text.cyw43_cb_process_async_event
                0x0000000010006650      0x238 CMakeFiles/proj.dir/home/dby/Documents/project/master/pico-sdk/lib/cyw43-driver/src/cyw43_ctrl.c.obj
                0x0000000010006650                cyw43_cb_process_async_event
 .text.cyw43_send_ethernet
                0x0000000010006888       0xc0 CMakeFiles/proj.dir/home/dby/Documents/project/master/pico-sdk/lib/cyw43-driver/src/cyw43_ctrl.c.obj
                0x0000000010006888                cyw43_send_ethernet
 .text.cyw43_wifi_get_mac
                0x0000000010006948       0x10 CMakeFiles/proj.dir/home/dby/Documents/project/master/pico-sdk/lib/cyw43-driver/src/cyw43_ctrl.c.obj
                0x0000000010006948                cyw43_wifi_get_mac
 .text.cyw43_wifi_set_up
                0x0000000010006958      0x300 CMakeFiles/proj.dir/home/dby/Documents/project/master/pico-sdk/lib/cyw43-driver/src/cyw43_ctrl.c.obj
                0x0000000010006958                cyw43_wifi_set_up
 .text.cyw43_wifi_link_status
                0x0000000010006c58       0x3c CMakeFiles/proj.dir/home/dby/Documents/project/master/pico-sdk/lib/cyw43-driver/src/cyw43_ctrl.c.obj
                0x0000000010006c58                cyw43_wifi_link_status
 .text.cyw43_wifi_join
                0x0000000010006c94       0xf8 CMakeFiles/proj.dir/home/dby/Documents/project/master/pico-sdk/lib/cyw43-driver/src/cyw43_ctrl.c.obj
                0x0000000010006c94                cyw43_wifi_join
 .text.cyw43_gpio_set
                0x0000000010006d8c       0xa4 CMakeFiles/proj.dir/home/dby/Documents/project/master/pico-sdk/lib/cyw43-driver/src/cyw43_ctrl.c.obj
                0x0000000010006d8c                cyw43_gpio_set
 .text.gpio_set_function
                0x0000000010006e30       0x30 CMakeFiles/proj.dir/home/dby/Documents/project/master/pico-sdk/src/rp2_common/hardware_gpio/gpio.c.obj
                0x0000000010006e30                gpio_set_function
 .text.gpio_set_pulls
                0x0000000010006e60       0x30 CMakeFiles/proj.dir/home/dby/Documents/project/master/pico-sdk/src/rp2_common/hardware_gpio/gpio.c.obj
                0x0000000010006e60                gpio_set_pulls
 .text.gpio_set_input_hysteresis_enabled
                0x0000000010006e90       0x28 CMakeFiles/proj.dir/home/dby/Documents/project/master/pico-sdk/src/rp2_common/hardware_gpio/gpio.c.obj
                0x0000000010006e90                gpio_set_input_hysteresis_enabled
 .text.gpio_set_irq_enabled
                0x0000000010006eb8       0x54 CMakeFiles/proj.dir/home/dby/Documents/project/master/pico-sdk/src/rp2_common/hardware_gpio/gpio.c.obj
                0x0000000010006eb8                gpio_set_irq_enabled
 .text.gpio_add_raw_irq_handler_with_order_priority_masked
                0x0000000010006f0c       0x44 CMakeFiles/proj.dir/home/dby/Documents/project/master/pico-sdk/src/rp2_common/hardware_gpio/gpio.c.obj
                0x0000000010006f0c                gpio_add_raw_irq_handler_with_order_priority_masked
 .text.gpio_remove_raw_irq_handler_masked
                0x0000000010006f50       0x20 CMakeFiles/proj.dir/home/dby/Documents/project/master/pico-sdk/src/rp2_common/hardware_gpio/gpio.c.obj
                0x0000000010006f50                gpio_remove_raw_irq_handler_masked
 .text.gpio_init
                0x0000000010006f70       0x3c CMakeFiles/proj.dir/home/dby/Documents/project/master/pico-sdk/src/rp2_common/hardware_gpio/gpio.c.obj
                0x0000000010006f70                gpio_init
 .text.irq_set_enabled
                0x0000000010006fac       0x24 CMakeFiles/proj.dir/home/dby/Documents/project/master/pico-sdk/src/rp2_common/hardware_irq/irq.c.obj
                0x0000000010006fac                irq_set_enabled
 .text.irq_set_pending
                0x0000000010006fd0       0x10 CMakeFiles/proj.dir/home/dby/Documents/project/master/pico-sdk/src/rp2_common/hardware_irq/irq.c.obj
                0x0000000010006fd0                irq_set_pending
 .text.irq_has_shared_handler
                0x0000000010006fe0       0x2c CMakeFiles/proj.dir/home/dby/Documents/project/master/pico-sdk/src/rp2_common/hardware_irq/irq.c.obj
                0x0000000010006fe0                irq_has_shared_handler
 .text.irq_get_vtable_handler
                0x000000001000700c       0x10 CMakeFiles/proj.dir/home/dby/Documents/project/master/pico-sdk/src/rp2_common/hardware_irq/irq.c.obj
                0x000000001000700c                irq_get_vtable_handler
 .text.irq_set_exclusive_handler
                0x000000001000701c       0x54 CMakeFiles/proj.dir/home/dby/Documents/project/master/pico-sdk/src/rp2_common/hardware_irq/irq.c.obj
                0x000000001000701c                irq_set_exclusive_handler
 .text.irq_add_shared_handler
                0x0000000010007070      0x1e4 CMakeFiles/proj.dir/home/dby/Documents/project/master/pico-sdk/src/rp2_common/hardware_irq/irq.c.obj
                0x0000000010007070                irq_add_shared_handler
 .text.irq_remove_handler
                0x0000000010007254      0x1b4 CMakeFiles/proj.dir/home/dby/Documents/project/master/pico-sdk/src/rp2_common/hardware_irq/irq.c.obj
                0x0000000010007254                irq_remove_handler
 .text.irq_set_priority
                0x0000000010007408       0x28 CMakeFiles/proj.dir/home/dby/Documents/project/master/pico-sdk/src/rp2_common/hardware_irq/irq.c.obj
                0x0000000010007408                irq_set_priority
 .text.irq_add_tail_to_free_list
                0x0000000010007430       0xb4 CMakeFiles/proj.dir/home/dby/Documents/project/master/pico-sdk/src/rp2_common/hardware_irq/irq.c.obj
                0x0000000010007430                irq_add_tail_to_free_list
 .text.irq_init_priorities
                0x00000000100074e4       0x24 CMakeFiles/proj.dir/home/dby/Documents/project/master/pico-sdk/src/rp2_common/hardware_irq/irq.c.obj
                0x00000000100074e4                irq_init_priorities
 .text.user_irq_unclaim
                0x0000000010007508       0x1c CMakeFiles/proj.dir/home/dby/Documents/project/master/pico-sdk/src/rp2_common/hardware_irq/irq.c.obj
                0x0000000010007508                user_irq_unclaim
 .text.user_irq_claim_unused
                0x0000000010007524       0x30 CMakeFiles/proj.dir/home/dby/Documents/project/master/pico-sdk/src/rp2_common/hardware_irq/irq.c.obj
                0x0000000010007524                user_irq_claim_unused
 .text.sem_init
                0x0000000010007554       0x20 CMakeFiles/proj.dir/home/dby/Documents/project/master/pico-sdk/src/common/pico_sync/sem.c.obj
                0x0000000010007554                sem_init
 .text.lock_init
                0x0000000010007574       0x10 CMakeFiles/proj.dir/home/dby/Documents/project/master/pico-sdk/src/common/pico_sync/lock_core.c.obj
                0x0000000010007574                lock_init
 .text.timer_pool_entry_comparator
                0x0000000010007584       0x34 CMakeFiles/proj.dir/home/dby/Documents/project/master/pico-sdk/src/common/pico_time/time.c.obj
                0x0000000010007584                timer_pool_entry_comparator
 .text.sleep_until_callback
                0x00000000100075b8       0x30 CMakeFiles/proj.dir/home/dby/Documents/project/master/pico-sdk/src/common/pico_time/time.c.obj
 .text.add_alarm_under_lock.isra.0
                0x00000000100075e8      0x100 CMakeFiles/proj.dir/home/dby/Documents/project/master/pico-sdk/src/common/pico_time/time.c.obj
 .text.alarm_pool_alarm_callback
                0x00000000100076e8      0x1c8 CMakeFiles/proj.dir/home/dby/Documents/project/master/pico-sdk/src/common/pico_time/time.c.obj
 .text.alarm_pool_add_alarm_at.constprop.0
                0x00000000100078b0      0x11c CMakeFiles/proj.dir/home/dby/Documents/project/master/pico-sdk/src/common/pico_time/time.c.obj
 .text.alarm_pool_init_default
                0x00000000100079cc       0x64 CMakeFiles/proj.dir/home/dby/Documents/project/master/pico-sdk/src/common/pico_time/time.c.obj
                0x00000000100079cc                alarm_pool_init_default
 .text.alarm_pool_get_default
                0x0000000010007a30        0x8 CMakeFiles/proj.dir/home/dby/Documents/project/master/pico-sdk/src/common/pico_time/time.c.obj
                0x0000000010007a30                alarm_pool_get_default
 .text.alarm_pool_add_alarm_at
                0x0000000010007a38      0x194 CMakeFiles/proj.dir/home/dby/Documents/project/master/pico-sdk/src/common/pico_time/time.c.obj
                0x0000000010007a38                alarm_pool_add_alarm_at
 .text.alarm_pool_cancel_alarm
                0x0000000010007bcc       0x74 CMakeFiles/proj.dir/home/dby/Documents/project/master/pico-sdk/src/common/pico_time/time.c.obj
                0x0000000010007bcc                alarm_pool_cancel_alarm
 .text.sleep_until
                0x0000000010007c40       0xac CMakeFiles/proj.dir/home/dby/Documents/project/master/pico-sdk/src/common/pico_time/time.c.obj
                0x0000000010007c40                sleep_until
 .text.sleep_us
                0x0000000010007cec       0x30 CMakeFiles/proj.dir/home/dby/Documents/project/master/pico-sdk/src/common/pico_time/time.c.obj
                0x0000000010007cec                sleep_us
 .text.sleep_ms
                0x0000000010007d1c       0x38 CMakeFiles/proj.dir/home/dby/Documents/project/master/pico-sdk/src/common/pico_time/time.c.obj
                0x0000000010007d1c                sleep_ms
 .text.best_effort_wfe_or_timeout
                0x0000000010007d54       0xd4 CMakeFiles/proj.dir/home/dby/Documents/project/master/pico-sdk/src/common/pico_time/time.c.obj
                0x0000000010007d54                best_effort_wfe_or_timeout
 .text.hardware_alarm_irq_handler
                0x0000000010007e28       0xb8 CMakeFiles/proj.dir/home/dby/Documents/project/master/pico-sdk/src/rp2_common/hardware_timer/timer.c.obj
 .text.hardware_alarm_claim
                0x0000000010007ee0       0x18 CMakeFiles/proj.dir/home/dby/Documents/project/master/pico-sdk/src/rp2_common/hardware_timer/timer.c.obj
                0x0000000010007ee0                hardware_alarm_claim
 .text.time_us_64
                0x0000000010007ef8       0x14 CMakeFiles/proj.dir/home/dby/Documents/project/master/pico-sdk/src/rp2_common/hardware_timer/timer.c.obj
                0x0000000010007ef8                time_us_64
 .text.busy_wait_until
                0x0000000010007f0c       0x20 CMakeFiles/proj.dir/home/dby/Documents/project/master/pico-sdk/src/rp2_common/hardware_timer/timer.c.obj
                0x0000000010007f0c                busy_wait_until
 .text.hardware_alarm_set_callback
                0x0000000010007f2c       0x8c CMakeFiles/proj.dir/home/dby/Documents/project/master/pico-sdk/src/rp2_common/hardware_timer/timer.c.obj
                0x0000000010007f2c                hardware_alarm_set_callback
 .text.hardware_alarm_set_target
                0x0000000010007fb8       0xe0 CMakeFiles/proj.dir/home/dby/Documents/project/master/pico-sdk/src/rp2_common/hardware_timer/timer.c.obj
                0x0000000010007fb8                hardware_alarm_set_target
 .text.hardware_alarm_cancel
                0x0000000010008098       0x3c CMakeFiles/proj.dir/home/dby/Documents/project/master/pico-sdk/src/rp2_common/hardware_timer/timer.c.obj
                0x0000000010008098                hardware_alarm_cancel
 .text.ph_merge_nodes
                0x00000000100080d4       0x68 CMakeFiles/proj.dir/home/dby/Documents/project/master/pico-sdk/src/common/pico_util/pheap.c.obj
 .text.ph_post_alloc_init
                0x000000001000813c       0x3c CMakeFiles/proj.dir/home/dby/Documents/project/master/pico-sdk/src/common/pico_util/pheap.c.obj
                0x000000001000813c                ph_post_alloc_init
 .text.ph_merge_two_pass
                0x0000000010008178       0x90 CMakeFiles/proj.dir/home/dby/Documents/project/master/pico-sdk/src/common/pico_util/pheap.c.obj
                0x0000000010008178                ph_merge_two_pass
 .text.ph_remove_any_head
                0x0000000010008208       0xf8 CMakeFiles/proj.dir/home/dby/Documents/project/master/pico-sdk/src/common/pico_util/pheap.c.obj
 .text.ph_remove_head
                0x0000000010008300       0xfc CMakeFiles/proj.dir/home/dby/Documents/project/master/pico-sdk/src/common/pico_util/pheap.c.obj
                0x0000000010008300                ph_remove_head
 .text.ph_remove_and_free_node
                0x00000000100083fc       0x7c CMakeFiles/proj.dir/home/dby/Documents/project/master/pico-sdk/src/common/pico_util/pheap.c.obj
                0x00000000100083fc                ph_remove_and_free_node
 .text.mutex_init
                0x0000000010008478       0x1c CMakeFiles/proj.dir/home/dby/Documents/project/master/pico-sdk/src/common/pico_sync/mutex.c.obj
                0x0000000010008478                mutex_init
 .text.recursive_mutex_init
                0x0000000010008494       0x1c CMakeFiles/proj.dir/home/dby/Documents/project/master/pico-sdk/src/common/pico_sync/mutex.c.obj
                0x0000000010008494                recursive_mutex_init
 .text.critical_section_init
                0x00000000100084b0       0x20 CMakeFiles/proj.dir/home/dby/Documents/project/master/pico-sdk/src/common/pico_sync/critical_section.c.obj
                0x00000000100084b0                critical_section_init
 .text.runtime_init
                0x00000000100084d0       0xf0 CMakeFiles/proj.dir/home/dby/Documents/project/master/pico-sdk/src/rp2_common/pico_runtime/runtime.c.obj
                0x00000000100084d0                runtime_init
 .text._sbrk    0x00000000100085c0       0x34 CMakeFiles/proj.dir/home/dby/Documents/project/master/pico-sdk/src/rp2_common/pico_runtime/runtime.c.obj
                0x00000000100085c0                _sbrk
 .text.exit     0x00000000100085f4        0x4 CMakeFiles/proj.dir/home/dby/Documents/project/master/pico-sdk/src/rp2_common/pico_runtime/runtime.c.obj
                0x00000000100085f4                exit
 .text.panic    0x00000000100085f8       0x30 CMakeFiles/proj.dir/home/dby/Documents/project/master/pico-sdk/src/rp2_common/pico_runtime/runtime.c.obj
                0x00000000100085f8                panic
 .text.hard_assertion_failure
                0x0000000010008628        0xc CMakeFiles/proj.dir/home/dby/Documents/project/master/pico-sdk/src/rp2_common/pico_runtime/runtime.c.obj
                0x0000000010008628                hard_assertion_failure
 .text.clocks_init
                0x0000000010008634      0x2bc CMakeFiles/proj.dir/home/dby/Documents/project/master/pico-sdk/src/rp2_common/hardware_clocks/clocks.c.obj
                0x0000000010008634                clocks_init
 .text.clock_get_hz
                0x00000000100088f0        0xc CMakeFiles/proj.dir/home/dby/Documents/project/master/pico-sdk/src/rp2_common/hardware_clocks/clocks.c.obj
                0x00000000100088f0                clock_get_hz
 .text.pll_init
                0x00000000100088fc       0xb0 CMakeFiles/proj.dir/home/dby/Documents/project/master/pico-sdk/src/rp2_common/hardware_pll/pll.c.obj
                0x00000000100088fc                pll_init
 .text.watchdog_start_tick
                0x00000000100089ac       0x10 CMakeFiles/proj.dir/home/dby/Documents/project/master/pico-sdk/src/rp2_common/hardware_watchdog/watchdog.c.obj
                0x00000000100089ac                watchdog_start_tick
 .text.watchdog_reboot
                0x00000000100089bc       0x98 CMakeFiles/proj.dir/home/dby/Documents/project/master/pico-sdk/src/rp2_common/hardware_watchdog/watchdog.c.obj
                0x00000000100089bc                watchdog_reboot
 .text.xosc_init
                0x0000000010008a54       0x28 CMakeFiles/proj.dir/home/dby/Documents/project/master/pico-sdk/src/rp2_common/hardware_xosc/xosc.c.obj
                0x0000000010008a54                xosc_init
 .text._out_buffer
                0x0000000010008a7c        0x8 CMakeFiles/proj.dir/home/dby/Documents/project/master/pico-sdk/src/rp2_common/pico_printf/printf.c.obj
 .text._out_null
                0x0000000010008a84        0x4 CMakeFiles/proj.dir/home/dby/Documents/project/master/pico-sdk/src/rp2_common/pico_printf/printf.c.obj
 .text._out_rev
                0x0000000010008a88       0x9c CMakeFiles/proj.dir/home/dby/Documents/project/master/pico-sdk/src/rp2_common/pico_printf/printf.c.obj
 .text._ntoa_format
                0x0000000010008b24      0x1cc CMakeFiles/proj.dir/home/dby/Documents/project/master/pico-sdk/src/rp2_common/pico_printf/printf.c.obj
 .text._out_char
                0x0000000010008cf0       0x10 CMakeFiles/proj.dir/home/dby/Documents/project/master/pico-sdk/src/rp2_common/pico_printf/printf.c.obj
 .text._out_fct
                0x0000000010008d00       0x10 CMakeFiles/proj.dir/home/dby/Documents/project/master/pico-sdk/src/rp2_common/pico_printf/printf.c.obj
 .text._etoa    0x0000000010008d10      0x44c CMakeFiles/proj.dir/home/dby/Documents/project/master/pico-sdk/src/rp2_common/pico_printf/printf.c.obj
 .text._ftoa    0x000000001000915c      0x398 CMakeFiles/proj.dir/home/dby/Documents/project/master/pico-sdk/src/rp2_common/pico_printf/printf.c.obj
 .text._vsnprintf
                0x00000000100094f4      0xb04 CMakeFiles/proj.dir/home/dby/Documents/project/master/pico-sdk/src/rp2_common/pico_printf/printf.c.obj
 .text.__wrap_snprintf
                0x0000000010009ff8       0x28 CMakeFiles/proj.dir/home/dby/Documents/project/master/pico-sdk/src/rp2_common/pico_printf/printf.c.obj
                0x0000000010009ff8                __wrap_snprintf
 .text.vfctprintf
                0x000000001000a020       0x20 CMakeFiles/proj.dir/home/dby/Documents/project/master/pico-sdk/src/rp2_common/pico_printf/printf.c.obj
                0x000000001000a020                vfctprintf
 .text.weak_raw_vprintf
                0x000000001000a040       0x30 CMakeFiles/proj.dir/home/dby/Documents/project/master/pico-sdk/src/rp2_common/pico_printf/printf.c.obj
                0x000000001000a040                weak_raw_vprintf
 .text          0x000000001000a070       0x10 CMakeFiles/proj.dir/home/dby/Documents/project/master/pico-sdk/src/rp2_common/pico_bit_ops/bit_ops_aeabi.S.obj
 .text.ctzsi    0x000000001000a080        0xc CMakeFiles/proj.dir/home/dby/Documents/project/master/pico-sdk/src/rp2_common/pico_bit_ops/bit_ops_aeabi.S.obj
                0x000000001000a080                __wrap___ctzsi2
 .text.__wrap___aeabi_idiv
                0x000000001000a08c       0x50 CMakeFiles/proj.dir/home/dby/Documents/project/master/pico-sdk/src/rp2_common/pico_divider/divider.S.obj
                0x000000001000a08c                __wrap___aeabi_idivmod
                0x000000001000a08c                divmod_s32s32
                0x000000001000a08c                div_s32s32
                0x000000001000a08c                __wrap___aeabi_idiv
                0x000000001000a094                divmod_s32s32_unsafe
                0x000000001000a0c0                divmod_s32s32_savestate
 .text.__wrap___aeabi_uidiv
                0x000000001000a0dc       0x4c CMakeFiles/proj.dir/home/dby/Documents/project/master/pico-sdk/src/rp2_common/pico_divider/divider.S.obj
                0x000000001000a0dc                __wrap___aeabi_uidiv
                0x000000001000a0dc                __wrap___aeabi_uidivmod
                0x000000001000a0dc                div_u32u32
                0x000000001000a0dc                divmod_u32u32
                0x000000001000a0e4                divmod_u32u32_unsafe
                0x000000001000a10c                divmod_u32u32_savestate
 .text.__wrap___aeabi_ldiv
                0x000000001000a128      0x434 CMakeFiles/proj.dir/home/dby/Documents/project/master/pico-sdk/src/rp2_common/pico_divider/divider.S.obj
                0x000000001000a128                div_s64s64
                0x000000001000a128                divmod_s64s64
                0x000000001000a128                __wrap___aeabi_ldivmod
                0x000000001000a160                div_u64u64
                0x000000001000a160                divmod_u64u64
                0x000000001000a160                __wrap___aeabi_uldivmod
                0x000000001000a170                divmod_u64u64_savestate
                0x000000001000a198                divmod_s64s64_unsafe
                0x000000001000a220                divmod_u64u64_unsafe
 .text.__wrap___aeabi_darithmetic
                0x000000001000a55c       0x60 CMakeFiles/proj.dir/home/dby/Documents/project/master/pico-sdk/src/rp2_common/pico_double/double_aeabi.S.obj
                0x000000001000a55c                __wrap___aeabi_drsub
                0x000000001000a562                __wrap___aeabi_dsub
                0x000000001000a56c                __wrap___aeabi_dadd
                0x000000001000a576                __wrap___aeabi_ddiv
                0x000000001000a5aa                __wrap___aeabi_dmul
 .text.__wrap___aeabi_cdcmple
                0x000000001000a5bc       0x6c CMakeFiles/proj.dir/home/dby/Documents/project/master/pico-sdk/src/rp2_common/pico_double/double_aeabi.S.obj
                0x000000001000a5bc                __wrap___aeabi_cdrcmple
                0x000000001000a5cc                __wrap___aeabi_cdcmple
                0x000000001000a5cc                __wrap___aeabi_cdcmpeq
 .text.__wrap___aeabi_dcmplt
                0x000000001000a628        0xc CMakeFiles/proj.dir/home/dby/Documents/project/master/pico-sdk/src/rp2_common/pico_double/double_aeabi.S.obj
                0x000000001000a628                __wrap___aeabi_dcmplt
 .text.__wrap___aeabi_dcmple
                0x000000001000a634       0x10 CMakeFiles/proj.dir/home/dby/Documents/project/master/pico-sdk/src/rp2_common/pico_double/double_aeabi.S.obj
                0x000000001000a634                __wrap___aeabi_dcmple
 .text.__wrap___aeabi_dcmpge
                0x000000001000a644       0x10 CMakeFiles/proj.dir/home/dby/Documents/project/master/pico-sdk/src/rp2_common/pico_double/double_aeabi.S.obj
                0x000000001000a644                __wrap___aeabi_dcmpge
 .text.__wrap___aeabi_dcmpgt
                0x000000001000a654        0xa CMakeFiles/proj.dir/home/dby/Documents/project/master/pico-sdk/src/rp2_common/pico_double/double_aeabi.S.obj
                0x000000001000a654                __wrap___aeabi_dcmpgt
 .text.__wrap___aeabi_dcmpun
                0x000000001000a65e       0x1c CMakeFiles/proj.dir/home/dby/Documents/project/master/pico-sdk/src/rp2_common/pico_double/double_aeabi.S.obj
                0x000000001000a65e                __wrap___aeabi_dcmpun
 *fill*         0x000000001000a67a        0x2 
 .text.__wrap___aeabi_i2d
                0x000000001000a67c       0x38 CMakeFiles/proj.dir/home/dby/Documents/project/master/pico-sdk/src/rp2_common/pico_double/double_aeabi.S.obj
                0x000000001000a67c                __wrap___aeabi_ui2d
                0x000000001000a684                __wrap___aeabi_i2d
 .text.__wrap___aeabi_d2iz
                0x000000001000a6b4       0x48 CMakeFiles/proj.dir/home/dby/Documents/project/master/pico-sdk/src/rp2_common/pico_double/double_aeabi.S.obj
                0x000000001000a6b4                __wrap___aeabi_d2iz
                0x000000001000a6b4                double2int_z
 .text.__wrap___aeabi_d2uiz
                0x000000001000a6fc       0x10 CMakeFiles/proj.dir/home/dby/Documents/project/master/pico-sdk/src/rp2_common/pico_double/double_aeabi.S.obj
                0x000000001000a6fc                double2uint
                0x000000001000a6fc                __wrap___aeabi_d2uiz
 .text.__wrap___aeabi_d2f
                0x000000001000a70c       0x10 CMakeFiles/proj.dir/home/dby/Documents/project/master/pico-sdk/src/rp2_common/pico_double/double_aeabi.S.obj
                0x000000001000a70c                __wrap___aeabi_d2f
 .text.missing_double_func_shim
                0x000000001000a71c        0xc CMakeFiles/proj.dir/home/dby/Documents/project/master/pico-sdk/src/rp2_common/pico_double/double_init_rom.c.obj
 .text.__aeabi_double_init
                0x000000001000a728       0x98 CMakeFiles/proj.dir/home/dby/Documents/project/master/pico-sdk/src/rp2_common/pico_double/double_init_rom.c.obj
                0x000000001000a728                __aeabi_double_init
 .text.double_table_shim_on_use_helper
                0x000000001000a7c0       0x2c CMakeFiles/proj.dir/home/dby/Documents/project/master/pico-sdk/src/rp2_common/pico_double/double_v1_rom_shim.S.obj
                0x000000001000a7c0                double_table_shim_on_use_helper
 .text.__aeabi_lmul
                0x000000001000a7ec       0x32 CMakeFiles/proj.dir/home/dby/Documents/project/master/pico-sdk/src/rp2_common/pico_int64_ops/pico_int64_ops_aeabi.S.obj
                0x000000001000a7ec                __wrap___aeabi_lmul
 *fill*         0x000000001000a81e        0x2 
 .text.__wrap___aeabi_cfcmple
                0x000000001000a820       0x50 CMakeFiles/proj.dir/home/dby/Documents/project/master/pico-sdk/src/rp2_common/pico_float/float_aeabi.S.obj
                0x000000001000a820                __wrap___aeabi_cfrcmple
                0x000000001000a82c                __wrap___aeabi_cfcmpeq
                0x000000001000a82c                __wrap___aeabi_cfcmple
 .text.__wrap___aeabi_fcmplt
                0x000000001000a870        0xc CMakeFiles/proj.dir/home/dby/Documents/project/master/pico-sdk/src/rp2_common/pico_float/float_aeabi.S.obj
                0x000000001000a870                __wrap___aeabi_fcmplt
 .text.__wrap___aeabi_fcmpgt
                0x000000001000a87c        0xa CMakeFiles/proj.dir/home/dby/Documents/project/master/pico-sdk/src/rp2_common/pico_float/float_aeabi.S.obj
                0x000000001000a87c                __wrap___aeabi_fcmpgt
 *fill*         0x000000001000a886        0x2 
 .text.__wrap___aeabi_f2d
                0x000000001000a888        0xc CMakeFiles/proj.dir/home/dby/Documents/project/master/pico-sdk/src/rp2_common/pico_float/float_aeabi.S.obj
                0x000000001000a888                __wrap___aeabi_f2d
 .text.missing_float_func_shim
                0x000000001000a894        0xc CMakeFiles/proj.dir/home/dby/Documents/project/master/pico-sdk/src/rp2_common/pico_float/float_init_rom.c.obj
 .text.__aeabi_float_init
                0x000000001000a8a0       0x5c CMakeFiles/proj.dir/home/dby/Documents/project/master/pico-sdk/src/rp2_common/pico_float/float_init_rom.c.obj
                0x000000001000a8a0                __aeabi_float_init
 .text.__wrap_malloc
                0x000000001000a8fc       0x24 CMakeFiles/proj.dir/home/dby/Documents/project/master/pico-sdk/src/rp2_common/pico_malloc/pico_malloc.c.obj
                0x000000001000a8fc                __wrap_malloc
 .text          0x000000001000a920       0x10 CMakeFiles/proj.dir/home/dby/Documents/project/master/pico-sdk/src/rp2_common/pico_mem_ops/mem_ops_aeabi.S.obj
                0x000000001000a920                __aeabi_mem_init
 .text.memset   0x000000001000a930        0xc CMakeFiles/proj.dir/home/dby/Documents/project/master/pico-sdk/src/rp2_common/pico_mem_ops/mem_ops_aeabi.S.obj
                0x000000001000a930                __wrap_memset
 .text.memcpy   0x000000001000a93c        0xc CMakeFiles/proj.dir/home/dby/Documents/project/master/pico-sdk/src/rp2_common/pico_mem_ops/mem_ops_aeabi.S.obj
                0x000000001000a93c                __wrap___aeabi_memcpy
                0x000000001000a93c                __wrap_memcpy
 .text.stdio_out_chars_no_crlf
                0x000000001000a948       0x10 CMakeFiles/proj.dir/home/dby/Documents/project/master/pico-sdk/src/rp2_common/pico_stdio/stdio.c.obj
 .text.stdio_out_chars_crlf
                0x000000001000a958       0xb4 CMakeFiles/proj.dir/home/dby/Documents/project/master/pico-sdk/src/rp2_common/pico_stdio/stdio.c.obj
 .text.stdio_buffered_printer
                0x000000001000aa0c       0x64 CMakeFiles/proj.dir/home/dby/Documents/project/master/pico-sdk/src/rp2_common/pico_stdio/stdio.c.obj
 .text.stdio_put_string.isra.0
                0x000000001000aa70       0xfc CMakeFiles/proj.dir/home/dby/Documents/project/master/pico-sdk/src/rp2_common/pico_stdio/stdio.c.obj
 .text.__wrap_putchar
                0x000000001000ab6c       0xa0 CMakeFiles/proj.dir/home/dby/Documents/project/master/pico-sdk/src/rp2_common/pico_stdio/stdio.c.obj
                0x000000001000ab6c                __wrap_putchar
 .text.__wrap_puts
                0x000000001000ac0c       0x3c CMakeFiles/proj.dir/home/dby/Documents/project/master/pico-sdk/src/rp2_common/pico_stdio/stdio.c.obj
                0x000000001000ac0c                __wrap_puts
 .text.stdio_set_driver_enabled
                0x000000001000ac48       0x30 CMakeFiles/proj.dir/home/dby/Documents/project/master/pico-sdk/src/rp2_common/pico_stdio/stdio.c.obj
                0x000000001000ac48                stdio_set_driver_enabled
 .text.__wrap_vprintf
                0x000000001000ac78       0xd8 CMakeFiles/proj.dir/home/dby/Documents/project/master/pico-sdk/src/rp2_common/pico_stdio/stdio.c.obj
                0x000000001000ac78                __wrap_vprintf
 .text.__wrap_printf
                0x000000001000ad50       0x18 CMakeFiles/proj.dir/home/dby/Documents/project/master/pico-sdk/src/rp2_common/pico_stdio/stdio.c.obj
                0x000000001000ad50                __wrap_printf
 .text.stdio_init_all
                0x000000001000ad68        0x8 CMakeFiles/proj.dir/home/dby/Documents/project/master/pico-sdk/src/rp2_common/pico_stdio/stdio.c.obj
                0x000000001000ad68                stdio_init_all
 .text.resetd_init
                0x000000001000ad70        0x4 CMakeFiles/proj.dir/home/dby/Documents/project/master/pico-sdk/src/rp2_common/pico_stdio_usb/reset_interface.c.obj
 .text.resetd_reset
                0x000000001000ad74        0xc CMakeFiles/proj.dir/home/dby/Documents/project/master/pico-sdk/src/rp2_common/pico_stdio_usb/reset_interface.c.obj
 .text.resetd_open
                0x000000001000ad80       0x28 CMakeFiles/proj.dir/home/dby/Documents/project/master/pico-sdk/src/rp2_common/pico_stdio_usb/reset_interface.c.obj
 .text.resetd_xfer_cb
                0x000000001000ada8        0x4 CMakeFiles/proj.dir/home/dby/Documents/project/master/pico-sdk/src/rp2_common/pico_stdio_usb/reset_interface.c.obj
 .text.resetd_control_xfer_cb
                0x000000001000adac       0x64 CMakeFiles/proj.dir/home/dby/Documents/project/master/pico-sdk/src/rp2_common/pico_stdio_usb/reset_interface.c.obj
 .text.usbd_app_driver_get_cb
                0x000000001000ae10        0xc CMakeFiles/proj.dir/home/dby/Documents/project/master/pico-sdk/src/rp2_common/pico_stdio_usb/reset_interface.c.obj
                0x000000001000ae10                usbd_app_driver_get_cb
 .text.tud_cdc_line_coding_cb
                0x000000001000ae1c       0x34 CMakeFiles/proj.dir/home/dby/Documents/project/master/pico-sdk/src/rp2_common/pico_stdio_usb/reset_interface.c.obj
                0x000000001000ae1c                tud_cdc_line_coding_cb
 .text.stdio_usb_in_chars
                0x000000001000ae50       0x68 CMakeFiles/proj.dir/home/dby/Documents/project/master/pico-sdk/src/rp2_common/pico_stdio_usb/stdio_usb.c.obj
                0x000000001000ae50                stdio_usb_in_chars
 .text.stdio_usb_out_chars
                0x000000001000aeb8       0xe4 CMakeFiles/proj.dir/home/dby/Documents/project/master/pico-sdk/src/rp2_common/pico_stdio_usb/stdio_usb.c.obj
 .text.timer_task
                0x000000001000af9c       0x18 CMakeFiles/proj.dir/home/dby/Documents/project/master/pico-sdk/src/rp2_common/pico_stdio_usb/stdio_usb.c.obj
 .text.usb_irq  0x000000001000afb4       0x10 CMakeFiles/proj.dir/home/dby/Documents/project/master/pico-sdk/src/rp2_common/pico_stdio_usb/stdio_usb.c.obj
 .text.low_priority_worker_irq
                0x000000001000afc4       0x24 CMakeFiles/proj.dir/home/dby/Documents/project/master/pico-sdk/src/rp2_common/pico_stdio_usb/stdio_usb.c.obj
 .text.stdio_usb_init
                0x000000001000afe8       0xb0 CMakeFiles/proj.dir/home/dby/Documents/project/master/pico-sdk/src/rp2_common/pico_stdio_usb/stdio_usb.c.obj
                0x000000001000afe8                stdio_usb_init
 .text.tud_descriptor_device_cb
                0x000000001000b098        0x8 CMakeFiles/proj.dir/home/dby/Documents/project/master/pico-sdk/src/rp2_common/pico_stdio_usb/stdio_usb_descriptors.c.obj
                0x000000001000b098                tud_descriptor_device_cb
 .text.tud_descriptor_configuration_cb
                0x000000001000b0a0        0x8 CMakeFiles/proj.dir/home/dby/Documents/project/master/pico-sdk/src/rp2_common/pico_stdio_usb/stdio_usb_descriptors.c.obj
                0x000000001000b0a0                tud_descriptor_configuration_cb
 .text.tud_descriptor_string_cb
                0x000000001000b0a8       0x74 CMakeFiles/proj.dir/home/dby/Documents/project/master/pico-sdk/src/rp2_common/pico_stdio_usb/stdio_usb_descriptors.c.obj
                0x000000001000b0a8                tud_descriptor_string_cb
 .text.dcd_rp2040_irq
                0x000000001000b11c      0x21c CMakeFiles/proj.dir/home/dby/Documents/project/master/pico-sdk/lib/tinyusb/src/portable/raspberrypi/rp2040/dcd_rp2040.c.obj
 .text.dcd_int_enable
                0x000000001000b338        0xc CMakeFiles/proj.dir/home/dby/Documents/project/master/pico-sdk/lib/tinyusb/src/portable/raspberrypi/rp2040/dcd_rp2040.c.obj
                0x000000001000b338                dcd_int_enable
 .text.dcd_set_address
                0x000000001000b344       0x14 CMakeFiles/proj.dir/home/dby/Documents/project/master/pico-sdk/lib/tinyusb/src/portable/raspberrypi/rp2040/dcd_rp2040.c.obj
                0x000000001000b344                dcd_set_address
 .text.dcd_connect
                0x000000001000b358       0x10 CMakeFiles/proj.dir/home/dby/Documents/project/master/pico-sdk/lib/tinyusb/src/portable/raspberrypi/rp2040/dcd_rp2040.c.obj
                0x000000001000b358                dcd_connect
 .text.dcd_init
                0x000000001000b368      0x144 CMakeFiles/proj.dir/home/dby/Documents/project/master/pico-sdk/lib/tinyusb/src/portable/raspberrypi/rp2040/dcd_rp2040.c.obj
                0x000000001000b368                dcd_init
 .text.dcd_edpt0_status_complete
                0x000000001000b4ac       0x1c CMakeFiles/proj.dir/home/dby/Documents/project/master/pico-sdk/lib/tinyusb/src/portable/raspberrypi/rp2040/dcd_rp2040.c.obj
                0x000000001000b4ac                dcd_edpt0_status_complete
 .text.dcd_edpt_open
                0x000000001000b4c8       0xf0 CMakeFiles/proj.dir/home/dby/Documents/project/master/pico-sdk/lib/tinyusb/src/portable/raspberrypi/rp2040/dcd_rp2040.c.obj
                0x000000001000b4c8                dcd_edpt_open
 .text.dcd_edpt_close_all
                0x000000001000b5b8       0xbc CMakeFiles/proj.dir/home/dby/Documents/project/master/pico-sdk/lib/tinyusb/src/portable/raspberrypi/rp2040/dcd_rp2040.c.obj
                0x000000001000b5b8                dcd_edpt_close_all
 .text.dcd_edpt_xfer
                0x000000001000b674       0x24 CMakeFiles/proj.dir/home/dby/Documents/project/master/pico-sdk/lib/tinyusb/src/portable/raspberrypi/rp2040/dcd_rp2040.c.obj
                0x000000001000b674                dcd_edpt_xfer
 .text.dcd_edpt_stall
                0x000000001000b698       0x38 CMakeFiles/proj.dir/home/dby/Documents/project/master/pico-sdk/lib/tinyusb/src/portable/raspberrypi/rp2040/dcd_rp2040.c.obj
                0x000000001000b698                dcd_edpt_stall
 .text.dcd_edpt_clear_stall
                0x000000001000b6d0       0x30 CMakeFiles/proj.dir/home/dby/Documents/project/master/pico-sdk/lib/tinyusb/src/portable/raspberrypi/rp2040/dcd_rp2040.c.obj
                0x000000001000b6d0                dcd_edpt_clear_stall
 .text._hw_endpoint_buffer_control_update32.part.0.isra.0
                0x000000001000b700       0x1c CMakeFiles/proj.dir/home/dby/Documents/project/master/pico-sdk/lib/tinyusb/src/portable/raspberrypi/rp2040/rp2040_usb.c.obj
 .text.rp2040_usb_init
                0x000000001000b71c       0x4c CMakeFiles/proj.dir/home/dby/Documents/project/master/pico-sdk/lib/tinyusb/src/portable/raspberrypi/rp2040/rp2040_usb.c.obj
                0x000000001000b71c                rp2040_usb_init
 .text.hw_endpoint_reset_transfer
                0x000000001000b768        0xc CMakeFiles/proj.dir/home/dby/Documents/project/master/pico-sdk/lib/tinyusb/src/portable/raspberrypi/rp2040/rp2040_usb.c.obj
                0x000000001000b768                hw_endpoint_reset_transfer
 .text._hw_endpoint_buffer_control_update32
                0x000000001000b774       0x44 CMakeFiles/proj.dir/home/dby/Documents/project/master/pico-sdk/lib/tinyusb/src/portable/raspberrypi/rp2040/rp2040_usb.c.obj
                0x000000001000b774                _hw_endpoint_buffer_control_update32
 .text.hw_endpoint_xfer_start
                0x000000001000b7b8      0x138 CMakeFiles/proj.dir/home/dby/Documents/project/master/pico-sdk/lib/tinyusb/src/portable/raspberrypi/rp2040/rp2040_usb.c.obj
                0x000000001000b7b8                hw_endpoint_xfer_start
 .text.hw_endpoint_xfer_continue
                0x000000001000b8f0      0x1e4 CMakeFiles/proj.dir/home/dby/Documents/project/master/pico-sdk/lib/tinyusb/src/portable/raspberrypi/rp2040/rp2040_usb.c.obj
                0x000000001000b8f0                hw_endpoint_xfer_continue
 .text.tud_mounted
                0x000000001000bad4       0x10 CMakeFiles/proj.dir/home/dby/Documents/project/master/pico-sdk/lib/tinyusb/src/device/usbd.c.obj
                0x000000001000bad4                tud_mounted
 .text.tud_suspended
                0x000000001000bae4       0x10 CMakeFiles/proj.dir/home/dby/Documents/project/master/pico-sdk/lib/tinyusb/src/device/usbd.c.obj
                0x000000001000bae4                tud_suspended
 .text.tud_inited
                0x000000001000baf4        0xc CMakeFiles/proj.dir/home/dby/Documents/project/master/pico-sdk/lib/tinyusb/src/device/usbd.c.obj
                0x000000001000baf4                tud_inited
 .text.tud_init
                0x000000001000bb00       0xd8 CMakeFiles/proj.dir/home/dby/Documents/project/master/pico-sdk/lib/tinyusb/src/device/usbd.c.obj
                0x000000001000bb00                tud_init
 .text.tud_task
                0x000000001000bbd8      0x8ec CMakeFiles/proj.dir/home/dby/Documents/project/master/pico-sdk/lib/tinyusb/src/device/usbd.c.obj
                0x000000001000bbd8                tud_task
 .text.dcd_event_bus_signal
                0x000000001000c4c4      0x120 CMakeFiles/proj.dir/home/dby/Documents/project/master/pico-sdk/lib/tinyusb/src/device/usbd.c.obj
                0x000000001000c4c4                dcd_event_bus_signal
 .text.dcd_event_bus_reset
                0x000000001000c5e4       0x54 CMakeFiles/proj.dir/home/dby/Documents/project/master/pico-sdk/lib/tinyusb/src/device/usbd.c.obj
                0x000000001000c5e4                dcd_event_bus_reset
 .text.dcd_event_setup_received
                0x000000001000c638       0x50 CMakeFiles/proj.dir/home/dby/Documents/project/master/pico-sdk/lib/tinyusb/src/device/usbd.c.obj
                0x000000001000c638                dcd_event_setup_received
 .text.dcd_event_xfer_complete
                0x000000001000c688       0x68 CMakeFiles/proj.dir/home/dby/Documents/project/master/pico-sdk/lib/tinyusb/src/device/usbd.c.obj
                0x000000001000c688                dcd_event_xfer_complete
 .text.usbd_open_edpt_pair
                0x000000001000c6f0       0x80 CMakeFiles/proj.dir/home/dby/Documents/project/master/pico-sdk/lib/tinyusb/src/device/usbd.c.obj
                0x000000001000c6f0                usbd_open_edpt_pair
 .text.usbd_edpt_open
                0x000000001000c770       0x30 CMakeFiles/proj.dir/home/dby/Documents/project/master/pico-sdk/lib/tinyusb/src/device/usbd.c.obj
                0x000000001000c770                usbd_edpt_open
 .text.usbd_edpt_claim
                0x000000001000c7a0       0x64 CMakeFiles/proj.dir/home/dby/Documents/project/master/pico-sdk/lib/tinyusb/src/device/usbd.c.obj
                0x000000001000c7a0                usbd_edpt_claim
 .text.usbd_edpt_release
                0x000000001000c804       0x4c CMakeFiles/proj.dir/home/dby/Documents/project/master/pico-sdk/lib/tinyusb/src/device/usbd.c.obj
                0x000000001000c804                usbd_edpt_release
 .text.usbd_edpt_xfer
                0x000000001000c850       0x48 CMakeFiles/proj.dir/home/dby/Documents/project/master/pico-sdk/lib/tinyusb/src/device/usbd.c.obj
                0x000000001000c850                usbd_edpt_xfer
 .text.tud_control_status
                0x000000001000c898       0x30 CMakeFiles/proj.dir/home/dby/Documents/project/master/pico-sdk/lib/tinyusb/src/device/usbd_control.c.obj
                0x000000001000c898                tud_control_status
 .text.tud_control_xfer
                0x000000001000c8c8       0xbc CMakeFiles/proj.dir/home/dby/Documents/project/master/pico-sdk/lib/tinyusb/src/device/usbd_control.c.obj
                0x000000001000c8c8                tud_control_xfer
 .text.usbd_control_reset
                0x000000001000c984       0x14 CMakeFiles/proj.dir/home/dby/Documents/project/master/pico-sdk/lib/tinyusb/src/device/usbd_control.c.obj
                0x000000001000c984                usbd_control_reset
 .text.usbd_control_set_complete_callback
                0x000000001000c998        0xc CMakeFiles/proj.dir/home/dby/Documents/project/master/pico-sdk/lib/tinyusb/src/device/usbd_control.c.obj
                0x000000001000c998                usbd_control_set_complete_callback
 .text.usbd_control_set_request
                0x000000001000c9a4       0x1c CMakeFiles/proj.dir/home/dby/Documents/project/master/pico-sdk/lib/tinyusb/src/device/usbd_control.c.obj
                0x000000001000c9a4                usbd_control_set_request
 .text.usbd_control_xfer_cb
                0x000000001000c9c0       0xfc CMakeFiles/proj.dir/home/dby/Documents/project/master/pico-sdk/lib/tinyusb/src/device/usbd_control.c.obj
                0x000000001000c9c0                usbd_control_xfer_cb
 .text.tud_cdc_n_connected
                0x000000001000cabc       0x30 CMakeFiles/proj.dir/home/dby/Documents/project/master/pico-sdk/lib/tinyusb/src/class/cdc/cdc_device.c.obj
                0x000000001000cabc                tud_cdc_n_connected
 .text.tud_cdc_n_available
                0x000000001000caec       0x18 CMakeFiles/proj.dir/home/dby/Documents/project/master/pico-sdk/lib/tinyusb/src/class/cdc/cdc_device.c.obj
                0x000000001000caec                tud_cdc_n_available
 .text.tud_cdc_n_read
                0x000000001000cb04       0x70 CMakeFiles/proj.dir/home/dby/Documents/project/master/pico-sdk/lib/tinyusb/src/class/cdc/cdc_device.c.obj
                0x000000001000cb04                tud_cdc_n_read
 .text.tud_cdc_n_write_flush
                0x000000001000cb74       0x78 CMakeFiles/proj.dir/home/dby/Documents/project/master/pico-sdk/lib/tinyusb/src/class/cdc/cdc_device.c.obj
                0x000000001000cb74                tud_cdc_n_write_flush
 .text.tud_cdc_n_write
                0x000000001000cbec       0x34 CMakeFiles/proj.dir/home/dby/Documents/project/master/pico-sdk/lib/tinyusb/src/class/cdc/cdc_device.c.obj
                0x000000001000cbec                tud_cdc_n_write
 .text.tud_cdc_n_write_available
                0x000000001000cc20       0x18 CMakeFiles/proj.dir/home/dby/Documents/project/master/pico-sdk/lib/tinyusb/src/class/cdc/cdc_device.c.obj
                0x000000001000cc20                tud_cdc_n_write_available
 .text.cdcd_init
                0x000000001000cc38       0x7c CMakeFiles/proj.dir/home/dby/Documents/project/master/pico-sdk/lib/tinyusb/src/class/cdc/cdc_device.c.obj
                0x000000001000cc38                cdcd_init
 .text.cdcd_reset
                0x000000001000ccb4       0x2c CMakeFiles/proj.dir/home/dby/Documents/project/master/pico-sdk/lib/tinyusb/src/class/cdc/cdc_device.c.obj
                0x000000001000ccb4                cdcd_reset
 .text.cdcd_open
                0x000000001000cce0       0xe4 CMakeFiles/proj.dir/home/dby/Documents/project/master/pico-sdk/lib/tinyusb/src/class/cdc/cdc_device.c.obj
                0x000000001000cce0                cdcd_open
 .text.cdcd_control_xfer_cb
                0x000000001000cdc4       0xe4 CMakeFiles/proj.dir/home/dby/Documents/project/master/pico-sdk/lib/tinyusb/src/class/cdc/cdc_device.c.obj
                0x000000001000cdc4                cdcd_control_xfer_cb
 .text.cdcd_xfer_cb
                0x000000001000cea8      0x148 CMakeFiles/proj.dir/home/dby/Documents/project/master/pico-sdk/lib/tinyusb/src/class/cdc/cdc_device.c.obj
                0x000000001000cea8                cdcd_xfer_cb
 .text.tusb_init
                0x000000001000cff0        0xc CMakeFiles/proj.dir/home/dby/Documents/project/master/pico-sdk/lib/tinyusb/src/tusb.c.obj
                0x000000001000cff0                tusb_init
 .text.tusb_inited
                0x000000001000cffc        0x8 CMakeFiles/proj.dir/home/dby/Documents/project/master/pico-sdk/lib/tinyusb/src/tusb.c.obj
                0x000000001000cffc                tusb_inited
 .text.tu_edpt_validate
                0x000000001000d004       0x78 CMakeFiles/proj.dir/home/dby/Documents/project/master/pico-sdk/lib/tinyusb/src/tusb.c.obj
                0x000000001000d004                tu_edpt_validate
 .text.tu_edpt_bind_driver
                0x000000001000d07c       0x2c CMakeFiles/proj.dir/home/dby/Documents/project/master/pico-sdk/lib/tinyusb/src/tusb.c.obj
                0x000000001000d07c                tu_edpt_bind_driver
 .text.tu_fifo_config
                0x000000001000d0a8       0x78 CMakeFiles/proj.dir/home/dby/Documents/project/master/pico-sdk/lib/tinyusb/src/common/tusb_fifo.c.obj
                0x000000001000d0a8                tu_fifo_config
 .text.tu_fifo_count
                0x000000001000d120       0x20 CMakeFiles/proj.dir/home/dby/Documents/project/master/pico-sdk/lib/tinyusb/src/common/tusb_fifo.c.obj
                0x000000001000d120                tu_fifo_count
 .text.tu_fifo_empty
                0x000000001000d140       0x10 CMakeFiles/proj.dir/home/dby/Documents/project/master/pico-sdk/lib/tinyusb/src/common/tusb_fifo.c.obj
                0x000000001000d140                tu_fifo_empty
 .text.tu_fifo_remaining
                0x000000001000d150       0x1c CMakeFiles/proj.dir/home/dby/Documents/project/master/pico-sdk/lib/tinyusb/src/common/tusb_fifo.c.obj
                0x000000001000d150                tu_fifo_remaining
 .text.tu_fifo_read
                0x000000001000d16c       0x9c CMakeFiles/proj.dir/home/dby/Documents/project/master/pico-sdk/lib/tinyusb/src/common/tusb_fifo.c.obj
                0x000000001000d16c                tu_fifo_read
 .text.tu_fifo_read_n
                0x000000001000d208      0x100 CMakeFiles/proj.dir/home/dby/Documents/project/master/pico-sdk/lib/tinyusb/src/common/tusb_fifo.c.obj
                0x000000001000d208                tu_fifo_read_n
 .text.tu_fifo_write
                0x000000001000d308       0x7c CMakeFiles/proj.dir/home/dby/Documents/project/master/pico-sdk/lib/tinyusb/src/common/tusb_fifo.c.obj
                0x000000001000d308                tu_fifo_write
 .text.tu_fifo_write_n
                0x000000001000d384      0x100 CMakeFiles/proj.dir/home/dby/Documents/project/master/pico-sdk/lib/tinyusb/src/common/tusb_fifo.c.obj
                0x000000001000d384                tu_fifo_write_n
 .text.tu_fifo_clear
                0x000000001000d484       0x4c CMakeFiles/proj.dir/home/dby/Documents/project/master/pico-sdk/lib/tinyusb/src/common/tusb_fifo.c.obj
                0x000000001000d484                tu_fifo_clear
 .text.tu_fifo_set_overwritable
                0x000000001000d4d0       0x3c CMakeFiles/proj.dir/home/dby/Documents/project/master/pico-sdk/lib/tinyusb/src/common/tusb_fifo.c.obj
                0x000000001000d4d0                tu_fifo_set_overwritable
 .text.pio_sm_unclaim
                0x000000001000d50c       0x20 CMakeFiles/proj.dir/home/dby/Documents/project/master/pico-sdk/src/rp2_common/hardware_pio/pio.c.obj
                0x000000001000d50c                pio_sm_unclaim
 .text.pio_claim_unused_sm
                0x000000001000d52c       0x3c CMakeFiles/proj.dir/home/dby/Documents/project/master/pico-sdk/src/rp2_common/hardware_pio/pio.c.obj
                0x000000001000d52c                pio_claim_unused_sm
 .text.pio_can_add_program
                0x000000001000d568       0x68 CMakeFiles/proj.dir/home/dby/Documents/project/master/pico-sdk/src/rp2_common/hardware_pio/pio.c.obj
                0x000000001000d568                pio_can_add_program
 .text.pio_add_program
                0x000000001000d5d0       0xc8 CMakeFiles/proj.dir/home/dby/Documents/project/master/pico-sdk/src/rp2_common/hardware_pio/pio.c.obj
                0x000000001000d5d0                pio_add_program
 .text.pio_remove_program
                0x000000001000d698       0x34 CMakeFiles/proj.dir/home/dby/Documents/project/master/pico-sdk/src/rp2_common/hardware_pio/pio.c.obj
                0x000000001000d698                pio_remove_program
 .text.pio_sm_set_pindirs_with_mask
                0x000000001000d6cc       0x88 CMakeFiles/proj.dir/home/dby/Documents/project/master/pico-sdk/src/rp2_common/hardware_pio/pio.c.obj
                0x000000001000d6cc                pio_sm_set_pindirs_with_mask
 .text.pio_sm_set_consecutive_pindirs
                0x000000001000d754       0x84 CMakeFiles/proj.dir/home/dby/Documents/project/master/pico-sdk/src/rp2_common/hardware_pio/pio.c.obj
                0x000000001000d754                pio_sm_set_consecutive_pindirs
 .text.dma_channel_unclaim
                0x000000001000d7d8       0x10 CMakeFiles/proj.dir/home/dby/Documents/project/master/pico-sdk/src/rp2_common/hardware_dma/dma.c.obj
                0x000000001000d7d8                dma_channel_unclaim
 .text.dma_claim_unused_channel
                0x000000001000d7e8       0x20 CMakeFiles/proj.dir/home/dby/Documents/project/master/pico-sdk/src/rp2_common/hardware_dma/dma.c.obj
                0x000000001000d7e8                dma_claim_unused_channel
 .text.lwip_init
                0x000000001000d808       0x24 CMakeFiles/proj.dir/home/dby/Documents/project/master/pico-sdk/lib/lwip/src/core/init.c.obj
                0x000000001000d808                lwip_init
 .text.lwip_htons
                0x000000001000d82c        0x8 CMakeFiles/proj.dir/home/dby/Documents/project/master/pico-sdk/lib/lwip/src/core/def.c.obj
                0x000000001000d82c                lwip_htons
 .text.lwip_htonl
                0x000000001000d834        0x4 CMakeFiles/proj.dir/home/dby/Documents/project/master/pico-sdk/lib/lwip/src/core/def.c.obj
                0x000000001000d834                lwip_htonl
 .text.dns_call_found
                0x000000001000d838      0x134 CMakeFiles/proj.dir/home/dby/Documents/project/master/pico-sdk/lib/lwip/src/core/dns.c.obj
 .text.dns_send.isra.0
                0x000000001000d96c      0x158 CMakeFiles/proj.dir/home/dby/Documents/project/master/pico-sdk/lib/lwip/src/core/dns.c.obj
 .text.dns_init
                0x000000001000dac4        0x4 CMakeFiles/proj.dir/home/dby/Documents/project/master/pico-sdk/lib/lwip/src/core/dns.c.obj
                0x000000001000dac4                dns_init
 .text.dns_setserver
                0x000000001000dac8       0x2c CMakeFiles/proj.dir/home/dby/Documents/project/master/pico-sdk/lib/lwip/src/core/dns.c.obj
                0x000000001000dac8                dns_setserver
 .text.dns_tmr  0x000000001000daf4      0x12c CMakeFiles/proj.dir/home/dby/Documents/project/master/pico-sdk/lib/lwip/src/core/dns.c.obj
                0x000000001000daf4                dns_tmr
 .text.lwip_standard_chksum
                0x000000001000dc20       0xd8 CMakeFiles/proj.dir/home/dby/Documents/project/master/pico-sdk/lib/lwip/src/core/inet_chksum.c.obj
                0x000000001000dc20                lwip_standard_chksum
 .text.inet_chksum_pseudo
                0x000000001000dcf8       0xb4 CMakeFiles/proj.dir/home/dby/Documents/project/master/pico-sdk/lib/lwip/src/core/inet_chksum.c.obj
                0x000000001000dcf8                inet_chksum_pseudo
 .text.ip_chksum_pseudo
                0x000000001000ddac       0x10 CMakeFiles/proj.dir/home/dby/Documents/project/master/pico-sdk/lib/lwip/src/core/inet_chksum.c.obj
                0x000000001000ddac                ip_chksum_pseudo
 .text.inet_chksum
                0x000000001000ddbc        0xc CMakeFiles/proj.dir/home/dby/Documents/project/master/pico-sdk/lib/lwip/src/core/inet_chksum.c.obj
                0x000000001000ddbc                inet_chksum
 .text.inet_chksum_pbuf
                0x000000001000ddc8       0x6c CMakeFiles/proj.dir/home/dby/Documents/project/master/pico-sdk/lib/lwip/src/core/inet_chksum.c.obj
                0x000000001000ddc8                inet_chksum_pbuf
 .text.mem_init
                0x000000001000de34       0x40 CMakeFiles/proj.dir/home/dby/Documents/project/master/pico-sdk/lib/lwip/src/core/mem.c.obj
                0x000000001000de34                mem_init
 .text.mem_free
                0x000000001000de74       0xe8 CMakeFiles/proj.dir/home/dby/Documents/project/master/pico-sdk/lib/lwip/src/core/mem.c.obj
                0x000000001000de74                mem_free
 .text.mem_trim
                0x000000001000df5c       0xf4 CMakeFiles/proj.dir/home/dby/Documents/project/master/pico-sdk/lib/lwip/src/core/mem.c.obj
                0x000000001000df5c                mem_trim
 .text.mem_malloc
                0x000000001000e050       0xe8 CMakeFiles/proj.dir/home/dby/Documents/project/master/pico-sdk/lib/lwip/src/core/mem.c.obj
                0x000000001000e050                mem_malloc
 .text.mem_calloc
                0x000000001000e138       0x28 CMakeFiles/proj.dir/home/dby/Documents/project/master/pico-sdk/lib/lwip/src/core/mem.c.obj
                0x000000001000e138                mem_calloc
 .text.memp_init
                0x000000001000e160       0x6c CMakeFiles/proj.dir/home/dby/Documents/project/master/pico-sdk/lib/lwip/src/core/memp.c.obj
                0x000000001000e160                memp_init
 .text.memp_malloc
                0x000000001000e1cc       0x34 CMakeFiles/proj.dir/home/dby/Documents/project/master/pico-sdk/lib/lwip/src/core/memp.c.obj
                0x000000001000e1cc                memp_malloc
 .text.memp_free
                0x000000001000e200       0x28 CMakeFiles/proj.dir/home/dby/Documents/project/master/pico-sdk/lib/lwip/src/core/memp.c.obj
                0x000000001000e200                memp_free
 .text.netif_null_output_ip4
                0x000000001000e228        0x8 CMakeFiles/proj.dir/home/dby/Documents/project/master/pico-sdk/lib/lwip/src/core/netif.c.obj
 .text.netif_init
                0x000000001000e230        0x4 CMakeFiles/proj.dir/home/dby/Documents/project/master/pico-sdk/lib/lwip/src/core/netif.c.obj
                0x000000001000e230                netif_init
 .text.netif_set_addr
                0x000000001000e234       0xf0 CMakeFiles/proj.dir/home/dby/Documents/project/master/pico-sdk/lib/lwip/src/core/netif.c.obj
                0x000000001000e234                netif_set_addr
 .text.netif_add
                0x000000001000e324       0xf0 CMakeFiles/proj.dir/home/dby/Documents/project/master/pico-sdk/lib/lwip/src/core/netif.c.obj
                0x000000001000e324                netif_add
 .text.netif_remove
                0x000000001000e414       0x94 CMakeFiles/proj.dir/home/dby/Documents/project/master/pico-sdk/lib/lwip/src/core/netif.c.obj
                0x000000001000e414                netif_remove
 .text.netif_set_default
                0x000000001000e4a8        0xc CMakeFiles/proj.dir/home/dby/Documents/project/master/pico-sdk/lib/lwip/src/core/netif.c.obj
                0x000000001000e4a8                netif_set_default
 .text.netif_set_up
                0x000000001000e4b4       0x40 CMakeFiles/proj.dir/home/dby/Documents/project/master/pico-sdk/lib/lwip/src/core/netif.c.obj
                0x000000001000e4b4                netif_set_up
 .text.netif_set_link_up
                0x000000001000e4f4       0x44 CMakeFiles/proj.dir/home/dby/Documents/project/master/pico-sdk/lib/lwip/src/core/netif.c.obj
                0x000000001000e4f4                netif_set_link_up
 .text.netif_set_link_down
                0x000000001000e538       0x20 CMakeFiles/proj.dir/home/dby/Documents/project/master/pico-sdk/lib/lwip/src/core/netif.c.obj
                0x000000001000e538                netif_set_link_down
 .text.netif_get_by_index
                0x000000001000e558       0x2c CMakeFiles/proj.dir/home/dby/Documents/project/master/pico-sdk/lib/lwip/src/core/netif.c.obj
                0x000000001000e558                netif_get_by_index
 .text.pbuf_free_ooseq
                0x000000001000e584       0x34 CMakeFiles/proj.dir/home/dby/Documents/project/master/pico-sdk/lib/lwip/src/core/pbuf.c.obj
                0x000000001000e584                pbuf_free_ooseq
 .text.pbuf_alloc
                0x000000001000e5b8      0x170 CMakeFiles/proj.dir/home/dby/Documents/project/master/pico-sdk/lib/lwip/src/core/pbuf.c.obj
                0x000000001000e5b8                pbuf_alloc
 .text.pbuf_realloc
                0x000000001000e728       0xbc CMakeFiles/proj.dir/home/dby/Documents/project/master/pico-sdk/lib/lwip/src/core/pbuf.c.obj
                0x000000001000e728                pbuf_realloc
 .text.pbuf_add_header
                0x000000001000e7e4       0x4c CMakeFiles/proj.dir/home/dby/Documents/project/master/pico-sdk/lib/lwip/src/core/pbuf.c.obj
                0x000000001000e7e4                pbuf_add_header
 .text.pbuf_remove_header
                0x000000001000e830       0x38 CMakeFiles/proj.dir/home/dby/Documents/project/master/pico-sdk/lib/lwip/src/core/pbuf.c.obj
                0x000000001000e830                pbuf_remove_header
 .text.pbuf_header_force
                0x000000001000e868       0x6c CMakeFiles/proj.dir/home/dby/Documents/project/master/pico-sdk/lib/lwip/src/core/pbuf.c.obj
                0x000000001000e868                pbuf_header_force
 .text.pbuf_free
                0x000000001000e8d4       0x64 CMakeFiles/proj.dir/home/dby/Documents/project/master/pico-sdk/lib/lwip/src/core/pbuf.c.obj
                0x000000001000e8d4                pbuf_free
 .text.pbuf_clen
                0x000000001000e938       0x14 CMakeFiles/proj.dir/home/dby/Documents/project/master/pico-sdk/lib/lwip/src/core/pbuf.c.obj
                0x000000001000e938                pbuf_clen
 .text.pbuf_ref
                0x000000001000e94c       0x18 CMakeFiles/proj.dir/home/dby/Documents/project/master/pico-sdk/lib/lwip/src/core/pbuf.c.obj
                0x000000001000e94c                pbuf_ref
 .text.pbuf_cat
                0x000000001000e964       0x2c CMakeFiles/proj.dir/home/dby/Documents/project/master/pico-sdk/lib/lwip/src/core/pbuf.c.obj
                0x000000001000e964                pbuf_cat
 .text.pbuf_chain
                0x000000001000e990       0x44 CMakeFiles/proj.dir/home/dby/Documents/project/master/pico-sdk/lib/lwip/src/core/pbuf.c.obj
                0x000000001000e990                pbuf_chain
 .text.pbuf_copy_partial_pbuf
                0x000000001000e9d4      0x11c CMakeFiles/proj.dir/home/dby/Documents/project/master/pico-sdk/lib/lwip/src/core/pbuf.c.obj
                0x000000001000e9d4                pbuf_copy_partial_pbuf
 .text.pbuf_copy
                0x000000001000eaf0       0x18 CMakeFiles/proj.dir/home/dby/Documents/project/master/pico-sdk/lib/lwip/src/core/pbuf.c.obj
                0x000000001000eaf0                pbuf_copy
 .text.pbuf_copy_partial
                0x000000001000eb08       0x70 CMakeFiles/proj.dir/home/dby/Documents/project/master/pico-sdk/lib/lwip/src/core/pbuf.c.obj
                0x000000001000eb08                pbuf_copy_partial
 .text.pbuf_get_contiguous
                0x000000001000eb78       0xa0 CMakeFiles/proj.dir/home/dby/Documents/project/master/pico-sdk/lib/lwip/src/core/pbuf.c.obj
                0x000000001000eb78                pbuf_get_contiguous
 .text.pbuf_take
                0x000000001000ec18       0x54 CMakeFiles/proj.dir/home/dby/Documents/project/master/pico-sdk/lib/lwip/src/core/pbuf.c.obj
                0x000000001000ec18                pbuf_take
 .text.pbuf_take_at
                0x000000001000ec6c       0x9c CMakeFiles/proj.dir/home/dby/Documents/project/master/pico-sdk/lib/lwip/src/core/pbuf.c.obj
                0x000000001000ec6c                pbuf_take_at
 .text.pbuf_clone
                0x000000001000ed08       0x20 CMakeFiles/proj.dir/home/dby/Documents/project/master/pico-sdk/lib/lwip/src/core/pbuf.c.obj
                0x000000001000ed08                pbuf_clone
 .text.pbuf_get_at
                0x000000001000ed28       0x20 CMakeFiles/proj.dir/home/dby/Documents/project/master/pico-sdk/lib/lwip/src/core/pbuf.c.obj
                0x000000001000ed28                pbuf_get_at
 .text.pbuf_put_at
                0x000000001000ed48       0x1c CMakeFiles/proj.dir/home/dby/Documents/project/master/pico-sdk/lib/lwip/src/core/pbuf.c.obj
                0x000000001000ed48                pbuf_put_at
 .text.raw_input
                0x000000001000ed64      0x12c CMakeFiles/proj.dir/home/dby/Documents/project/master/pico-sdk/lib/lwip/src/core/raw.c.obj
                0x000000001000ed64                raw_input
 .text.raw_netif_ip_addr_changed
                0x000000001000ee90       0x40 CMakeFiles/proj.dir/home/dby/Documents/project/master/pico-sdk/lib/lwip/src/core/raw.c.obj
                0x000000001000ee90                raw_netif_ip_addr_changed
 .text.stats_init
                0x000000001000eed0        0x4 CMakeFiles/proj.dir/home/dby/Documents/project/master/pico-sdk/lib/lwip/src/core/stats.c.obj
                0x000000001000eed0                stats_init
 .text.tcp_close_shutdown_fin
                0x000000001000eed4       0x4c CMakeFiles/proj.dir/home/dby/Documents/project/master/pico-sdk/lib/lwip/src/core/tcp.c.obj
 .text.tcp_pcb_purge.part.0