Archive member included to satisfy reference by file (symbol)

/usr/lib/gcc/arm-none-eabi/10.3.1/thumb/v6-m/nofp/libgcc.a(_dvmd_tls.o)
                              CMakeFiles/temphProj.dir/pico-sdk/src/rp2_common/pico_divider/divider.S.obj (__aeabi_idiv0)
/usr/lib/gcc/arm-none-eabi/10.3.1/../../../arm-none-eabi/lib/thumb/v6-m/nofp/libc.a(lib_a-atexit.o)
                              /usr/lib/gcc/arm-none-eabi/10.3.1/../../../arm-none-eabi/lib/thumb/v6-m/nofp/crt0.o (atexit)
/usr/lib/gcc/arm-none-eabi/10.3.1/../../../arm-none-eabi/lib/thumb/v6-m/nofp/libc.a(lib_a-atoi.o)
                              CMakeFiles/temphProj.dir/pico-sdk/lib/lwip/src/core/netif.c.obj (atoi)
/usr/lib/gcc/arm-none-eabi/10.3.1/../../../arm-none-eabi/lib/thumb/v6-m/nofp/libc.a(lib_a-calloc.o)
                              CMakeFiles/temphProj.dir/pico-sdk/src/rp2_common/pico_malloc/pico_malloc.c.obj (calloc)
/usr/lib/gcc/arm-none-eabi/10.3.1/../../../arm-none-eabi/lib/thumb/v6-m/nofp/libc.a(lib_a-callocr.o)
                              /usr/lib/gcc/arm-none-eabi/10.3.1/../../../arm-none-eabi/lib/thumb/v6-m/nofp/libc.a(lib_a-calloc.o) (_calloc_r)
/usr/lib/gcc/arm-none-eabi/10.3.1/../../../arm-none-eabi/lib/thumb/v6-m/nofp/libc.a(lib_a-ctype_.o)
                              CMakeFiles/temphProj.dir/pico-sdk/lib/lwip/src/core/dns.c.obj (_ctype_)
/usr/lib/gcc/arm-none-eabi/10.3.1/../../../arm-none-eabi/lib/thumb/v6-m/nofp/libc.a(lib_a-fini.o)
                              /usr/lib/gcc/arm-none-eabi/10.3.1/../../../arm-none-eabi/lib/thumb/v6-m/nofp/crt0.o (__libc_fini_array)
/usr/lib/gcc/arm-none-eabi/10.3.1/../../../arm-none-eabi/lib/thumb/v6-m/nofp/libc.a(lib_a-impure.o)
                              /usr/lib/gcc/arm-none-eabi/10.3.1/../../../arm-none-eabi/lib/thumb/v6-m/nofp/libc.a(lib_a-calloc.o) (_impure_ptr)
/usr/lib/gcc/arm-none-eabi/10.3.1/../../../arm-none-eabi/lib/thumb/v6-m/nofp/libc.a(lib_a-init.o)
                              /usr/lib/gcc/arm-none-eabi/10.3.1/../../../arm-none-eabi/lib/thumb/v6-m/nofp/crt0.o (__libc_init_array)
/usr/lib/gcc/arm-none-eabi/10.3.1/../../../arm-none-eabi/lib/thumb/v6-m/nofp/libc.a(lib_a-malloc.o)
                              CMakeFiles/temphProj.dir/pico-sdk/src/rp2_common/pico_malloc/pico_malloc.c.obj (malloc)
/usr/lib/gcc/arm-none-eabi/10.3.1/../../../arm-none-eabi/lib/thumb/v6-m/nofp/libc.a(lib_a-mallocr.o)
                              /usr/lib/gcc/arm-none-eabi/10.3.1/../../../arm-none-eabi/lib/thumb/v6-m/nofp/libc.a(lib_a-callocr.o) (_malloc_r)
/usr/lib/gcc/arm-none-eabi/10.3.1/../../../arm-none-eabi/lib/thumb/v6-m/nofp/libc.a(lib_a-memcmp.o)
                              CMakeFiles/temphProj.dir/pico-sdk/lib/lwip/src/netif/ethernet.c.obj (memcmp)
/usr/lib/gcc/arm-none-eabi/10.3.1/../../../arm-none-eabi/lib/thumb/v6-m/nofp/libc.a(lib_a-memmove.o)
                              CMakeFiles/temphProj.dir/pico-sdk/lib/cyw43-driver/src/cyw43_ll.c.obj (memmove)
/usr/lib/gcc/arm-none-eabi/10.3.1/../../../arm-none-eabi/lib/thumb/v6-m/nofp/libc.a(lib_a-mlock.o)
                              /usr/lib/gcc/arm-none-eabi/10.3.1/../../../arm-none-eabi/lib/thumb/v6-m/nofp/libc.a(lib_a-mallocr.o) (__malloc_lock)
/usr/lib/gcc/arm-none-eabi/10.3.1/../../../arm-none-eabi/lib/thumb/v6-m/nofp/libc.a(lib_a-realloc.o)
                              CMakeFiles/temphProj.dir/pico-sdk/src/rp2_common/pico_malloc/pico_malloc.c.obj (realloc)
/usr/lib/gcc/arm-none-eabi/10.3.1/../../../arm-none-eabi/lib/thumb/v6-m/nofp/libc.a(lib_a-reallocr.o)
                              /usr/lib/gcc/arm-none-eabi/10.3.1/../../../arm-none-eabi/lib/thumb/v6-m/nofp/libc.a(lib_a-realloc.o) (_realloc_r)
/usr/lib/gcc/arm-none-eabi/10.3.1/../../../arm-none-eabi/lib/thumb/v6-m/nofp/libc.a(lib_a-sbrkr.o)
                              /usr/lib/gcc/arm-none-eabi/10.3.1/../../../arm-none-eabi/lib/thumb/v6-m/nofp/libc.a(lib_a-mallocr.o) (_sbrk_r)
/usr/lib/gcc/arm-none-eabi/10.3.1/../../../arm-none-eabi/lib/thumb/v6-m/nofp/libc.a(lib_a-strlen-stub.o)
                              CMakeFiles/temphProj.dir/pico-sdk/src/rp2_common/pico_stdio/stdio.c.obj (strlen)
/usr/lib/gcc/arm-none-eabi/10.3.1/../../../arm-none-eabi/lib/thumb/v6-m/nofp/libc.a(lib_a-strncmp.o)
                              CMakeFiles/temphProj.dir/pico-sdk/lib/cyw43-driver/src/cyw43_ll.c.obj (strncmp)
/usr/lib/gcc/arm-none-eabi/10.3.1/../../../arm-none-eabi/lib/thumb/v6-m/nofp/libc.a(lib_a-strtol.o)
                              /usr/lib/gcc/arm-none-eabi/10.3.1/../../../arm-none-eabi/lib/thumb/v6-m/nofp/libc.a(lib_a-atoi.o) (_strtol_r)
/usr/lib/gcc/arm-none-eabi/10.3.1/../../../arm-none-eabi/lib/thumb/v6-m/nofp/libc.a(lib_a-__atexit.o)
                              /usr/lib/gcc/arm-none-eabi/10.3.1/../../../arm-none-eabi/lib/thumb/v6-m/nofp/libc.a(lib_a-atexit.o) (__register_exitproc)
/usr/lib/gcc/arm-none-eabi/10.3.1/../../../arm-none-eabi/lib/thumb/v6-m/nofp/libc.a(lib_a-errno.o)
[...]
Memory Configuration

Name             Origin             Length             Attributes
FLASH            0x0000000010000000 0x0000000000200000 xr
RAM              0x0000000020000000 0x0000000000040000 xrw
SCRATCH_X        0x0000000020040000 0x0000000000001000 xrw
SCRATCH_Y        0x0000000020041000 0x0000000000001000 xrw
*default*        0x0000000000000000 0xffffffffffffffff

Linker script and memory map

LOAD /usr/lib/gcc/arm-none-eabi/10.3.1/thumb/v6-m/nofp/crti.o
LOAD /usr/lib/gcc/arm-none-eabi/10.3.1/thumb/v6-m/nofp/crtbegin.o
LOAD /usr/lib/gcc/arm-none-eabi/10.3.1/../../../arm-none-eabi/lib/thumb/v6-m/nofp/crt0.o

.flash_begin    0x0000000010000000        0x0
                0x0000000010000000                __flash_binary_start = .

.boot2          0x0000000010000000      0x100
                0x0000000010000000                __boot2_start__ = .
 *(.boot2)
 .boot2         0x0000000010000000      0x100 /tmp/cccHZLdn.o
                0x0000000010000100                __boot2_end__ = .
                0x0000000000000001                ASSERT (((__boot2_end__ - __boot2_start__) == 0x100), ERROR: Pico second stage bootloader must be 256 bytes in size)

.text           0x0000000010000100     0xf6a8
                0x0000000010000100                __logical_binary_start = .
 *(.vectors)
 .vectors       0x0000000010000100       0xd4 CMakeFiles/temphProj.dir/pico-sdk/src/rp2_common/pico_standard_link/crt0.S.obj
                0x0000000010000100                __vectors
                0x0000000010000100                __VECTOR_TABLE
                0x00000000100001c0                isr_invalid
                0x00000000100001c0                __default_isrs_start
                0x00000000100001c2                isr_nmi
                0x00000000100001c4                isr_hardfault
                0x00000000100001c6                isr_svcall
                0x00000000100001c8                isr_pendsv
                0x00000000100001ca                isr_systick
                0x00000000100001cc                isr_irq30
                0x00000000100001cc                __unhandled_user_irq
                0x00000000100001cc                isr_irq13
                0x00000000100001cc                isr_irq27
                0x00000000100001cc                isr_irq31
                0x00000000100001cc                isr_irq5
                0x00000000100001cc                isr_irq11
                0x00000000100001cc                isr_irq23
                0x00000000100001cc                isr_irq18
                0x00000000100001cc                isr_irq28
                0x00000000100001cc                isr_irq19
                0x00000000100001cc                isr_irq0
                0x00000000100001cc                isr_irq6
                0x00000000100001cc                isr_irq22
                0x00000000100001cc                isr_irq17
                0x00000000100001cc                isr_irq14
                0x00000000100001cc                isr_irq2
                0x00000000100001cc                isr_irq10
                0x00000000100001cc                isr_irq8
                0x00000000100001cc                isr_irq24
                0x00000000100001cc                isr_irq1
                0x00000000100001cc                isr_irq7
                0x00000000100001cc                isr_irq21
                0x00000000100001cc                isr_irq20
                0x00000000100001cc                isr_irq15
                0x00000000100001cc                isr_irq25
                0x00000000100001cc                isr_irq4
                0x00000000100001cc                isr_irq16
                0x00000000100001cc                isr_irq29
                0x00000000100001cc                isr_irq26
                0x00000000100001cc                __default_isrs_end
                0x00000000100001cc                isr_irq3
                0x00000000100001cc                isr_irq12
                0x00000000100001cc                isr_irq9
                0x00000000100001d2                unhandled_user_irq_num_in_r0
 *(.binary_info_header)
 .binary_info_header
                0x00000000100001d4       0x14 CMakeFiles/temphProj.dir/pico-sdk/src/rp2_common/pico_standard_link/crt0.S.obj
                0x00000000100001e8                __binary_info_header_end = .
 *(.reset)
 .reset         0x00000000100001e8       0xa8 CMakeFiles/temphProj.dir/pico-sdk/src/rp2_common/pico_standard_link/crt0.S.obj
                0x00000000100001e8                _entry_point
                0x0000000010000266                __get_current_exception
 .reset         0x0000000010000290       0x30 CMakeFiles/temphProj.dir/pico-sdk/src/rp2_common/pico_standard_link/binary_info.c.obj
 *(.init)
 .init          0x00000000100002c0        0x4 /usr/lib/gcc/arm-none-eabi/10.3.1/thumb/v6-m/nofp/crti.o
                0x00000000100002c0                _init
 *(EXCLUDE_FILE(*libm.a: *libc.a:*lib_a-mem*.o *libgcc.a:) .text*)
 .text          0x00000000100002c4       0x98 /usr/lib/gcc/arm-none-eabi/10.3.1/thumb/v6-m/nofp/crtbegin.o
 .text.startup.main
                0x000000001000035c      0x13c CMakeFiles/temphProj.dir/temphProj.c.obj
                0x000000001000035c                main
 .text.gpio_set_function
                0x0000000010000498       0x30 CMakeFiles/temphProj.dir/pico-sdk/src/rp2_common/hardware_gpio/gpio.c.obj
                0x0000000010000498                gpio_set_function
 .text.gpio_set_pulls
                0x00000000100004c8       0x30 CMakeFiles/temphProj.dir/pico-sdk/src/rp2_common/hardware_gpio/gpio.c.obj
                0x00000000100004c8                gpio_set_pulls
 .text.gpio_set_input_hysteresis_enabled
                0x00000000100004f8       0x28 CMakeFiles/temphProj.dir/pico-sdk/src/rp2_common/hardware_gpio/gpio.c.obj
                0x00000000100004f8                gpio_set_input_hysteresis_enabled
 .text.gpio_set_irq_enabled
                0x0000000010000520       0x54 CMakeFiles/temphProj.dir/pico-sdk/src/rp2_common/hardware_gpio/gpio.c.obj
                0x0000000010000520                gpio_set_irq_enabled
 .text.gpio_add_raw_irq_handler_with_order_priority_masked
                0x0000000010000574       0x44 CMakeFiles/temphProj.dir/pico-sdk/src/rp2_common/hardware_gpio/gpio.c.obj
                0x0000000010000574                gpio_add_raw_irq_handler_with_order_priority_masked
 .text.gpio_remove_raw_irq_handler_masked
                0x00000000100005b8       0x20 CMakeFiles/temphProj.dir/pico-sdk/src/rp2_common/hardware_gpio/gpio.c.obj
                0x00000000100005b8                gpio_remove_raw_irq_handler_masked
 .text.gpio_init
                0x00000000100005d8       0x3c CMakeFiles/temphProj.dir/pico-sdk/src/rp2_common/hardware_gpio/gpio.c.obj
                0x00000000100005d8                gpio_init
 .text.hw_claim_lock
                0x0000000010000614       0x18 CMakeFiles/temphProj.dir/pico-sdk/src/rp2_common/hardware_claim/claim.c.obj
                0x0000000010000614                hw_claim_lock
 .text.hw_claim_unlock
                0x000000001000062c       0x14 CMakeFiles/temphProj.dir/pico-sdk/src/rp2_common/hardware_claim/claim.c.obj
                0x000000001000062c                hw_claim_unlock
 .text.hw_claim_or_assert
                0x0000000010000640       0x44 CMakeFiles/temphProj.dir/pico-sdk/src/rp2_common/hardware_claim/claim.c.obj
                0x0000000010000640                hw_claim_or_assert
 .text.hw_claim_unused_from_range
                0x0000000010000684       0x9c CMakeFiles/temphProj.dir/pico-sdk/src/rp2_common/hardware_claim/claim.c.obj
                0x0000000010000684                hw_claim_unused_from_range
 .text.hw_claim_clear
                0x0000000010000720       0x38 CMakeFiles/temphProj.dir/pico-sdk/src/rp2_common/hardware_claim/claim.c.obj
                0x0000000010000720                hw_claim_clear
 .text.running_on_fpga
                0x0000000010000758       0x10 CMakeFiles/temphProj.dir/pico-sdk/src/rp2_common/pico_platform/platform.c.obj
                0x0000000010000758                running_on_fpga
 .text.spin_locks_reset
                0x0000000010000768       0x1c CMakeFiles/temphProj.dir/pico-sdk/src/rp2_common/hardware_sync/sync.c.obj
                0x0000000010000768                spin_locks_reset
 .text.next_striped_spin_lock_num
                0x0000000010000784       0x18 CMakeFiles/temphProj.dir/pico-sdk/src/rp2_common/hardware_sync/sync.c.obj
                0x0000000010000784                next_striped_spin_lock_num
 .text.spin_lock_claim_unused
                0x000000001000079c       0x20 CMakeFiles/temphProj.dir/pico-sdk/src/rp2_common/hardware_sync/sync.c.obj
                0x000000001000079c                spin_lock_claim_unused
 .text.irq_set_enabled
                0x00000000100007bc       0x24 CMakeFiles/temphProj.dir/pico-sdk/src/rp2_common/hardware_irq/irq.c.obj
                0x00000000100007bc                irq_set_enabled
 .text.irq_set_pending
                0x00000000100007e0       0x10 CMakeFiles/temphProj.dir/pico-sdk/src/rp2_common/hardware_irq/irq.c.obj
                0x00000000100007e0                irq_set_pending
 .text.irq_has_shared_handler
                0x00000000100007f0       0x2c CMakeFiles/temphProj.dir/pico-sdk/src/rp2_common/hardware_irq/irq.c.obj
                0x00000000100007f0                irq_has_shared_handler
 .text.irq_get_vtable_handler
                0x000000001000081c       0x10 CMakeFiles/temphProj.dir/pico-sdk/src/rp2_common/hardware_irq/irq.c.obj
                0x000000001000081c                irq_get_vtable_handler
 .text.irq_set_exclusive_handler
                0x000000001000082c       0x54 CMakeFiles/temphProj.dir/pico-sdk/src/rp2_common/hardware_irq/irq.c.obj
                0x000000001000082c                irq_set_exclusive_handler
 .text.irq_add_shared_handler
                0x0000000010000880      0x1e4 CMakeFiles/temphProj.dir/pico-sdk/src/rp2_common/hardware_irq/irq.c.obj
                0x0000000010000880                irq_add_shared_handler
 .text.irq_remove_handler
                0x0000000010000a64      0x1b4 CMakeFiles/temphProj.dir/pico-sdk/src/rp2_common/hardware_irq/irq.c.obj
                0x0000000010000a64                irq_remove_handler
 .text.irq_set_priority
                0x0000000010000c18       0x28 CMakeFiles/temphProj.dir/pico-sdk/src/rp2_common/hardware_irq/irq.c.obj
                0x0000000010000c18                irq_set_priority
 .text.irq_add_tail_to_free_list
                0x0000000010000c40       0xb4 CMakeFiles/temphProj.dir/pico-sdk/src/rp2_common/hardware_irq/irq.c.obj
                0x0000000010000c40                irq_add_tail_to_free_list
 .text.irq_init_priorities
                0x0000000010000cf4       0x24 CMakeFiles/temphProj.dir/pico-sdk/src/rp2_common/hardware_irq/irq.c.obj
                0x0000000010000cf4                irq_init_priorities
 .text.user_irq_unclaim
                0x0000000010000d18       0x1c CMakeFiles/temphProj.dir/pico-sdk/src/rp2_common/hardware_irq/irq.c.obj
                0x0000000010000d18                user_irq_unclaim
 .text.user_irq_claim_unused
                0x0000000010000d34       0x30 CMakeFiles/temphProj.dir/pico-sdk/src/rp2_common/hardware_irq/irq.c.obj
                0x0000000010000d34                user_irq_claim_unused
 .text.sem_init
                0x0000000010000d64       0x20 CMakeFiles/temphProj.dir/pico-sdk/src/common/pico_sync/sem.c.obj
                0x0000000010000d64                sem_init
 .text.lock_init
                0x0000000010000d84       0x10 CMakeFiles/temphProj.dir/pico-sdk/src/common/pico_sync/lock_core.c.obj
                0x0000000010000d84                lock_init
 .text.timer_pool_entry_comparator
                0x0000000010000d94       0x34 CMakeFiles/temphProj.dir/pico-sdk/src/common/pico_time/time.c.obj
                0x0000000010000d94                timer_pool_entry_comparator
 .text.sleep_until_callback
                0x0000000010000dc8       0x30 CMakeFiles/temphProj.dir/pico-sdk/src/common/pico_time/time.c.obj
 .text.add_alarm_under_lock.isra.0
                0x0000000010000df8      0x100 CMakeFiles/temphProj.dir/pico-sdk/src/common/pico_time/time.c.obj
 .text.alarm_pool_alarm_callback
                0x0000000010000ef8      0x1c8 CMakeFiles/temphProj.dir/pico-sdk/src/common/pico_time/time.c.obj
 .text.alarm_pool_add_alarm_at.constprop.0
                0x00000000100010c0      0x11c CMakeFiles/temphProj.dir/pico-sdk/src/common/pico_time/time.c.obj
 .text.alarm_pool_init_default
                0x00000000100011dc       0x64 CMakeFiles/temphProj.dir/pico-sdk/src/common/pico_time/time.c.obj
                0x00000000100011dc                alarm_pool_init_default
 .text.alarm_pool_get_default
                0x0000000010001240        0x8 CMakeFiles/temphProj.dir/pico-sdk/src/common/pico_time/time.c.obj
                0x0000000010001240                alarm_pool_get_default
 .text.alarm_pool_add_alarm_at
                0x0000000010001248      0x194 CMakeFiles/temphProj.dir/pico-sdk/src/common/pico_time/time.c.obj
                0x0000000010001248                alarm_pool_add_alarm_at
 .text.alarm_pool_cancel_alarm
                0x00000000100013dc       0x74 CMakeFiles/temphProj.dir/pico-sdk/src/common/pico_time/time.c.obj
                0x00000000100013dc                alarm_pool_cancel_alarm
 .text.sleep_until
                0x0000000010001450       0xac CMakeFiles/temphProj.dir/pico-sdk/src/common/pico_time/time.c.obj
                0x0000000010001450                sleep_until
 .text.sleep_ms
                0x00000000100014fc       0x38 CMakeFiles/temphProj.dir/pico-sdk/src/common/pico_time/time.c.obj
                0x00000000100014fc                sleep_ms
 .text.best_effort_wfe_or_timeout
                0x0000000010001534       0xd4 CMakeFiles/temphProj.dir/pico-sdk/src/common/pico_time/time.c.obj
                0x0000000010001534                best_effort_wfe_or_timeout
 .text.hardware_alarm_irq_handler
                0x0000000010001608       0xb8 CMakeFiles/temphProj.dir/pico-sdk/src/rp2_common/hardware_timer/timer.c.obj
 .text.hardware_alarm_claim
                0x00000000100016c0       0x18 CMakeFiles/temphProj.dir/pico-sdk/src/rp2_common/hardware_timer/timer.c.obj
                0x00000000100016c0                hardware_alarm_claim
 .text.time_us_64
                0x00000000100016d8       0x14 CMakeFiles/temphProj.dir/pico-sdk/src/rp2_common/hardware_timer/timer.c.obj
                0x00000000100016d8                time_us_64
 .text.busy_wait_until
                0x00000000100016ec       0x20 CMakeFiles/temphProj.dir/pico-sdk/src/rp2_common/hardware_timer/timer.c.obj
                0x00000000100016ec                busy_wait_until
 .text.hardware_alarm_set_callback
                0x000000001000170c       0x8c CMakeFiles/temphProj.dir/pico-sdk/src/rp2_common/hardware_timer/timer.c.obj
                0x000000001000170c                hardware_alarm_set_callback
 .text.hardware_alarm_set_target
                0x0000000010001798       0xe0 CMakeFiles/temphProj.dir/pico-sdk/src/rp2_common/hardware_timer/timer.c.obj
                0x0000000010001798                hardware_alarm_set_target
 .text.hardware_alarm_cancel
                0x0000000010001878       0x3c CMakeFiles/temphProj.dir/pico-sdk/src/rp2_common/hardware_timer/timer.c.obj
                0x0000000010001878                hardware_alarm_cancel
 .text.ph_merge_nodes
                0x00000000100018b4       0x68 CMakeFiles/temphProj.dir/pico-sdk/src/common/pico_util/pheap.c.obj
 .text.ph_post_alloc_init
                0x000000001000191c       0x3c CMakeFiles/temphProj.dir/pico-sdk/src/common/pico_util/pheap.c.obj
                0x000000001000191c                ph_post_alloc_init
 .text.ph_merge_two_pass
                0x0000000010001958       0x90 CMakeFiles/temphProj.dir/pico-sdk/src/common/pico_util/pheap.c.obj
                0x0000000010001958                ph_merge_two_pass
 .text.ph_remove_any_head
                0x00000000100019e8       0xf8 CMakeFiles/temphProj.dir/pico-sdk/src/common/pico_util/pheap.c.obj
 .text.ph_remove_head
                0x0000000010001ae0       0xfc CMakeFiles/temphProj.dir/pico-sdk/src/common/pico_util/pheap.c.obj
                0x0000000010001ae0                ph_remove_head
 .text.ph_remove_and_free_node
                0x0000000010001bdc       0x7c CMakeFiles/temphProj.dir/pico-sdk/src/common/pico_util/pheap.c.obj
                0x0000000010001bdc                ph_remove_and_free_node
 .text.mutex_init
                0x0000000010001c58       0x1c CMakeFiles/temphProj.dir/pico-sdk/src/common/pico_sync/mutex.c.obj
                0x0000000010001c58                mutex_init
 .text.recursive_mutex_init
                0x0000000010001c74       0x1c CMakeFiles/temphProj.dir/pico-sdk/src/common/pico_sync/mutex.c.obj
                0x0000000010001c74                recursive_mutex_init
 .text.critical_section_init
                0x0000000010001c90       0x20 CMakeFiles/temphProj.dir/pico-sdk/src/common/pico_sync/critical_section.c.obj
                0x0000000010001c90                critical_section_init
 .text.runtime_init
                0x0000000010001cb0       0xf0 CMakeFiles/temphProj.dir/pico-sdk/src/rp2_common/pico_runtime/runtime.c.obj
                0x0000000010001cb0                runtime_init
 .text.exit     0x0000000010001da0        0x4 CMakeFiles/temphProj.dir/pico-sdk/src/rp2_common/pico_runtime/runtime.c.obj
                0x0000000010001da0                exit
 .text.panic    0x0000000010001da4       0x30 CMakeFiles/temphProj.dir/pico-sdk/src/rp2_common/pico_runtime/runtime.c.obj
                0x0000000010001da4                panic
 .text.hard_assertion_failure
                0x0000000010001dd4        0xc CMakeFiles/temphProj.dir/pico-sdk/src/rp2_common/pico_runtime/runtime.c.obj
                0x0000000010001dd4                hard_assertion_failure
 .text.clocks_init
                0x0000000010001de0      0x2bc CMakeFiles/temphProj.dir/pico-sdk/src/rp2_common/hardware_clocks/clocks.c.obj
                0x0000000010001de0                clocks_init
 .text.clock_get_hz
                0x000000001000209c        0xc CMakeFiles/temphProj.dir/pico-sdk/src/rp2_common/hardware_clocks/clocks.c.obj
                0x000000001000209c                clock_get_hz
 .text.pll_init
                0x00000000100020a8       0xb0 CMakeFiles/temphProj.dir/pico-sdk/src/rp2_common/hardware_pll/pll.c.obj
                0x00000000100020a8                pll_init
 .text.watchdog_start_tick
                0x0000000010002158       0x10 CMakeFiles/temphProj.dir/pico-sdk/src/rp2_common/hardware_watchdog/watchdog.c.obj
                0x0000000010002158                watchdog_start_tick
 .text.watchdog_reboot
                0x0000000010002168       0x98 CMakeFiles/temphProj.dir/pico-sdk/src/rp2_common/hardware_watchdog/watchdog.c.obj
                0x0000000010002168                watchdog_reboot
 .text.xosc_init
                0x0000000010002200       0x28 CMakeFiles/temphProj.dir/pico-sdk/src/rp2_common/hardware_xosc/xosc.c.obj
                0x0000000010002200                xosc_init
 .text._out_null
                0x0000000010002228        0x4 CMakeFiles/temphProj.dir/pico-sdk/src/rp2_common/pico_printf/printf.c.obj
 .text._out_rev
                0x000000001000222c       0x9c CMakeFiles/temphProj.dir/pico-sdk/src/rp2_common/pico_printf/printf.c.obj
 .text._ntoa_format
                0x00000000100022c8      0x1cc CMakeFiles/temphProj.dir/pico-sdk/src/rp2_common/pico_printf/printf.c.obj
 .text._out_char
                0x0000000010002494       0x10 CMakeFiles/temphProj.dir/pico-sdk/src/rp2_common/pico_printf/printf.c.obj
 .text._out_fct
                0x00000000100024a4       0x10 CMakeFiles/temphProj.dir/pico-sdk/src/rp2_common/pico_printf/printf.c.obj
 .text._etoa    0x00000000100024b4      0x44c CMakeFiles/temphProj.dir/pico-sdk/src/rp2_common/pico_printf/printf.c.obj
 .text._ftoa    0x0000000010002900      0x398 CMakeFiles/temphProj.dir/pico-sdk/src/rp2_common/pico_printf/printf.c.obj
 .text._vsnprintf
                0x0000000010002c98      0xb04 CMakeFiles/temphProj.dir/pico-sdk/src/rp2_common/pico_printf/printf.c.obj
 .text.vfctprintf
                0x000000001000379c       0x20 CMakeFiles/temphProj.dir/pico-sdk/src/rp2_common/pico_printf/printf.c.obj
                0x000000001000379c                vfctprintf
 .text.weak_raw_vprintf
                0x00000000100037bc       0x30 CMakeFiles/temphProj.dir/pico-sdk/src/rp2_common/pico_printf/printf.c.obj
                0x00000000100037bc                weak_raw_vprintf
 .text          0x00000000100037ec       0x10 CMakeFiles/temphProj.dir/pico-sdk/src/rp2_common/pico_bit_ops/bit_ops_aeabi.S.obj
 .text.ctzsi    0x00000000100037fc        0xc CMakeFiles/temphProj.dir/pico-sdk/src/rp2_common/pico_bit_ops/bit_ops_aeabi.S.obj
                0x00000000100037fc                __wrap___ctzsi2
 .text.rom_func_lookup
                0x0000000010003808       0x10 CMakeFiles/temphProj.dir/pico-sdk/src/rp2_common/pico_bootrom/bootrom.c.obj
                0x0000000010003808                rom_func_lookup
 .text.rom_data_lookup
                0x0000000010003818       0x10 CMakeFiles/temphProj.dir/pico-sdk/src/rp2_common/pico_bootrom/bootrom.c.obj
                0x0000000010003818                rom_data_lookup
 .text.rom_funcs_lookup
                0x0000000010003828       0x44 CMakeFiles/temphProj.dir/pico-sdk/src/rp2_common/pico_bootrom/bootrom.c.obj
                0x0000000010003828                rom_funcs_lookup
 .text.__wrap___aeabi_idiv
                0x000000001000386c       0x50 CMakeFiles/temphProj.dir/pico-sdk/src/rp2_common/pico_divider/divider.S.obj
                0x000000001000386c                __wrap___aeabi_idivmod
                0x000000001000386c                divmod_s32s32
                0x000000001000386c                div_s32s32
                0x000000001000386c                __wrap___aeabi_idiv
                0x0000000010003874                divmod_s32s32_unsafe
                0x00000000100038a0                divmod_s32s32_savestate
 .text.__wrap___aeabi_uidiv
                0x00000000100038bc       0x4c CMakeFiles/temphProj.dir/pico-sdk/src/rp2_common/pico_divider/divider.S.obj
                0x00000000100038bc                __wrap___aeabi_uidiv
                0x00000000100038bc                __wrap___aeabi_uidivmod
                0x00000000100038bc                div_u32u32
                0x00000000100038bc                divmod_u32u32
                0x00000000100038c4                divmod_u32u32_unsafe
                0x00000000100038ec                divmod_u32u32_savestate
 .text.__wrap___aeabi_ldiv
                0x0000000010003908      0x434 CMakeFiles/temphProj.dir/pico-sdk/src/rp2_common/pico_divider/divider.S.obj
                0x0000000010003908                div_s64s64
                0x0000000010003908                divmod_s64s64
                0x0000000010003908                __wrap___aeabi_ldivmod
                0x0000000010003940                div_u64u64
                0x0000000010003940                divmod_u64u64
                0x0000000010003940                __wrap___aeabi_uldivmod
                0x0000000010003950                divmod_u64u64_savestate
                0x0000000010003978                divmod_s64s64_unsafe
                0x0000000010003a00                divmod_u64u64_unsafe
 .text.__wrap___aeabi_darithmetic
                0x0000000010003d3c       0x60 CMakeFiles/temphProj.dir/pico-sdk/src/rp2_common/pico_double/double_aeabi.S.obj
                0x0000000010003d3c                __wrap___aeabi_drsub
                0x0000000010003d42                __wrap___aeabi_dsub
                0x0000000010003d4c                __wrap___aeabi_dadd
                0x0000000010003d56                __wrap___aeabi_ddiv
                0x0000000010003d8a                __wrap___aeabi_dmul
 .text.__wrap___aeabi_cdcmple
                0x0000000010003d9c       0x6c CMakeFiles/temphProj.dir/pico-sdk/src/rp2_common/pico_double/double_aeabi.S.obj
                0x0000000010003d9c                __wrap___aeabi_cdrcmple
                0x0000000010003dac                __wrap___aeabi_cdcmple
                0x0000000010003dac                __wrap___aeabi_cdcmpeq
 .text.__wrap___aeabi_dcmplt
                0x0000000010003e08        0xc CMakeFiles/temphProj.dir/pico-sdk/src/rp2_common/pico_double/double_aeabi.S.obj
                0x0000000010003e08                __wrap___aeabi_dcmplt
 .text.__wrap___aeabi_dcmple
                0x0000000010003e14       0x10 CMakeFiles/temphProj.dir/pico-sdk/src/rp2_common/pico_double/double_aeabi.S.obj
                0x0000000010003e14                __wrap___aeabi_dcmple
 .text.__wrap___aeabi_dcmpge
                0x0000000010003e24       0x10 CMakeFiles/temphProj.dir/pico-sdk/src/rp2_common/pico_double/double_aeabi.S.obj
                0x0000000010003e24                __wrap___aeabi_dcmpge
 .text.__wrap___aeabi_dcmpgt
                0x0000000010003e34        0xa CMakeFiles/temphProj.dir/pico-sdk/src/rp2_common/pico_double/double_aeabi.S.obj
                0x0000000010003e34                __wrap___aeabi_dcmpgt
 .text.__wrap___aeabi_dcmpun
                0x0000000010003e3e       0x1c CMakeFiles/temphProj.dir/pico-sdk/src/rp2_common/pico_double/double_aeabi.S.obj
                0x0000000010003e3e                __wrap___aeabi_dcmpun
 *fill*         0x0000000010003e5a        0x2 
 .text.__wrap___aeabi_i2d
                0x0000000010003e5c       0x38 CMakeFiles/temphProj.dir/pico-sdk/src/rp2_common/pico_double/double_aeabi.S.obj
                0x0000000010003e5c                __wrap___aeabi_ui2d
                0x0000000010003e64                __wrap___aeabi_i2d
 .text.__wrap___aeabi_d2iz
                0x0000000010003e94       0x48 CMakeFiles/temphProj.dir/pico-sdk/src/rp2_common/pico_double/double_aeabi.S.obj
                0x0000000010003e94                __wrap___aeabi_d2iz
                0x0000000010003e94                double2int_z
 .text.__wrap___aeabi_d2uiz
                0x0000000010003edc       0x10 CMakeFiles/temphProj.dir/pico-sdk/src/rp2_common/pico_double/double_aeabi.S.obj
                0x0000000010003edc                double2uint
                0x0000000010003edc                __wrap___aeabi_d2uiz
 .text.__wrap___aeabi_d2f
                0x0000000010003eec       0x10 CMakeFiles/temphProj.dir/pico-sdk/src/rp2_common/pico_double/double_aeabi.S.obj
                0x0000000010003eec                __wrap___aeabi_d2f
 .text.missing_double_func_shim
                0x0000000010003efc        0xc CMakeFiles/temphProj.dir/pico-sdk/src/rp2_common/pico_double/double_init_rom.c.obj
 .text.__aeabi_double_init
                0x0000000010003f08       0x98 CMakeFiles/temphProj.dir/pico-sdk/src/rp2_common/pico_double/double_init_rom.c.obj
                0x0000000010003f08                __aeabi_double_init
 .text.double_table_shim_on_use_helper
                0x0000000010003fa0       0x2c CMakeFiles/temphProj.dir/pico-sdk/src/rp2_common/pico_double/double_v1_rom_shim.S.obj
                0x0000000010003fa0                double_table_shim_on_use_helper
 .text.__aeabi_lmul
                0x0000000010003fcc       0x32 CMakeFiles/temphProj.dir/pico-sdk/src/rp2_common/pico_int64_ops/pico_int64_ops_aeabi.S.obj
                0x0000000010003fcc                __wrap___aeabi_lmul
 *fill*         0x0000000010003ffe        0x2 
 .text.__wrap___aeabi_f2d
                0x0000000010004000        0xc CMakeFiles/temphProj.dir/pico-sdk/src/rp2_common/pico_float/float_aeabi.S.obj
                0x0000000010004000                __wrap___aeabi_f2d
 .text.missing_float_func_shim
                0x000000001000400c        0xc CMakeFiles/temphProj.dir/pico-sdk/src/rp2_common/pico_float/float_init_rom.c.obj
 .text.__aeabi_float_init
                0x0000000010004018       0x5c CMakeFiles/temphProj.dir/pico-sdk/src/rp2_common/pico_float/float_init_rom.c.obj
                0x0000000010004018                __aeabi_float_init
 .text          0x0000000010004074       0x10 CMakeFiles/temphProj.dir/pico-sdk/src/rp2_common/pico_mem_ops/mem_ops_aeabi.S.obj
                0x0000000010004074                __aeabi_mem_init
 .text.memset   0x0000000010004084        0xc CMakeFiles/temphProj.dir/pico-sdk/src/rp2_common/pico_mem_ops/mem_ops_aeabi.S.obj
                0x0000000010004084                __wrap_memset
 .text.memcpy   0x0000000010004090        0xc CMakeFiles/temphProj.dir/pico-sdk/src/rp2_common/pico_mem_ops/mem_ops_aeabi.S.obj
                0x0000000010004090                __wrap___aeabi_memcpy
                0x0000000010004090                __wrap_memcpy
 .text.stdio_out_chars_no_crlf
                0x000000001000409c       0x10 CMakeFiles/temphProj.dir/pico-sdk/src/rp2_common/pico_stdio/stdio.c.obj
 .text.stdio_out_chars_crlf
                0x00000000100040ac       0xb4 CMakeFiles/temphProj.dir/pico-sdk/src/rp2_common/pico_stdio/stdio.c.obj
 .text.stdio_buffered_printer
                0x0000000010004160       0x64 CMakeFiles/temphProj.dir/pico-sdk/src/rp2_common/pico_stdio/stdio.c.obj
 .text.stdio_put_string.isra.0
                0x00000000100041c4       0xfc CMakeFiles/temphProj.dir/pico-sdk/src/rp2_common/pico_stdio/stdio.c.obj
 .text.__wrap_putchar
                0x00000000100042c0       0xa0 CMakeFiles/temphProj.dir/pico-sdk/src/rp2_common/pico_stdio/stdio.c.obj
                0x00000000100042c0                __wrap_putchar
 .text.__wrap_puts
                0x0000000010004360       0x3c CMakeFiles/temphProj.dir/pico-sdk/src/rp2_common/pico_stdio/stdio.c.obj
                0x0000000010004360                __wrap_puts
 .text.stdio_set_driver_enabled
                0x000000001000439c       0x30 CMakeFiles/temphProj.dir/pico-sdk/src/rp2_common/pico_stdio/stdio.c.obj
                0x000000001000439c                stdio_set_driver_enabled
 .text.__wrap_vprintf
                0x00000000100043cc       0xd8 CMakeFiles/temphProj.dir/pico-sdk/src/rp2_common/pico_stdio/stdio.c.obj
                0x00000000100043cc                __wrap_vprintf
 .text.__wrap_printf
                0x00000000100044a4       0x18 CMakeFiles/temphProj.dir/pico-sdk/src/rp2_common/pico_stdio/stdio.c.obj
                0x00000000100044a4                __wrap_printf
 .text.stdio_init_all
                0x00000000100044bc        0x8 CMakeFiles/temphProj.dir/pico-sdk/src/rp2_common/pico_stdio/stdio.c.obj
                0x00000000100044bc                stdio_init_all
 .text.resetd_init
                0x00000000100044c4        0x4 CMakeFiles/temphProj.dir/pico-sdk/src/rp2_common/pico_stdio_usb/reset_interface.c.obj
 .text.resetd_reset
                0x00000000100044c8        0xc CMakeFiles/temphProj.dir/pico-sdk/src/rp2_common/pico_stdio_usb/reset_interface.c.obj
 .text.resetd_open
                0x00000000100044d4       0x28 CMakeFiles/temphProj.dir/pico-sdk/src/rp2_common/pico_stdio_usb/reset_interface.c.obj
 .text.resetd_xfer_cb
                0x00000000100044fc        0x4 CMakeFiles/temphProj.dir/pico-sdk/src/rp2_common/pico_stdio_usb/reset_interface.c.obj
 .text.resetd_control_xfer_cb
                0x0000000010004500       0x64 CMakeFiles/temphProj.dir/pico-sdk/src/rp2_common/pico_stdio_usb/reset_interface.c.obj
 .text.usbd_app_driver_get_cb
                0x0000000010004564        0xc CMakeFiles/temphProj.dir/pico-sdk/src/rp2_common/pico_stdio_usb/reset_interface.c.obj
                0x0000000010004564                usbd_app_driver_get_cb
 .text.tud_cdc_line_coding_cb
                0x0000000010004570       0x34 CMakeFiles/temphProj.dir/pico-sdk/src/rp2_common/pico_stdio_usb/reset_interface.c.obj
                0x0000000010004570                tud_cdc_line_coding_cb
 .text.stdio_usb_in_chars
                0x00000000100045a4       0x68 CMakeFiles/temphProj.dir/pico-sdk/src/rp2_common/pico_stdio_usb/stdio_usb.c.obj
                0x00000000100045a4                stdio_usb_in_chars
 .text.stdio_usb_out_chars
                0x000000001000460c       0xe4 CMakeFiles/temphProj.dir/pico-sdk/src/rp2_common/pico_stdio_usb/stdio_usb.c.obj
 .text.timer_task
                0x00000000100046f0       0x18 CMakeFiles/temphProj.dir/pico-sdk/src/rp2_common/pico_stdio_usb/stdio_usb.c.obj
 .text.usb_irq  0x0000000010004708       0x10 CMakeFiles/temphProj.dir/pico-sdk/src/rp2_common/pico_stdio_usb/stdio_usb.c.obj
 .text.low_priority_worker_irq
                0x0000000010004718       0x24 CMakeFiles/temphProj.dir/pico-sdk/src/rp2_common/pico_stdio_usb/stdio_usb.c.obj
 .text.stdio_usb_init
                0x000000001000473c       0xb0 CMakeFiles/temphProj.dir/pico-sdk/src/rp2_common/pico_stdio_usb/stdio_usb.c.obj
                0x000000001000473c                stdio_usb_init
 .text.tud_descriptor_device_cb
                0x00000000100047ec        0x8 CMakeFiles/temphProj.dir/pico-sdk/src/rp2_common/pico_stdio_usb/stdio_usb_descriptors.c.obj
                0x00000000100047ec                tud_descriptor_device_cb
 .text.tud_descriptor_configuration_cb
                0x00000000100047f4        0x8 CMakeFiles/temphProj.dir/pico-sdk/src/rp2_common/pico_stdio_usb/stdio_usb_descriptors.c.obj
                0x00000000100047f4                tud_descriptor_configuration_cb
 .text.tud_descriptor_string_cb
                0x00000000100047fc       0x74 CMakeFiles/temphProj.dir/pico-sdk/src/rp2_common/pico_stdio_usb/stdio_usb_descriptors.c.obj
                0x00000000100047fc                tud_descriptor_string_cb
 .text.dcd_rp2040_irq
                0x0000000010004870      0x21c CMakeFiles/temphProj.dir/pico-sdk/lib/tinyusb/src/portable/raspberrypi/rp2040/dcd_rp2040.c.obj
 .text.dcd_int_enable
                0x0000000010004a8c        0xc CMakeFiles/temphProj.dir/pico-sdk/lib/tinyusb/src/portable/raspberrypi/rp2040/dcd_rp2040.c.obj
                0x0000000010004a8c                dcd_int_enable
 .text.dcd_set_address
                0x0000000010004a98       0x14 CMakeFiles/temphProj.dir/pico-sdk/lib/tinyusb/src/portable/raspberrypi/rp2040/dcd_rp2040.c.obj
                0x0000000010004a98                dcd_set_address
 .text.dcd_connect
                0x0000000010004aac       0x10 CMakeFiles/temphProj.dir/pico-sdk/lib/tinyusb/src/portable/raspberrypi/rp2040/dcd_rp2040.c.obj
                0x0000000010004aac                dcd_connect
 .text.dcd_init
                0x0000000010004abc      0x144 CMakeFiles/temphProj.dir/pico-sdk/lib/tinyusb/src/portable/raspberrypi/rp2040/dcd_rp2040.c.obj
                0x0000000010004abc                dcd_init
 .text.dcd_edpt0_status_complete
                0x0000000010004c00       0x1c CMakeFiles/temphProj.dir/pico-sdk/lib/tinyusb/src/portable/raspberrypi/rp2040/dcd_rp2040.c.obj
                0x0000000010004c00                dcd_edpt0_status_complete
 .text.dcd_edpt_open
                0x0000000010004c1c       0xf0 CMakeFiles/temphProj.dir/pico-sdk/lib/tinyusb/src/portable/raspberrypi/rp2040/dcd_rp2040.c.obj
                0x0000000010004c1c                dcd_edpt_open
 .text.dcd_edpt_close_all
                0x0000000010004d0c       0xbc CMakeFiles/temphProj.dir/pico-sdk/lib/tinyusb/src/portable/raspberrypi/rp2040/dcd_rp2040.c.obj
                0x0000000010004d0c                dcd_edpt_close_all
 .text.dcd_edpt_xfer
                0x0000000010004dc8       0x24 CMakeFiles/temphProj.dir/pico-sdk/lib/tinyusb/src/portable/raspberrypi/rp2040/dcd_rp2040.c.obj
                0x0000000010004dc8                dcd_edpt_xfer
 .text.dcd_edpt_stall
                0x0000000010004dec       0x38 CMakeFiles/temphProj.dir/pico-sdk/lib/tinyusb/src/portable/raspberrypi/rp2040/dcd_rp2040.c.obj
                0x0000000010004dec                dcd_edpt_stall
 .text.dcd_edpt_clear_stall
                0x0000000010004e24       0x30 CMakeFiles/temphProj.dir/pico-sdk/lib/tinyusb/src/portable/raspberrypi/rp2040/dcd_rp2040.c.obj
                0x0000000010004e24                dcd_edpt_clear_stall
 .text._hw_endpoint_buffer_control_update32.part.0.isra.0
                0x0000000010004e54       0x1c CMakeFiles/temphProj.dir/pico-sdk/lib/tinyusb/src/portable/raspberrypi/rp2040/rp2040_usb.c.obj
 .text.rp2040_usb_init
                0x0000000010004e70       0x4c CMakeFiles/temphProj.dir/pico-sdk/lib/tinyusb/src/portable/raspberrypi/rp2040/rp2040_usb.c.obj
                0x0000000010004e70                rp2040_usb_init
 .text.hw_endpoint_reset_transfer
                0x0000000010004ebc        0xc CMakeFiles/temphProj.dir/pico-sdk/lib/tinyusb/src/portable/raspberrypi/rp2040/rp2040_usb.c.obj
                0x0000000010004ebc                hw_endpoint_reset_transfer
 .text._hw_endpoint_buffer_control_update32
                0x0000000010004ec8       0x44 CMakeFiles/temphProj.dir/pico-sdk/lib/tinyusb/src/portable/raspberrypi/rp2040/rp2040_usb.c.obj
                0x0000000010004ec8                _hw_endpoint_buffer_control_update32
 .text.hw_endpoint_xfer_start
                0x0000000010004f0c      0x138 CMakeFiles/temphProj.dir/pico-sdk/lib/tinyusb/src/portable/raspberrypi/rp2040/rp2040_usb.c.obj
                0x0000000010004f0c                hw_endpoint_xfer_start
 .text.hw_endpoint_xfer_continue
                0x0000000010005044      0x1e4 CMakeFiles/temphProj.dir/pico-sdk/lib/tinyusb/src/portable/raspberrypi/rp2040/rp2040_usb.c.obj
                0x0000000010005044                hw_endpoint_xfer_continue
 .text.tud_mounted
                0x0000000010005228       0x10 CMakeFiles/temphProj.dir/pico-sdk/lib/tinyusb/src/device/usbd.c.obj
                0x0000000010005228                tud_mounted
 .text.tud_suspended
                0x0000000010005238       0x10 CMakeFiles/temphProj.dir/pico-sdk/lib/tinyusb/src/device/usbd.c.obj
                0x0000000010005238                tud_suspended
 .text.tud_inited
                0x0000000010005248        0xc CMakeFiles/temphProj.dir/pico-sdk/lib/tinyusb/src/device/usbd.c.obj
                0x0000000010005248                tud_inited
 .text.tud_init
                0x0000000010005254       0xd8 CMakeFiles/temphProj.dir/pico-sdk/lib/tinyusb/src/device/usbd.c.obj
                0x0000000010005254                tud_init
 .text.tud_task
                0x000000001000532c      0x8ec CMakeFiles/temphProj.dir/pico-sdk/lib/tinyusb/src/device/usbd.c.obj
                0x000000001000532c                tud_task
 .text.dcd_event_bus_signal
                0x0000000010005c18      0x120 CMakeFiles/temphProj.dir/pico-sdk/lib/tinyusb/src/device/usbd.c.obj
                0x0000000010005c18                dcd_event_bus_signal
 .text.dcd_event_bus_reset
                0x0000000010005d38       0x54 CMakeFiles/temphProj.dir/pico-sdk/lib/tinyusb/src/device/usbd.c.obj
                0x0000000010005d38                dcd_event_bus_reset
 .text.dcd_event_setup_received
                0x0000000010005d8c       0x50 CMakeFiles/temphProj.dir/pico-sdk/lib/tinyusb/src/device/usbd.c.obj
                0x0000000010005d8c                dcd_event_setup_received
 .text.dcd_event_xfer_complete
                0x0000000010005ddc       0x68 CMakeFiles/temphProj.dir/pico-sdk/lib/tinyusb/src/device/usbd.c.obj
                0x0000000010005ddc                dcd_event_xfer_complete
 .text.usbd_open_edpt_pair
                0x0000000010005e44       0x80 CMakeFiles/temphProj.dir/pico-sdk/lib/tinyusb/src/device/usbd.c.obj
                0x0000000010005e44                usbd_open_edpt_pair
 .text.usbd_edpt_open
                0x0000000010005ec4       0x30 CMakeFiles/temphProj.dir/pico-sdk/lib/tinyusb/src/device/usbd.c.obj
                0x0000000010005ec4                usbd_edpt_open
 .text.usbd_edpt_claim
                0x0000000010005ef4       0x64 CMakeFiles/temphProj.dir/pico-sdk/lib/tinyusb/src/device/usbd.c.obj
                0x0000000010005ef4                usbd_edpt_claim
 .text.usbd_edpt_release
                0x0000000010005f58       0x4c CMakeFiles/temphProj.dir/pico-sdk/lib/tinyusb/src/device/usbd.c.obj
                0x0000000010005f58                usbd_edpt_release
 .text.usbd_edpt_xfer
                0x0000000010005fa4       0x48 CMakeFiles/temphProj.dir/pico-sdk/lib/tinyusb/src/device/usbd.c.obj
                0x0000000010005fa4                usbd_edpt_xfer
 .text.tud_control_status
                0x0000000010005fec       0x30 CMakeFiles/temphProj.dir/pico-sdk/lib/tinyusb/src/device/usbd_control.c.obj
                0x0000000010005fec                tud_control_status
 .text.tud_control_xfer
                0x000000001000601c       0xbc CMakeFiles/temphProj.dir/pico-sdk/lib/tinyusb/src/device/usbd_control.c.obj
                0x000000001000601c                tud_control_xfer
 .text.usbd_control_reset
                0x00000000100060d8       0x14 CMakeFiles/temphProj.dir/pico-sdk/lib/tinyusb/src/device/usbd_control.c.obj
                0x00000000100060d8                usbd_control_reset
 .text.usbd_control_set_complete_callback
                0x00000000100060ec        0xc CMakeFiles/temphProj.dir/pico-sdk/lib/tinyusb/src/device/usbd_control.c.obj
                0x00000000100060ec                usbd_control_set_complete_callback
 .text.usbd_control_set_request
                0x00000000100060f8       0x1c CMakeFiles/temphProj.dir/pico-sdk/lib/tinyusb/src/device/usbd_control.c.obj
                0x00000000100060f8                usbd_control_set_request
 .text.usbd_control_xfer_cb
                0x0000000010006114       0xfc CMakeFiles/temphProj.dir/pico-sdk/lib/tinyusb/src/device/usbd_control.c.obj
                0x0000000010006114                usbd_control_xfer_cb
 .text.tud_cdc_n_connected
                0x0000000010006210       0x30 CMakeFiles/temphProj.dir/pico-sdk/lib/tinyusb/src/class/cdc/cdc_device.c.obj
                0x0000000010006210                tud_cdc_n_connected
 .text.tud_cdc_n_available
                0x0000000010006240       0x18 CMakeFiles/temphProj.dir/pico-sdk/lib/tinyusb/src/class/cdc/cdc_device.c.obj
                0x0000000010006240                tud_cdc_n_available
 .text.tud_cdc_n_read
                0x0000000010006258       0x70 CMakeFiles/temphProj.dir/pico-sdk/lib/tinyusb/src/class/cdc/cdc_device.c.obj
                0x0000000010006258                tud_cdc_n_read
 .text.tud_cdc_n_write_flush
                0x00000000100062c8       0x78 CMakeFiles/temphProj.dir/pico-sdk/lib/tinyusb/src/class/cdc/cdc_device.c.obj
                0x00000000100062c8                tud_cdc_n_write_flush
 .text.tud_cdc_n_write
                0x0000000010006340       0x34 CMakeFiles/temphProj.dir/pico-sdk/lib/tinyusb/src/class/cdc/cdc_device.c.obj
                0x0000000010006340                tud_cdc_n_write
 .text.tud_cdc_n_write_available
                0x0000000010006374       0x18 CMakeFiles/temphProj.dir/pico-sdk/lib/tinyusb/src/class/cdc/cdc_device.c.obj
                0x0000000010006374                tud_cdc_n_write_available
 .text.cdcd_init
                0x000000001000638c       0x7c CMakeFiles/temphProj.dir/pico-sdk/lib/tinyusb/src/class/cdc/cdc_device.c.obj
                0x000000001000638c                cdcd_init
 .text.cdcd_reset
                0x0000000010006408       0x2c CMakeFiles/temphProj.dir/pico-sdk/lib/tinyusb/src/class/cdc/cdc_device.c.obj
                0x0000000010006408                cdcd_reset
 .text.cdcd_open
                0x0000000010006434       0xe4 CMakeFiles/temphProj.dir/pico-sdk/lib/tinyusb/src/class/cdc/cdc_device.c.obj
                0x0000000010006434                cdcd_open
 .text.cdcd_control_xfer_cb
                0x0000000010006518       0xe4 CMakeFiles/temphProj.dir/pico-sdk/lib/tinyusb/src/class/cdc/cdc_device.c.obj
                0x0000000010006518                cdcd_control_xfer_cb
 .text.cdcd_xfer_cb
                0x00000000100065fc      0x148 CMakeFiles/temphProj.dir/pico-sdk/lib/tinyusb/src/class/cdc/cdc_device.c.obj
                0x00000000100065fc                cdcd_xfer_cb
 .text.tusb_init
                0x0000000010006744        0xc CMakeFiles/temphProj.dir/pico-sdk/lib/tinyusb/src/tusb.c.obj
                0x0000000010006744                tusb_init
 .text.tusb_inited
                0x0000000010006750        0x8 CMakeFiles/temphProj.dir/pico-sdk/lib/tinyusb/src/tusb.c.obj
                0x0000000010006750                tusb_inited
 .text.tu_edpt_validate
                0x0000000010006758       0x78 CMakeFiles/temphProj.dir/pico-sdk/lib/tinyusb/src/tusb.c.obj
                0x0000000010006758                tu_edpt_validate
 .text.tu_edpt_bind_driver
                0x00000000100067d0       0x2c CMakeFiles/temphProj.dir/pico-sdk/lib/tinyusb/src/tusb.c.obj
                0x00000000100067d0                tu_edpt_bind_driver
 .text.tu_fifo_config
                0x00000000100067fc       0x78 CMakeFiles/temphProj.dir/pico-sdk/lib/tinyusb/src/common/tusb_fifo.c.obj
                0x00000000100067fc                tu_fifo_config
 .text.tu_fifo_count
                0x0000000010006874       0x20 CMakeFiles/temphProj.dir/pico-sdk/lib/tinyusb/src/common/tusb_fifo.c.obj
                0x0000000010006874                tu_fifo_count
 .text.tu_fifo_empty
                0x0000000010006894       0x10 CMakeFiles/temphProj.dir/pico-sdk/lib/tinyusb/src/common/tusb_fifo.c.obj
                0x0000000010006894                tu_fifo_empty
 .text.tu_fifo_remaining
                0x00000000100068a4       0x1c CMakeFiles/temphProj.dir/pico-sdk/lib/tinyusb/src/common/tusb_fifo.c.obj
                0x00000000100068a4                tu_fifo_remaining
 .text.tu_fifo_read
                0x00000000100068c0       0x9c CMakeFiles/temphProj.dir/pico-sdk/lib/tinyusb/src/common/tusb_fifo.c.obj
                0x00000000100068c0                tu_fifo_read
 .text.tu_fifo_read_n
                0x000000001000695c      0x100 CMakeFiles/temphProj.dir/pico-sdk/lib/tinyusb/src/common/tusb_fifo.c.obj
                0x000000001000695c                tu_fifo_read_n
 .text.tu_fifo_write
                0x0000000010006a5c       0x7c CMakeFiles/temphProj.dir/pico-sdk/lib/tinyusb/src/common/tusb_fifo.c.obj
                0x0000000010006a5c                tu_fifo_write
 .text.tu_fifo_write_n
                0x0000000010006ad8      0x100 CMakeFiles/temphProj.dir/pico-sdk/lib/tinyusb/src/common/tusb_fifo.c.obj
                0x0000000010006ad8                tu_fifo_write_n
 .text.tu_fifo_clear
                0x0000000010006bd8       0x4c CMakeFiles/temphProj.dir/pico-sdk/lib/tinyusb/src/common/tusb_fifo.c.obj
                0x0000000010006bd8                tu_fifo_clear
 .text.tu_fifo_set_overwritable
                0x0000000010006c24       0x3c CMakeFiles/temphProj.dir/pico-sdk/lib/tinyusb/src/common/tusb_fifo.c.obj
                0x0000000010006c24                tu_fifo_set_overwritable
 .text.startup._retrieve_unique_id_on_boot
                0x0000000010006c60       0x10 CMakeFiles/temphProj.dir/pico-sdk/src/rp2_common/pico_unique_id/unique_id.c.obj
 .text.pico_get_unique_board_id
                0x0000000010006c70       0x10 CMakeFiles/temphProj.dir/pico-sdk/src/rp2_common/pico_unique_id/unique_id.c.obj
                0x0000000010006c70                pico_get_unique_board_id
 .text.pico_get_unique_board_id_string
                0x0000000010006c80      0x1a8 CMakeFiles/temphProj.dir/pico-sdk/src/rp2_common/pico_unique_id/unique_id.c.obj
                0x0000000010006c80                pico_get_unique_board_id_string
 .text.flash_get_unique_id
                0x0000000010006e28       0x40 CMakeFiles/temphProj.dir/pico-sdk/src/rp2_common/hardware_flash/flash.c.obj
                0x0000000010006e28                flash_get_unique_id
 .text.cyw43_hal_generate_laa_mac
                0x0000000010006e68       0x28 CMakeFiles/temphProj.dir/pico-sdk/src/rp2_common/pico_cyw43_arch/cyw43_arch.c.obj
                0x0000000010006e68                cyw43_hal_generate_laa_mac
 .text.cyw43_arch_gpio_put
                0x0000000010006e90       0x14 CMakeFiles/temphProj.dir/pico-sdk/src/rp2_common/pico_cyw43_arch/cyw43_arch.c.obj
                0x0000000010006e90                cyw43_arch_gpio_put
 .text.low_priority_irq_handler
                0x0000000010006ea4       0x4c CMakeFiles/temphProj.dir/pico-sdk/src/rp2_common/pico_cyw43_arch/cyw43_arch_threadsafe_background.c.obj
 .text.periodic_worker
                0x0000000010006ef0       0x70 CMakeFiles/temphProj.dir/pico-sdk/src/rp2_common/pico_cyw43_arch/cyw43_arch_threadsafe_background.c.obj
 .text.periodic_alarm_handler
                0x0000000010006f60       0x58 CMakeFiles/temphProj.dir/pico-sdk/src/rp2_common/pico_cyw43_arch/cyw43_arch_threadsafe_background.c.obj
 .text.gpio_irq_handler
                0x0000000010006fb8       0x90 CMakeFiles/temphProj.dir/pico-sdk/src/rp2_common/pico_cyw43_arch/cyw43_arch_threadsafe_background.c.obj
 .text.cyw43_await_background_or_timeout_us
                0x0000000010007048       0x1c CMakeFiles/temphProj.dir/pico-sdk/src/rp2_common/pico_cyw43_arch/cyw43_arch_threadsafe_background.c.obj
                0x0000000010007048                cyw43_await_background_or_timeout_us
 .text.cyw43_arch_init
                0x0000000010007064      0x134 CMakeFiles/temphProj.dir/pico-sdk/src/rp2_common/pico_cyw43_arch/cyw43_arch_threadsafe_background.c.obj
                0x0000000010007064                cyw43_arch_init
 .text.cyw43_post_poll_hook
                0x0000000010007198       0x10 CMakeFiles/temphProj.dir/pico-sdk/src/rp2_common/pico_cyw43_arch/cyw43_arch_threadsafe_background.c.obj
                0x0000000010007198                cyw43_post_poll_hook
 .text.cyw43_schedule_internal_poll_dispatch
                0x00000000100071a8       0x4c CMakeFiles/temphProj.dir/pico-sdk/src/rp2_common/pico_cyw43_arch/cyw43_arch_threadsafe_background.c.obj
                0x00000000100071a8                cyw43_schedule_internal_poll_dispatch
 .text.cyw43_thread_enter
                0x00000000100071f4       0x10 CMakeFiles/temphProj.dir/pico-sdk/src/rp2_common/pico_cyw43_arch/cyw43_arch_threadsafe_background.c.obj
                0x00000000100071f4                cyw43_thread_enter
 .text.cyw43_thread_exit
                0x0000000010007204       0x6c CMakeFiles/temphProj.dir/pico-sdk/src/rp2_common/pico_cyw43_arch/cyw43_arch_threadsafe_background.c.obj
                0x0000000010007204                cyw43_thread_exit
 .text.cyw43_delay_ms
                0x0000000010007270       0x50 CMakeFiles/temphProj.dir/pico-sdk/src/rp2_common/pico_cyw43_arch/cyw43_arch_threadsafe_background.c.obj
                0x0000000010007270                cyw43_delay_ms
 .text.ns_delay.constprop.0
                0x00000000100072c0       0x20 CMakeFiles/temphProj.dir/pico-sdk/src/rp2_common/cyw43_driver/cyw43_bus_pio_spi.c.obj
 .text.cyw43_spi_init
                0x00000000100072e0      0x1c8 CMakeFiles/temphProj.dir/pico-sdk/src/rp2_common/cyw43_driver/cyw43_bus_pio_spi.c.obj
                0x00000000100072e0                cyw43_spi_init
 .text.cyw43_spi_transfer
                0x00000000100074a8      0x3ac CMakeFiles/temphProj.dir/pico-sdk/src/rp2_common/cyw43_driver/cyw43_bus_pio_spi.c.obj
                0x00000000100074a8                cyw43_spi_transfer
 .text.cyw43_spi_gpio_setup
                0x0000000010007854       0x3c CMakeFiles/temphProj.dir/pico-sdk/src/rp2_common/cyw43_driver/cyw43_bus_pio_spi.c.obj
                0x0000000010007854                cyw43_spi_gpio_setup
 .text.cyw43_spi_reset
                0x0000000010007890       0x28 CMakeFiles/temphProj.dir/pico-sdk/src/rp2_common/cyw43_driver/cyw43_bus_pio_spi.c.obj
                0x0000000010007890                cyw43_spi_reset
 .text.read_reg_u32_swap
                0x00000000100078b8       0x3c CMakeFiles/temphProj.dir/pico-sdk/src/rp2_common/cyw43_driver/cyw43_bus_pio_spi.c.obj
                0x00000000100078b8                read_reg_u32_swap
 .text.cyw43_read_reg_u32
                0x00000000100078f4       0x6c CMakeFiles/temphProj.dir/pico-sdk/src/rp2_common/cyw43_driver/cyw43_bus_pio_spi.c.obj
                0x00000000100078f4                cyw43_read_reg_u32
 .text.cyw43_read_reg_u16
                0x0000000010007960       0x6c CMakeFiles/temphProj.dir/pico-sdk/src/rp2_common/cyw43_driver/cyw43_bus_pio_spi.c.obj
                0x0000000010007960                cyw43_read_reg_u16
 .text.cyw43_read_reg_u8
                0x00000000100079cc       0x6c CMakeFiles/temphProj.dir/pico-sdk/src/rp2_common/cyw43_driver/cyw43_bus_pio_spi.c.obj
                0x00000000100079cc                cyw43_read_reg_u8
 .text.write_reg_u32_swap
                0x0000000010007a38      0x1c4 CMakeFiles/temphProj.dir/pico-sdk/src/rp2_common/cyw43_driver/cyw43_bus_pio_spi.c.obj
                0x0000000010007a38                write_reg_u32_swap
 .text.cyw43_write_reg_u32
                0x0000000010007bfc      0x1e8 CMakeFiles/temphProj.dir/pico-sdk/src/rp2_common/cyw43_driver/cyw43_bus_pio_spi.c.obj
                0x0000000010007bfc                cyw43_write_reg_u32
 .text.cyw43_write_reg_u16
                0x0000000010007de4      0x1e8 CMakeFiles/temphProj.dir/pico-sdk/src/rp2_common/cyw43_driver/cyw43_bus_pio_spi.c.obj
                0x0000000010007de4                cyw43_write_reg_u16
 .text.cyw43_write_reg_u8
                0x0000000010007fcc      0x1e8 CMakeFiles/temphProj.dir/pico-sdk/src/rp2_common/cyw43_driver/cyw43_bus_pio_spi.c.obj
                0x0000000010007fcc                cyw43_write_reg_u8
 .text.cyw43_read_bytes
                0x00000000100081b4       0x8c CMakeFiles/temphProj.dir/pico-sdk/src/rp2_common/cyw43_driver/cyw43_bus_pio_spi.c.obj
                0x00000000100081b4                cyw43_read_bytes
 .text.cyw43_write_bytes
                0x0000000010008240       0xd8 CMakeFiles/temphProj.dir/pico-sdk/src/rp2_common/cyw43_driver/cyw43_bus_pio_spi.c.obj
                0x0000000010008240                cyw43_write_bytes
 .text.cyw43_set_backplane_window
                0x0000000010008318       0x64 CMakeFiles/temphProj.dir/pico-sdk/lib/cyw43-driver/src/cyw43_ll.c.obj
 .text.cyw43_ll_parse_async_event
                0x000000001000837c      0x13c CMakeFiles/temphProj.dir/pico-sdk/lib/cyw43-driver/src/cyw43_ll.c.obj
 .text.cyw43_kso_set
                0x00000000100084b8       0xa0 CMakeFiles/temphProj.dir/pico-sdk/lib/cyw43-driver/src/cyw43_ll.c.obj
 .text.cyw43_ll_sdpcm_poll_device
                0x0000000010008558      0x244 CMakeFiles/temphProj.dir/pico-sdk/lib/cyw43-driver/src/cyw43_ll.c.obj
 .text.cyw43_sdpcm_send_common
                0x000000001000879c       0xf0 CMakeFiles/temphProj.dir/pico-sdk/lib/cyw43-driver/src/cyw43_ll.c.obj
 .text.cyw43_do_ioctl
                0x000000001000888c      0x110 CMakeFiles/temphProj.dir/pico-sdk/lib/cyw43-driver/src/cyw43_ll.c.obj
 .text.cyw43_do_ioctl.constprop.0
                0x000000001000899c      0x108 CMakeFiles/temphProj.dir/pico-sdk/lib/cyw43-driver/src/cyw43_ll.c.obj
 .text.reset_device_core.constprop.0
                0x0000000010008aa4      0x3f0 CMakeFiles/temphProj.dir/pico-sdk/lib/cyw43-driver/src/cyw43_ll.c.obj
 .text.cyw43_ll_init
                0x0000000010008e94       0x18 CMakeFiles/temphProj.dir/pico-sdk/lib/cyw43-driver/src/cyw43_ll.c.obj
                0x0000000010008e94                cyw43_ll_init
 .text.cyw43_ll_process_packets
                0x0000000010008eac       0x68 CMakeFiles/temphProj.dir/pico-sdk/lib/cyw43-driver/src/cyw43_ll.c.obj
                0x0000000010008eac                cyw43_ll_process_packets
 .text.cyw43_ll_ioctl
                0x0000000010008f14       0x20 CMakeFiles/temphProj.dir/pico-sdk/lib/cyw43-driver/src/cyw43_ll.c.obj
                0x0000000010008f14                cyw43_ll_ioctl
 .text.cyw43_ll_bus_sleep
                0x0000000010008f34       0x34 CMakeFiles/temphProj.dir/pico-sdk/lib/cyw43-driver/src/cyw43_ll.c.obj
                0x0000000010008f34                cyw43_ll_bus_sleep
 .text.cyw43_ll_bus_init
                0x0000000010008f68      0xcb8 CMakeFiles/temphProj.dir/pico-sdk/lib/cyw43-driver/src/cyw43_ll.c.obj
                0x0000000010008f68                cyw43_ll_bus_init
 .text.cyw43_ll_wifi_get_mac
                0x0000000010009c20       0x44 CMakeFiles/temphProj.dir/pico-sdk/lib/cyw43-driver/src/cyw43_ll.c.obj
                0x0000000010009c20                cyw43_ll_wifi_get_mac
 .text.cyw43_ll_wifi_set_wpa_auth
                0x0000000010009c64       0x2c CMakeFiles/temphProj.dir/pico-sdk/lib/cyw43-driver/src/cyw43_ll.c.obj
                0x0000000010009c64                cyw43_ll_wifi_set_wpa_auth
 .text.cyw43_ll_wifi_rejoin
                0x0000000010009c90       0x1c CMakeFiles/temphProj.dir/pico-sdk/lib/cyw43-driver/src/cyw43_ll.c.obj
                0x0000000010009c90                cyw43_ll_wifi_rejoin
 .text.cyw43_ll_gpio_set
                0x0000000010009cac       0x6c CMakeFiles/temphProj.dir/pico-sdk/lib/cyw43-driver/src/cyw43_ll.c.obj
                0x0000000010009cac                cyw43_ll_gpio_set
 .text.cyw43_ll_has_work
                0x0000000010009d18       0x14 CMakeFiles/temphProj.dir/pico-sdk/lib/cyw43-driver/src/cyw43_ll.c.obj
                0x0000000010009d18                cyw43_ll_has_work
 .text.cyw43_cb_tcpip_deinit
                0x0000000010009d2c       0x4c CMakeFiles/temphProj.dir/pico-sdk/lib/cyw43-driver/src/cyw43_lwip.c.obj
                0x0000000010009d2c                cyw43_cb_tcpip_deinit
 .text.cyw43_cb_process_ethernet
                0x0000000010009d78       0x68 CMakeFiles/temphProj.dir/pico-sdk/lib/cyw43-driver/src/cyw43_lwip.c.obj
                0x0000000010009d78                cyw43_cb_process_ethernet
 .text.cyw43_cb_tcpip_set_link_up
                0x0000000010009de0       0x18 CMakeFiles/temphProj.dir/pico-sdk/lib/cyw43-driver/src/cyw43_lwip.c.obj
                0x0000000010009de0                cyw43_cb_tcpip_set_link_up
 .text.cyw43_cb_tcpip_set_link_down
                0x0000000010009df8       0x18 CMakeFiles/temphProj.dir/pico-sdk/lib/cyw43-driver/src/cyw43_lwip.c.obj
                0x0000000010009df8                cyw43_cb_tcpip_set_link_down
 .text.cyw43_poll_func
                0x0000000010009e10       0xbc CMakeFiles/temphProj.dir/pico-sdk/lib/cyw43-driver/src/cyw43_ctrl.c.obj
 .text.cyw43_init
                0x0000000010009ecc       0x6c CMakeFiles/temphProj.dir/pico-sdk/lib/cyw43-driver/src/cyw43_ctrl.c.obj
                0x0000000010009ecc                cyw43_init
 .text.cyw43_cb_read_host_interrupt_pin
                0x0000000010009f38        0xc CMakeFiles/temphProj.dir/pico-sdk/lib/cyw43-driver/src/cyw43_ctrl.c.obj
                0x0000000010009f38                cyw43_cb_read_host_interrupt_pin
 .text.cyw43_cb_ensure_awake
                0x0000000010009f44        0xc CMakeFiles/temphProj.dir/pico-sdk/lib/cyw43-driver/src/cyw43_ctrl.c.obj
                0x0000000010009f44                cyw43_cb_ensure_awake
 .text.cyw43_cb_process_async_event
                0x0000000010009f50      0x238 CMakeFiles/temphProj.dir/pico-sdk/lib/cyw43-driver/src/cyw43_ctrl.c.obj
                0x0000000010009f50                cyw43_cb_process_async_event
 .text.cyw43_gpio_set
                0x000000001000a188       0xa4 CMakeFiles/temphProj.dir/pico-sdk/lib/cyw43-driver/src/cyw43_ctrl.c.obj
                0x000000001000a188                cyw43_gpio_set
 .text.pio_sm_unclaim
                0x000000001000a22c       0x20 CMakeFiles/temphProj.dir/pico-sdk/src/rp2_common/hardware_pio/pio.c.obj
                0x000000001000a22c                pio_sm_unclaim
 .text.pio_claim_unused_sm
                0x000000001000a24c       0x3c CMakeFiles/temphProj.dir/pico-sdk/src/rp2_common/hardware_pio/pio.c.obj
                0x000000001000a24c                pio_claim_unused_sm
 .text.pio_can_add_program
                0x000000001000a288       0x68 CMakeFiles/temphProj.dir/pico-sdk/src/rp2_common/hardware_pio/pio.c.obj
                0x000000001000a288                pio_can_add_program
 .text.pio_add_program
                0x000000001000a2f0       0xc8 CMakeFiles/temphProj.dir/pico-sdk/src/rp2_common/hardware_pio/pio.c.obj
                0x000000001000a2f0                pio_add_program
 .text.pio_remove_program
                0x000000001000a3b8       0x34 CMakeFiles/temphProj.dir/pico-sdk/src/rp2_common/hardware_pio/pio.c.obj
                0x000000001000a3b8                pio_remove_program
 .text.pio_sm_set_pindirs_with_mask
                0x000000001000a3ec       0x88 CMakeFiles/temphProj.dir/pico-sdk/src/rp2_common/hardware_pio/pio.c.obj
                0x000000001000a3ec                pio_sm_set_pindirs_with_mask
 .text.pio_sm_set_consecutive_pindirs
                0x000000001000a474       0x84 CMakeFiles/temphProj.dir/pico-sdk/src/rp2_common/hardware_pio/pio.c.obj
                0x000000001000a474                pio_sm_set_consecutive_pindirs
 .text.dma_channel_unclaim
                0x000000001000a4f8       0x10 CMakeFiles/temphProj.dir/pico-sdk/src/rp2_common/hardware_dma/dma.c.obj
                0x000000001000a4f8                dma_channel_unclaim
 .text.dma_claim_unused_channel
                0x000000001000a508       0x20 CMakeFiles/temphProj.dir/pico-sdk/src/rp2_common/hardware_dma/dma.c.obj
                0x000000001000a508                dma_claim_unused_channel
 .text.i2c_set_baudrate
                0x000000001000a528       0xc4 CMakeFiles/temphProj.dir/pico-sdk/src/rp2_common/hardware_i2c/i2c.c.obj
                0x000000001000a528                i2c_set_baudrate
 .text.i2c_init
                0x000000001000a5ec       0x54 CMakeFiles/temphProj.dir/pico-sdk/src/rp2_common/hardware_i2c/i2c.c.obj
                0x000000001000a5ec                i2c_init
 .text.i2c_write_blocking
                0x000000001000a640       0xd0 CMakeFiles/temphProj.dir/pico-sdk/src/rp2_common/hardware_i2c/i2c.c.obj
                0x000000001000a640                i2c_write_blocking
 .text.i2c_read_blocking
                0x000000001000a710       0xac CMakeFiles/temphProj.dir/pico-sdk/src/rp2_common/hardware_i2c/i2c.c.obj
                0x000000001000a710                i2c_read_blocking
 .text.lwip_init
                0x000000001000a7bc       0x24 CMakeFiles/temphProj.dir/pico-sdk/lib/lwip/src/core/init.c.obj
                0x000000001000a7bc                lwip_init
 .text.lwip_htons
                0x000000001000a7e0        0x8 CMakeFiles/temphProj.dir/pico-sdk/lib/lwip/src/core/def.c.obj
                0x000000001000a7e0                lwip_htons
 .text.lwip_htonl
                0x000000001000a7e8        0x4 CMakeFiles/temphProj.dir/pico-sdk/lib/lwip/src/core/def.c.obj
                0x000000001000a7e8                lwip_htonl
 .text.dns_call_found
                0x000000001000a7ec      0x134 CMakeFiles/temphProj.dir/pico-sdk/lib/lwip/src/core/dns.c.obj
 .text.dns_send.isra.0
                0x000000001000a920      0x158 CMakeFiles/temphProj.dir/pico-sdk/lib/lwip/src/core/dns.c.obj
 .text.dns_init
                0x000000001000aa78        0x4 CMakeFiles/temphProj.dir/pico-sdk/lib/lwip/src/core/dns.c.obj
                0x000000001000aa78                dns_init
 .text.dns_setserver
                0x000000001000aa7c       0x2c CMakeFiles/temphProj.dir/pico-sdk/lib/lwip/src/core/dns.c.obj
                0x000000001000aa7c                dns_setserver
 .text.dns_tmr  0x000000001000aaa8      0x12c CMakeFiles/temphProj.dir/pico-sdk/lib/lwip/src/core/dns.c.obj
                0x000000001000aaa8                dns_tmr
 .text.lwip_standard_chksum
                0x000000001000abd4       0xd8 CMakeFiles/temphProj.dir/pico-sdk/lib/lwip/src/core/inet_chksum.c.obj
                0x000000001000abd4                lwip_standard_chksum
 .text.inet_chksum_pseudo
                0x000000001000acac       0xb4 CMakeFiles/temphProj.dir/pico-sdk/lib/lwip/src/core/inet_chksum.c.obj
                0x000000001000acac                inet_chksum_pseudo
 .text.ip_chksum_pseudo
                0x000000001000ad60       0x10 CMakeFiles/temphProj.dir/pico-sdk/lib/lwip/src/core/inet_chksum.c.obj
                0x000000001000ad60                ip_chksum_pseudo
 .text.inet_chksum
                0x000000001000ad70        0xc CMakeFiles/temphProj.dir/pico-sdk/lib/lwip/src/core/inet_chksum.c.obj
                0x000000001000ad70                inet_chksum
 .text.mem_init
                0x000000001000ad7c       0x40 CMakeFiles/temphProj.dir/pico-sdk/lib/lwip/src/core/mem.c.obj
                0x000000001000ad7c                mem_init
 .text.mem_free
                0x000000001000adbc       0xe8 CMakeFiles/temphProj.dir/pico-sdk/lib/lwip/src/core/mem.c.obj
                0x000000001000adbc                mem_free
 .text.mem_trim
                0x000000001000aea4       0xf4 CMakeFiles/temphProj.dir/pico-sdk/lib/lwip/src/core/mem.c.obj
                0x000000001000aea4                mem_trim
 .text.mem_malloc
                0x000000001000af98       0xe8 CMakeFiles/temphProj.dir/pico-sdk/lib/lwip/src/core/mem.c.obj
                0x000000001000af98                mem_malloc
 .text.memp_init
                0x000000001000b080       0x6c CMakeFiles/temphProj.dir/pico-sdk/lib/lwip/src/core/memp.c.obj
                0x000000001000b080                memp_init
 .text.memp_malloc
                0x000000001000b0ec       0x34 CMakeFiles/temphProj.dir/pico-sdk/lib/lwip/src/core/memp.c.obj
                0x000000001000b0ec                memp_malloc
 .text.memp_free
                0x000000001000b120       0x28 CMakeFiles/temphProj.dir/pico-sdk/lib/lwip/src/core/memp.c.obj
                0x000000001000b120                memp_free
 .text.netif_init
                0x000000001000b148        0x4 CMakeFiles/temphProj.dir/pico-sdk/lib/lwip/src/core/netif.c.obj
                0x000000001000b148                netif_init
 .text.netif_set_addr
                0x000000001000b14c       0xf0 CMakeFiles/temphProj.dir/pico-sdk/lib/lwip/src/core/netif.c.obj
                0x000000001000b14c                netif_set_addr
 .text.netif_remove
                0x000000001000b23c       0x94 CMakeFiles/temphProj.dir/pico-sdk/lib/lwip/src/core/netif.c.obj
                0x000000001000b23c                netif_remove
 .text.netif_set_link_up
                0x000000001000b2d0       0x44 CMakeFiles/temphProj.dir/pico-sdk/lib/lwip/src/core/netif.c.obj
                0x000000001000b2d0                netif_set_link_up
 .text.netif_set_link_down
                0x000000001000b314       0x20 CMakeFiles/temphProj.dir/pico-sdk/lib/lwip/src/core/netif.c.obj
                0x000000001000b314                netif_set_link_down
 .text.netif_get_by_index
                0x000000001000b334       0x2c CMakeFiles/temphProj.dir/pico-sdk/lib/lwip/src/core/netif.c.obj
                0x000000001000b334                netif_get_by_index
 .text.pbuf_free_ooseq
                0x000000001000b360       0x34 CMakeFiles/temphProj.dir/pico-sdk/lib/lwip/src/core/pbuf.c.obj
                0x000000001000b360                pbuf_free_ooseq
 .text.pbuf_alloc
                0x000000001000b394      0x170 CMakeFiles/temphProj.dir/pico-sdk/lib/lwip/src/core/pbuf.c.obj
                0x000000001000b394                pbuf_alloc
 .text.pbuf_realloc
                0x000000001000b504       0xbc CMakeFiles/temphProj.dir/pico-sdk/lib/lwip/src/core/pbuf.c.obj
                0x000000001000b504                pbuf_realloc
 .text.pbuf_add_header
                0x000000001000b5c0       0x4c CMakeFiles/temphProj.dir/pico-sdk/lib/lwip/src/core/pbuf.c.obj
                0x000000001000b5c0                pbuf_add_header
 .text.pbuf_free
                0x000000001000b60c       0x64 CMakeFiles/temphProj.dir/pico-sdk/lib/lwip/src/core/pbuf.c.obj
                0x000000001000b60c                pbuf_free
 .text.pbuf_clen
                0x000000001000b670       0x14 CMakeFiles/temphProj.dir/pico-sdk/lib/lwip/src/core/pbuf.c.obj
                0x000000001000b670                pbuf_clen
 .text.pbuf_chain
                0x000000001000b684       0x44 CMakeFiles/temphProj.dir/pico-sdk/lib/lwip/src/core/pbuf.c.obj
                0x000000001000b684                pbuf_chain
 .text.pbuf_copy_partial_pbuf
                0x000000001000b6c8      0x11c CMakeFiles/temphProj.dir/pico-sdk/lib/lwip/src/core/pbuf.c.obj
                0x000000001000b6c8                pbuf_copy_partial_pbuf
 .text.pbuf_copy_partial
                0x000000001000b7e4       0x70 CMakeFiles/temphProj.dir/pico-sdk/lib/lwip/src/core/pbuf.c.obj
                0x000000001000b7e4                pbuf_copy_partial
 .text.pbuf_take
                0x000000001000b854       0x54 CMakeFiles/temphProj.dir/pico-sdk/lib/lwip/src/core/pbuf.c.obj
                0x000000001000b854                pbuf_take
 .text.pbuf_take_at
                0x000000001000b8a8       0x9c CMakeFiles/temphProj.dir/pico-sdk/lib/lwip/src/core/pbuf.c.obj
                0x000000001000b8a8                pbuf_take_at
 .text.pbuf_put_at
                0x000000001000b944       0x1c CMakeFiles/temphProj.dir/pico-sdk/lib/lwip/src/core/pbuf.c.obj
                0x000000001000b944                pbuf_put_at
 .text.raw_netif_ip_addr_changed
                0x000000001000b960       0x40 CMakeFiles/temphProj.dir/pico-sdk/lib/lwip/src/core/raw.c.obj
                0x000000001000b960                raw_netif_ip_addr_changed
 .text.stats_init
                0x000000001000b9a0        0x4 CMakeFiles/temphProj.dir/pico-sdk/lib/lwip/src/core/stats.c.obj
                0x000000001000b9a0                stats_init
 .text.tcp_close_shutdown_fin
                0x000000001000b9a4       0x4c CMakeFiles/temphProj.dir/pico-sdk/lib/lwip/src/core/tcp.c.obj
 .text.tcp_pcb_purge.part.0
                0x000000001000b9f0       0xc4 CMakeFiles/temphProj.dir/pico-sdk/lib/lwip/src/core/tcp.c.obj
 .text.tcp_init
                0x000000001000bab4       0x20 CMakeFiles/temphProj.dir/pico-sdk/lib/lwip/src/core/tcp.c.obj
                0x000000001000bab4                tcp_init
 .text.tcp_slowtmr
                0x000000001000bad4      0x434 CMakeFiles/temphProj.dir/pico-sdk/lib/lwip/src/core/tcp.c.obj
                0x000000001000bad4                tcp_slowtmr
 .text.tcp_seg_free
                0x000000001000bf08       0x1c CMakeFiles/temphProj.dir/pico-sdk/lib/lwip/src/core/tcp.c.obj
                0x000000001000bf08                tcp_seg_free
 .text.tcp_pcb_remove
                0x000000001000bf24       0x78 CMakeFiles/temphProj.dir/pico-sdk/lib/lwip/src/core/tcp.c.obj
                0x000000001000bf24                tcp_pcb_remove
 .text.tcp_abandon
                0x000000001000bf9c      0x184 CMakeFiles/temphProj.dir/pico-sdk/lib/lwip/src/core/tcp.c.obj
                0x000000001000bf9c                tcp_abandon
 .text.tcp_process_refused_data
                0x000000001000c120       0xe8 CMakeFiles/temphProj.dir/pico-sdk/lib/lwip/src/core/tcp.c.obj
                0x000000001000c120                tcp_process_refused_data
 .text.tcp_fasttmr
                0x000000001000c208       0x98 CMakeFiles/temphProj.dir/pico-sdk/lib/lwip/src/core/tcp.c.obj
                0x000000001000c208                tcp_fasttmr
 .text.tcp_tmr  0x000000001000c2a0       0x20 CMakeFiles/temphProj.dir/pico-sdk/lib/lwip/src/core/tcp.c.obj
                0x000000001000c2a0                tcp_tmr
 .text.tcp_eff_send_mss_netif
                0x000000001000c2c0       0x28 CMakeFiles/temphProj.dir/pico-sdk/lib/lwip/src/core/tcp.c.obj
                0x000000001000c2c0                tcp_eff_send_mss_netif
 .text.tcp_netif_ip_addr_changed
                0x000000001000c2e8       0x9c CMakeFiles/temphProj.dir/pico-sdk/lib/lwip/src/core/tcp.c.obj
                0x000000001000c2e8                tcp_netif_ip_addr_changed
 .text.tcp_free_ooseq
                0x000000001000c384       0x40 CMakeFiles/temphProj.dir/pico-sdk/lib/lwip/src/core/tcp.c.obj
                0x000000001000c384                tcp_free_ooseq
 .text.tcp_create_segment
                0x000000001000c3c4       0xd0 CMakeFiles/temphProj.dir/pico-sdk/lib/lwip/src/core/tcp_out.c.obj
 .text.tcp_output_control_segment
                0x000000001000c494       0xb4 CMakeFiles/temphProj.dir/pico-sdk/lib/lwip/src/core/tcp_out.c.obj
 .text.tcp_split_unsent_seg
                0x000000001000c548      0x19c CMakeFiles/temphProj.dir/pico-sdk/lib/lwip/src/core/tcp_out.c.obj
                0x000000001000c548                tcp_split_unsent_seg
 .text.tcp_send_fin
                0x000000001000c6e4       0xe0 CMakeFiles/temphProj.dir/pico-sdk/lib/lwip/src/core/tcp_out.c.obj
                0x000000001000c6e4                tcp_send_fin
 .text.tcp_rexmit_rto_prepare
                0x000000001000c7c4       0x8c CMakeFiles/temphProj.dir/pico-sdk/lib/lwip/src/core/tcp_out.c.obj
                0x000000001000c7c4                tcp_rexmit_rto_prepare
 .text.tcp_rst  0x000000001000c850       0xbc CMakeFiles/temphProj.dir/pico-sdk/lib/lwip/src/core/tcp_out.c.obj
                0x000000001000c850                tcp_rst
 .text.tcp_send_empty_ack
                0x000000001000c90c       0xdc CMakeFiles/temphProj.dir/pico-sdk/lib/lwip/src/core/tcp_out.c.obj
                0x000000001000c90c                tcp_send_empty_ack
 .text.tcp_output
                0x000000001000c9e8      0x410 CMakeFiles/temphProj.dir/pico-sdk/lib/lwip/src/core/tcp_out.c.obj
                0x000000001000c9e8                tcp_output
 .text.tcp_rexmit_rto_commit
                0x000000001000cdf8       0x14 CMakeFiles/temphProj.dir/pico-sdk/lib/lwip/src/core/tcp_out.c.obj
                0x000000001000cdf8                tcp_rexmit_rto_commit
 .text.tcp_keepalive
                0x000000001000ce0c       0xc4 CMakeFiles/temphProj.dir/pico-sdk/lib/lwip/src/core/tcp_out.c.obj
                0x000000001000ce0c                tcp_keepalive
 .text.tcp_zero_window_probe
                0x000000001000ced0      0x18c CMakeFiles/temphProj.dir/pico-sdk/lib/lwip/src/core/tcp_out.c.obj
                0x000000001000ced0                tcp_zero_window_probe
 .text.lwip_cyclic_timer
                0x000000001000d05c       0x90 CMakeFiles/temphProj.dir/pico-sdk/lib/lwip/src/core/timeouts.c.obj
 .text.sys_timeouts_init
                0x000000001000d0ec       0x78 CMakeFiles/temphProj.dir/pico-sdk/lib/lwip/src/core/timeouts.c.obj
                0x000000001000d0ec                sys_timeouts_init
 .text.sys_check_timeouts
                0x000000001000d164       0x68 CMakeFiles/temphProj.dir/pico-sdk/lib/lwip/src/core/timeouts.c.obj
                0x000000001000d164                sys_check_timeouts
 .text.udp_init
                0x000000001000d1cc       0x20 CMakeFiles/temphProj.dir/pico-sdk/lib/lwip/src/core/udp.c.obj
                0x000000001000d1cc                udp_init
 .text.udp_bind
                0x000000001000d1ec      0x10c CMakeFiles/temphProj.dir/pico-sdk/lib/lwip/src/core/udp.c.obj
                0x000000001000d1ec                udp_bind
 .text.udp_sendto_if_src
                0x000000001000d2f8      0x120 CMakeFiles/temphProj.dir/pico-sdk/lib/lwip/src/core/udp.c.obj
                0x000000001000d2f8                udp_sendto_if_src
 .text.udp_sendto_if
                0x000000001000d418       0x48 CMakeFiles/temphProj.dir/pico-sdk/lib/lwip/src/core/udp.c.obj
                0x000000001000d418                udp_sendto_if
 .text.udp_sendto
                0x000000001000d460       0x7c CMakeFiles/temphProj.dir/pico-sdk/lib/lwip/src/core/udp.c.obj
                0x000000001000d460                udp_sendto
 .text.udp_connect
                0x000000001000d4dc       0x64 CMakeFiles/temphProj.dir/pico-sdk/lib/lwip/src/core/udp.c.obj
                0x000000001000d4dc                udp_connect
 .text.udp_recv
                0x000000001000d540        0xc CMakeFiles/temphProj.dir/pico-sdk/lib/lwip/src/core/udp.c.obj
                0x000000001000d540                udp_recv
 .text.udp_remove
                0x000000001000d54c       0x3c CMakeFiles/temphProj.dir/pico-sdk/lib/lwip/src/core/udp.c.obj
                0x000000001000d54c                udp_remove
 .text.udp_new  0x000000001000d588       0x1c CMakeFiles/temphProj.dir/pico-sdk/lib/lwip/src/core/udp.c.obj
                0x000000001000d588                udp_new
 .text.udp_netif_ip_addr_changed
                0x000000001000d5a4       0x40 CMakeFiles/temphProj.dir/pico-sdk/lib/lwip/src/core/udp.c.obj
                0x000000001000d5a4                udp_netif_ip_addr_changed
 .text.pico_lwip_rand
                0x000000001000d5e4       0x60 CMakeFiles/temphProj.dir/pico-sdk/src/rp2_common/pico_lwip/random.c.obj
                0x000000001000d5e4                pico_lwip_rand
 .text.dhcp_create_msg
                0x000000001000d644      0x158 CMakeFiles/temphProj.dir/pico-sdk/lib/lwip/src/core/ipv4/dhcp.c.obj
 .text.dhcp_bind
                0x000000001000d79c      0x140 CMakeFiles/temphProj.dir/pico-sdk/lib/lwip/src/core/ipv4/dhcp.c.obj
 .text.dhcp_handle_ack.isra.0
                0x000000001000d8dc       0xcc CMakeFiles/temphProj.dir/pico-sdk/lib/lwip/src/core/ipv4/dhcp.c.obj
 .text.dhcp_discover
                0x000000001000d9a8      0x118 CMakeFiles/temphProj.dir/pico-sdk/lib/lwip/src/core/ipv4/dhcp.c.obj
 .text.dhcp_reboot.isra.0
                0x000000001000dac0      0x1e4 CMakeFiles/temphProj.dir/pico-sdk/lib/lwip/src/core/ipv4/dhcp.c.obj
 .text.dhcp_select.isra.0
                0x000000001000dca4      0x244 CMakeFiles/temphProj.dir/pico-sdk/lib/lwip/src/core/ipv4/dhcp.c.obj
 .text.dhcp_recv
                0x000000001000dee8      0x498 CMakeFiles/temphProj.dir/pico-sdk/lib/lwip/src/core/ipv4/dhcp.c.obj
 .text.dhcp_network_changed_link_up
                0x000000001000e380       0x30 CMakeFiles/temphProj.dir/pico-sdk/lib/lwip/src/core/ipv4/dhcp.c.obj
                0x000000001000e380                dhcp_network_changed_link_up
 .text.dhcp_renew
                0x000000001000e3b0      0x1a0 CMakeFiles/temphProj.dir/pico-sdk/lib/lwip/src/core/ipv4/dhcp.c.obj
                0x000000001000e3b0                dhcp_renew
 .text.dhcp_release_and_stop
                0x000000001000e550      0x140 CMakeFiles/temphProj.dir/pico-sdk/lib/lwip/src/core/ipv4/dhcp.c.obj
                0x000000001000e550                dhcp_release_and_stop
 .text.dhcp_start
                0x000000001000e690      0x114 CMakeFiles/temphProj.dir/pico-sdk/lib/lwip/src/core/ipv4/dhcp.c.obj
                0x000000001000e690                dhcp_start
 .text.dhcp_coarse_tmr
                0x000000001000e7a4      0x244 CMakeFiles/temphProj.dir/pico-sdk/lib/lwip/src/core/ipv4/dhcp.c.obj
                0x000000001000e7a4                dhcp_coarse_tmr
 .text.dhcp_fine_tmr
                0x000000001000e9e8       0x78 CMakeFiles/temphProj.dir/pico-sdk/lib/lwip/src/core/ipv4/dhcp.c.obj
                0x000000001000e9e8                dhcp_fine_tmr
 .text.dhcp_stop
                0x000000001000ea60      0x140 CMakeFiles/temphProj.dir/pico-sdk/lib/lwip/src/core/ipv4/dhcp.c.obj
                0x000000001000ea60                dhcp_stop
 .text.etharp_raw
                0x000000001000eba0       0xc0 CMakeFiles/temphProj.dir/pico-sdk/lib/lwip/src/core/ipv4/etharp.c.obj
 .text.etharp_tmr
                0x000000001000ec60       0x94 CMakeFiles/temphProj.dir/pico-sdk/lib/lwip/src/core/ipv4/etharp.c.obj
                0x000000001000ec60                etharp_tmr
 .text.etharp_cleanup_netif
                0x000000001000ecf4      0x188 CMakeFiles/temphProj.dir/pico-sdk/lib/lwip/src/core/ipv4/etharp.c.obj
                0x000000001000ecf4                etharp_cleanup_netif
 .text.etharp_request
                0x000000001000ee7c       0xc4 CMakeFiles/temphProj.dir/pico-sdk/lib/lwip/src/core/ipv4/etharp.c.obj
                0x000000001000ee7c                etharp_request
 .text.icmp_time_exceeded
                0x000000001000ef40       0xbc CMakeFiles/temphProj.dir/pico-sdk/lib/lwip/src/core/ipv4/icmp.c.obj
                0x000000001000ef40                icmp_time_exceeded
 .text.ip_reass_free_complete_datagram
                0x000000001000effc       0xb8 CMakeFiles/temphProj.dir/pico-sdk/lib/lwip/src/core/ipv4/ip4_frag.c.obj
 .text.ip_reass_tmr
                0x000000001000f0b4       0x38 CMakeFiles/temphProj.dir/pico-sdk/lib/lwip/src/core/ipv4/ip4_frag.c.obj
                0x000000001000f0b4                ip_reass_tmr
 .text.ip4_frag
                0x000000001000f0ec      0x160 CMakeFiles/temphProj.dir/pico-sdk/lib/lwip/src/core/ipv4/ip4_frag.c.obj
                0x000000001000f0ec                ip4_frag
 .text.ip4_route
                0x000000001000f24c       0x7c CMakeFiles/temphProj.dir/pico-sdk/lib/lwip/src/core/ipv4/ip4.c.obj
                0x000000001000f24c                ip4_route
 .text.ip4_output_if
                0x000000001000f2c8      0x168 CMakeFiles/temphProj.dir/pico-sdk/lib/lwip/src/core/ipv4/ip4.c.obj
                0x000000001000f2c8                ip4_output_if
 .text.ip4_output_if_src
                0x000000001000f430      0x154 CMakeFiles/temphProj.dir/pico-sdk/lib/lwip/src/core/ipv4/ip4.c.obj
                0x000000001000f430                ip4_output_if_src
 .text.ethernet_output
                0x000000001000f584       0x58 CMakeFiles/temphProj.dir/pico-sdk/lib/lwip/src/netif/ethernet.c.obj
                0x000000001000f584                ethernet_output
 .text.sys_arch_protect
                0x000000001000f5dc        0x4 CMakeFiles/temphProj.dir/pico-sdk/src/rp2_common/pico_lwip/nosys.c.obj
                0x000000001000f5dc                sys_arch_protect
 .text.sys_arch_unprotect
                0x000000001000f5e0        0x4 CMakeFiles/temphProj.dir/pico-sdk/src/rp2_common/pico_lwip/nosys.c.obj
                0x000000001000f5e0                sys_arch_unprotect
 .text.sys_now  0x000000001000f5e4       0x20 CMakeFiles/temphProj.dir/pico-sdk/src/rp2_common/pico_lwip/nosys.c.obj
                0x000000001000f5e4                sys_now
 .text          0x000000001000f604       0x5c /usr/lib/gcc/arm-none-eabi/10.3.1/../../../arm-none-eabi/lib/thumb/v6-m/nofp/libc.a(lib_a-strlen-stub.o)
                0x000000001000f604                strlen
 .text          0x000000001000f660       0x74 /usr/lib/gcc/arm-none-eabi/10.3.1/../../../arm-none-eabi/lib/thumb/v6-m/nofp/libc.a(lib_a-strncmp.o)
                0x000000001000f660                strncmp
 *(.fini)
 .fini          0x000000001000f6d4        0x4 /usr/lib/gcc/arm-none-eabi/10.3.1/thumb/v6-m/nofp/crti.o
                0x000000001000f6d4                _fini
 .fini.__stub   0x000000001000f6d8       0xd0 linker stubs
 *crtbegin.o(.ctors)
 *crtbegin?.o(.ctors)
 *(EXCLUDE_FILE(*crtend.o *crtend?.o) .ctors)
 *(SORT_BY_NAME(.ctors.*))
 *(.ctors)
 *crtbegin.o(.dtors)
 *crtbegin?.o(.dtors)
 *(EXCLUDE_FILE(*crtend.o *crtend?.o) .dtors)
 *(SORT_BY_NAME(.dtors.*))
 *(.dtors)
 *(.eh_frame*)
 .eh_frame      0x000000001000f7a8        0x0 /usr/lib/gcc/arm-none-eabi/10.3.1/thumb/v6-m/nofp/crtbegin.o
                0x000000001000f7a8                . = ALIGN (0x4)

.glue_7         0x000000001000f7a8        0x0
 .glue_7        0x000000001000f7a8        0x0 linker stubs

.glue_7t        0x000000001000f7a8        0x0
 .glue_7t       0x000000001000f7a8        0x0 linker stubs

.vfp11_veneer   0x000000001000f7a8        0x0
 .vfp11_veneer  0x000000001000f7a8        0x0 linker stubs

.v4_bx          0x000000001000f7a8        0x0
 .v4_bx         0x000000001000f7a8        0x0 linker stubs

.iplt           0x000000001000f7a8        0x0
 .iplt          0x000000001000f7a8        0x0 /usr/lib/gcc/arm-none-eabi/10.3.1/thumb/v6-m/nofp/crtbegin.o

.rodata         0x000000001000f7a8     0x108c
 *(EXCLUDE_FILE(*libm.a: *libc.a:*lib_a-mem*.o *libgcc.a:) .rodata*)
 .rodata.main.str1.4
                0x000000001000f7a8       0x3a CMakeFiles/temphProj.dir/temphProj.c.obj
 *fill*         0x000000001000f7e2        0x2 
 .rodata.spin_lock_claim_unused.str1.4
                0x000000001000f7e4       0x1b CMakeFiles/temphProj.dir/pico-sdk/src/rp2_common/hardware_sync/sync.c.obj
 *fill*         0x000000001000f7ff        0x1 
 .rodata.user_irq_claim_unused.str1.4
                0x000000001000f800       0x1b CMakeFiles/temphProj.dir/pico-sdk/src/rp2_common/hardware_irq/irq.c.obj
 *fill*         0x000000001000f81b        0x1 
 .rodata.hardware_alarm_claim.str1.4
                0x000000001000f81c       0x22 CMakeFiles/temphProj.dir/pico-sdk/src/rp2_common/hardware_timer/timer.c.obj
 *fill*         0x000000001000f83e        0x2 
 .rodata.panic.str1.4
                0x000000001000f840       0x10 CMakeFiles/temphProj.dir/pico-sdk/src/rp2_common/pico_runtime/runtime.c.obj
                                         0x12 (size before relaxing)
 .rodata.hard_assertion_failure.str1.4
                0x000000001000f850        0xc CMakeFiles/temphProj.dir/pico-sdk/src/rp2_common/pico_runtime/runtime.c.obj
 .rodata._ftoa.str1.4
                0x000000001000f85c       0x15 CMakeFiles/temphProj.dir/pico-sdk/src/rp2_common/pico_printf/printf.c.obj
 *fill*         0x000000001000f871        0x3 
 .rodata._vsnprintf
                0x000000001000f874      0x1e0 CMakeFiles/temphProj.dir/pico-sdk/src/rp2_common/pico_printf/printf.c.obj
 *fill*         0x000000001000fa54        0x4 
 .rodata.pow10.0
                0x000000001000fa58       0x50 CMakeFiles/temphProj.dir/pico-sdk/src/rp2_common/pico_printf/printf.c.obj
 .rodata.missing_double_func_shim.str1.4
                0x000000001000faa8       0x18 CMakeFiles/temphProj.dir/pico-sdk/src/rp2_common/pico_double/double_init_rom.c.obj
 .rodata.missing_float_func_shim.str1.4
                0x000000001000fac0       0x18 CMakeFiles/temphProj.dir/pico-sdk/src/rp2_common/pico_float/float_init_rom.c.obj
                                          0x1 (size before relaxing)
 .rodata.str1.4
                0x000000001000fac0       0x40 CMakeFiles/temphProj.dir/pico-sdk/src/rp2_common/pico_standard_link/binary_info.c.obj
 .rodata.__bi_44
                0x000000001000fb00        0xc CMakeFiles/temphProj.dir/pico-sdk/src/rp2_common/pico_standard_link/binary_info.c.obj
 .rodata.__bi_75
                0x000000001000fb0c        0xc CMakeFiles/temphProj.dir/pico-sdk/src/rp2_common/pico_standard_link/binary_info.c.obj
 .rodata.__bi_81
                0x000000001000fb18        0xc CMakeFiles/temphProj.dir/pico-sdk/src/rp2_common/pico_standard_link/binary_info.c.obj
 .rodata.crlf_str.0
                0x000000001000fb24        0x2 CMakeFiles/temphProj.dir/pico-sdk/src/rp2_common/pico_stdio/stdio.c.obj
 *fill*         0x000000001000fb26        0x2 
 .rodata._resetd_driver
                0x000000001000fb28       0x18 CMakeFiles/temphProj.dir/pico-sdk/src/rp2_common/pico_stdio_usb/reset_interface.c.obj
 .rodata.str1.4
                0x000000001000fb40       0x13 CMakeFiles/temphProj.dir/pico-sdk/src/rp2_common/pico_stdio_usb/stdio_usb.c.obj
 *fill*         0x000000001000fb53        0x1 
 .rodata.__bi_118.0
                0x000000001000fb54        0xc CMakeFiles/temphProj.dir/pico-sdk/src/rp2_common/pico_stdio_usb/stdio_usb.c.obj
 .rodata.str1.4
                0x000000001000fb60       0x2a CMakeFiles/temphProj.dir/pico-sdk/src/rp2_common/pico_stdio_usb/stdio_usb_descriptors.c.obj
 *fill*         0x000000001000fb8a        0x2 
 .rodata.usbd_desc_cfg
                0x000000001000fb8c       0x54 CMakeFiles/temphProj.dir/pico-sdk/src/rp2_common/pico_stdio_usb/stdio_usb_descriptors.c.obj
 .rodata.usbd_desc_device
                0x000000001000fbe0       0x12 CMakeFiles/temphProj.dir/pico-sdk/src/rp2_common/pico_stdio_usb/stdio_usb_descriptors.c.obj
 *fill*         0x000000001000fbf2        0x2 
 .rodata.usbd_desc_str
                0x000000001000fbf4       0x18 CMakeFiles/temphProj.dir/pico-sdk/src/rp2_common/pico_stdio_usb/stdio_usb_descriptors.c.obj
 .rodata.dcd_rp2040_irq.str1.4
                0x000000001000fc0c       0x14 CMakeFiles/temphProj.dir/pico-sdk/lib/tinyusb/src/portable/raspberrypi/rp2040/dcd_rp2040.c.obj
 .rodata._hw_endpoint_buffer_control_update32.part.0.isra.0.str1.4
                0x000000001000fc20       0x1f CMakeFiles/temphProj.dir/pico-sdk/lib/tinyusb/src/portable/raspberrypi/rp2040/rp2040_usb.c.obj
 *fill*         0x000000001000fc3f        0x1 
 .rodata.hw_endpoint_xfer_continue.str1.4
                0x000000001000fc40       0x29 CMakeFiles/temphProj.dir/pico-sdk/lib/tinyusb/src/portable/raspberrypi/rp2040/rp2040_usb.c.obj
 *fill*         0x000000001000fc69        0x3 
 .rodata.str1.4
                0x000000001000fc6c        0x3 CMakeFiles/temphProj.dir/pico-sdk/lib/tinyusb/src/portable/raspberrypi/rp2040/rp2040_usb.c.obj
                                          0x7 (size before relaxing)
 *fill*         0x000000001000fc6f        0x1 
 .rodata.tud_task
                0x000000001000fc70       0x8c CMakeFiles/temphProj.dir/pico-sdk/lib/tinyusb/src/device/usbd.c.obj
 .rodata._usbd_driver
                0x000000001000fcfc       0x18 CMakeFiles/temphProj.dir/pico-sdk/lib/tinyusb/src/device/usbd.c.obj
 .rodata.cyw43_read_bytes.str1.4
                0x000000001000fd14       0x1a CMakeFiles/temphProj.dir/pico-sdk/src/rp2_common/cyw43_driver/cyw43_bus_pio_spi.c.obj
 .rodata.cyw43_write_bytes.str1.4
                0x000000001000fd2e       0x1a CMakeFiles/temphProj.dir/pico-sdk/src/rp2_common/cyw43_driver/cyw43_bus_pio_spi.c.obj
                                          0xd (size before relaxing)
 *fill*         0x000000001000fd2e        0x2 
 .rodata.spi_gap01_sample0_program
                0x000000001000fd30        0x6 CMakeFiles/temphProj.dir/pico-sdk/src/rp2_common/cyw43_driver/cyw43_bus_pio_spi.c.obj
 *fill*         0x000000001000fd36        0x2 
 .rodata.spi_gap01_sample0_program_instructions
                0x000000001000fd38        0xc CMakeFiles/temphProj.dir/pico-sdk/src/rp2_common/cyw43_driver/cyw43_bus_pio_spi.c.obj
 .rodata.cyw43_kso_set.str1.4
                0x000000001000fd44       0x23 CMakeFiles/temphProj.dir/pico-sdk/lib/cyw43-driver/src/cyw43_ll.c.obj
 *fill*         0x000000001000fd67        0x1 
 .rodata.cyw43_ll_sdpcm_poll_device.str1.4
                0x000000001000fd68       0x55 CMakeFiles/temphProj.dir/pico-sdk/lib/cyw43-driver/src/cyw43_ll.c.obj
 *fill*         0x000000001000fdbd        0x3 
 .rodata.cyw43_sdpcm_send_common.str1.4
                0x000000001000fdc0       0x22 CMakeFiles/temphProj.dir/pico-sdk/lib/cyw43-driver/src/cyw43_ll.c.obj
 *fill*         0x000000001000fde2        0x2 
 .rodata.cyw43_do_ioctl.str1.4
                0x000000001000fde4       0x55 CMakeFiles/temphProj.dir/pico-sdk/lib/cyw43-driver/src/cyw43_ll.c.obj
 *fill*         0x000000001000fe39        0x3 
 .rodata.reset_device_core.constprop.0.str1.4
                0x000000001000fe3c       0x1a CMakeFiles/temphProj.dir/pico-sdk/lib/cyw43-driver/src/cyw43_ll.c.obj
 *fill*         0x000000001000fe56        0x2 
 .rodata.cyw43_ll_process_packets.str1.4
                0x000000001000fe58       0x22 CMakeFiles/temphProj.dir/pico-sdk/lib/cyw43-driver/src/cyw43_ll.c.obj
 *fill*         0x000000001000fe7a        0x2 
 .rodata.cyw43_ll_bus_init.str1.4
                0x000000001000fe7c       0xfe CMakeFiles/temphProj.dir/pico-sdk/lib/cyw43-driver/src/cyw43_ll.c.obj
 *fill*         0x000000001000ff7a        0x2 
 .rodata.cyw43_ll_gpio_set.str1.4
                0x000000001000ff7c        0x8 CMakeFiles/temphProj.dir/pico-sdk/lib/cyw43-driver/src/cyw43_ll.c.obj
 .rodata        0x000000001000ff84       0x72 CMakeFiles/temphProj.dir/pico-sdk/lib/cyw43-driver/src/cyw43_ll.c.obj
 *fill*         0x000000001000fff6        0x2 
 .rodata.wifi_nvram_4343
                0x000000001000fff8      0x2e7 CMakeFiles/temphProj.dir/pico-sdk/lib/cyw43-driver/src/cyw43_ll.c.obj
 *fill*         0x00000000100102df        0x1 
 .rodata.cyw43_cb_process_async_event.str1.4
                0x00000000100102e0       0x28 CMakeFiles/temphProj.dir/pico-sdk/lib/cyw43-driver/src/cyw43_ctrl.c.obj
 .rodata.str1.4
                0x0000000010010308       0x9e CMakeFiles/temphProj.dir/pico-sdk/lib/cyw43-driver/src/cyw43_ctrl.c.obj
 *fill*         0x00000000100103a6        0x2 
 .rodata.cyw43_async_event_name_table
                0x00000000100103a8      0x164 CMakeFiles/temphProj.dir/pico-sdk/lib/cyw43-driver/src/cyw43_ctrl.c.obj
 .rodata.pio_claim_unused_sm.str1.4
                0x000000001001050c       0x24 CMakeFiles/temphProj.dir/pico-sdk/src/rp2_common/hardware_pio/pio.c.obj
 .rodata.pio_add_program.str1.4
                0x0000000010010530       0x11 CMakeFiles/temphProj.dir/pico-sdk/src/rp2_common/hardware_pio/pio.c.obj
 *fill*         0x0000000010010541        0x3 
 .rodata.dma_claim_unused_channel.str1.4
                0x0000000010010544       0x1e CMakeFiles/temphProj.dir/pico-sdk/src/rp2_common/hardware_dma/dma.c.obj
 *fill*         0x0000000010010562        0x2 
 .rodata.memp_PBUF
                0x0000000010010564        0xc CMakeFiles/temphProj.dir/pico-sdk/lib/lwip/src/core/memp.c.obj
                0x0000000010010564                memp_PBUF
 .rodata.memp_PBUF_POOL
                0x0000000010010570        0xc CMakeFiles/temphProj.dir/pico-sdk/lib/lwip/src/core/memp.c.obj
                0x0000000010010570                memp_PBUF_POOL
 .rodata.memp_RAW_PCB
                0x000000001001057c        0xc CMakeFiles/temphProj.dir/pico-sdk/lib/lwip/src/core/memp.c.obj
                0x000000001001057c                memp_RAW_PCB
 .rodata.memp_REASSDATA
                0x0000000010010588        0xc CMakeFiles/temphProj.dir/pico-sdk/lib/lwip/src/core/memp.c.obj
                0x0000000010010588                memp_REASSDATA
 .rodata.memp_SYS_TIMEOUT
                0x0000000010010594        0xc CMakeFiles/temphProj.dir/pico-sdk/lib/lwip/src/core/memp.c.obj
                0x0000000010010594                memp_SYS_TIMEOUT
 .rodata.memp_TCP_PCB
                0x00000000100105a0        0xc CMakeFiles/temphProj.dir/pico-sdk/lib/lwip/src/core/memp.c.obj
                0x00000000100105a0                memp_TCP_PCB
 .rodata.memp_TCP_PCB_LISTEN
                0x00000000100105ac        0xc CMakeFiles/temphProj.dir/pico-sdk/lib/lwip/src/core/memp.c.obj
                0x00000000100105ac                memp_TCP_PCB_LISTEN
 .rodata.memp_TCP_SEG
                0x00000000100105b8        0xc CMakeFiles/temphProj.dir/pico-sdk/lib/lwip/src/core/memp.c.obj
                0x00000000100105b8                memp_TCP_SEG
 .rodata.memp_UDP_PCB
                0x00000000100105c4        0xc CMakeFiles/temphProj.dir/pico-sdk/lib/lwip/src/core/memp.c.obj
                0x00000000100105c4                memp_UDP_PCB
 .rodata.memp_pools